<html>
<body>
<pre>
<h1>礦ision Build Log</h1>
<h2>Project:</h2>
C:\Documents and Settings\Administrator\Desktop\最简模版0629\main.uvproj
Project File Date:  06/29/2014

<h2>Output:</h2>
Build target 'Target 1'
compiling core_cm3.c...
compiling system_stm32f10x.c...
assembling startup_stm32f10x_hd.s...
compiling main.c...
compiling stm32f10x_it.c...
compiling gpio.c...
compiling usart.c...
compiling delay.c...
linking...
Program Size: Code=6844 RO-data=336 RW-data=44 ZI-data=572  
".\out\main.axf" - 0 Error(s), 0 Warning(s).
Build target 'Target 1'
linking...
Program Size: Code=6844 RO-data=336 RW-data=44 ZI-data=572  
FromELF: creating hex file...
".\out\main.axf" - 0 Error(s), 0 Warning(s).
Load "C:\\Documents and Settings\\Administrator\\Desktop\\最简模版0629\\out\\main.AXF" 
