Component: ARM Compiler 5.05 (build 41) Tool: armlink [4d0eb9]

==============================================================================

Section Cross References

    main.o(.text) refers to delay.o(.text) for delay_init
    main.o(.text) refers to sys.o(.text) for NVIC_Configuration
    main.o(.text) refers to usart.o(.text) for uart_init
    main.o(.text) refers to led.o(.text) for LED_Init
    main.o(.text) refers to lcd.o(.text) for LCD_Init
    main.o(.text) refers to key.o(.text) for KEY_Init
    main.o(.text) refers to malloc.o(.text) for mem_init
    main.o(.text) refers to exfuns.o(.text) for exfuns_init
    main.o(.text) refers to ff.o(.text) for f_mount
    main.o(.text) refers to mmc_sd.o(.text) for SD_Initialize
    main.o(.text) refers to fontupd.o(.text) for update_font
    main.o(.text) refers to text.o(.text) for Show_Str
    main.o(.text) refers to usmart_config.o(.data) for usmart_dev
    main.o(.text) refers to exfuns.o(.data) for fs
    main.o(.text) refers to lcd.o(.data) for POINT_COLOR
    system_stm32f10x.o(.text) refers to system_stm32f10x.o(.data) for SystemCoreClock
    led.o(.text) refers to stm32f10x_rcc.o(.text) for RCC_APB2PeriphClockCmd
    led.o(.text) refers to stm32f10x_gpio.o(.text) for GPIO_Init
    key.o(.text) refers to stm32f10x_rcc.o(.text) for RCC_APB2PeriphClockCmd
    key.o(.text) refers to stm32f10x_gpio.o(.text) for GPIO_Init
    key.o(.text) refers to delay.o(.text) for delay_ms
    key.o(.text) refers to key.o(.data) for key_up
    lcd.o(.text) refers to _printf_percent.o(.ARM.Collect$$_printf_percent$$00000000) for _printf_percent
    lcd.o(.text) refers to _printf_x.o(.ARM.Collect$$_printf_percent$$0000000C) for _printf_x
    lcd.o(.text) refers to _printf_hex_int.o(.text) for _printf_longlong_hex
    lcd.o(.text) refers to delay.o(.text) for delay_us
    lcd.o(.text) refers to lcd.o(.bss) for lcddev
    lcd.o(.text) refers to stm32f10x_rcc.o(.text) for RCC_AHBPeriphClockCmd
    lcd.o(.text) refers to stm32f10x_gpio.o(.text) for GPIO_Init
    lcd.o(.text) refers to stm32f10x_fsmc.o(.text) for FSMC_NORSRAMInit
    lcd.o(.text) refers to noretval__2printf.o(.text) for __2printf
    lcd.o(.text) refers to lcd.o(.data) for POINT_COLOR
    lcd.o(.text) refers to lcd.o(.constdata) for asc2_1206
    spi.o(.text) refers to stm32f10x_spi.o(.text) for SPI_I2S_GetFlagStatus
    spi.o(.text) refers to stm32f10x_rcc.o(.text) for RCC_APB2PeriphClockCmd
    spi.o(.text) refers to stm32f10x_gpio.o(.text) for GPIO_Init
    flash.o(.text) refers to spi.o(.text) for SPI2_ReadWriteByte
    flash.o(.text) refers to stm32f10x_rcc.o(.text) for RCC_APB2PeriphClockCmd
    flash.o(.text) refers to stm32f10x_gpio.o(.text) for GPIO_Init
    flash.o(.text) refers to delay.o(.text) for delay_us
    flash.o(.text) refers to flash.o(.data) for SPI_FLASH_TYPE
    flash.o(.text) refers to flash.o(.bss) for SPI_FLASH_BUF
    sram.o(.text) refers to stm32f10x_rcc.o(.text) for RCC_APB2PeriphClockCmd
    sram.o(.text) refers to stm32f10x_gpio.o(.text) for GPIO_Init
    sram.o(.text) refers to stm32f10x_fsmc.o(.text) for FSMC_NORSRAMInit
    mmc_sd.o(.text) refers to spi.o(.text) for SPI2_ReadWriteByte
    mmc_sd.o(.text) refers to stm32f10x_rcc.o(.text) for RCC_APB2PeriphClockCmd
    mmc_sd.o(.text) refers to stm32f10x_gpio.o(.text) for GPIO_Init
    mmc_sd.o(.text) refers to mmc_sd.o(.data) for SD_Type
    delay.o(.text) refers to misc.o(.text) for SysTick_CLKSourceConfig
    delay.o(.text) refers to system_stm32f10x.o(.data) for SystemCoreClock
    delay.o(.text) refers to delay.o(.data) for fac_us
    sys.o(.text) refers to misc.o(.text) for NVIC_PriorityGroupConfig
    usart.o(.text) refers (Special) to use_no_semi_2.o(.text) for __use_no_semihosting
    usart.o(.text) refers to stm32f10x_rcc.o(.text) for RCC_APB2PeriphClockCmd
    usart.o(.text) refers to stm32f10x_usart.o(.text) for USART_DeInit
    usart.o(.text) refers to stm32f10x_gpio.o(.text) for GPIO_Init
    usart.o(.text) refers to misc.o(.text) for NVIC_Init
    usart.o(.text) refers to usart.o(.data) for USART_RX_STA
    usart.o(.text) refers to usart.o(.bss) for USART_RX_BUF
    usart.o(.bss) refers (Special) to use_no_semi_2.o(.text) for __use_no_semihosting
    usart.o(.data) refers (Special) to use_no_semi_2.o(.text) for __use_no_semihosting
    startup_stm32f10x_hd.o(STACK) refers (Special) to heapauxi.o(.text) for __use_two_region_memory
    startup_stm32f10x_hd.o(HEAP) refers (Special) to heapauxi.o(.text) for __use_two_region_memory
    startup_stm32f10x_hd.o(RESET) refers (Special) to heapauxi.o(.text) for __use_two_region_memory
    startup_stm32f10x_hd.o(RESET) refers to startup_stm32f10x_hd.o(STACK) for __initial_sp
    startup_stm32f10x_hd.o(RESET) refers to startup_stm32f10x_hd.o(.text) for Reset_Handler
    startup_stm32f10x_hd.o(RESET) refers to stm32f10x_it.o(.text) for NMI_Handler
    startup_stm32f10x_hd.o(RESET) refers to usmart.o(.text) for TIM2_IRQHandler
[...]
    x$fpl$ffixu                              0x0800ba04   Section       62  ffixu.o(x$fpl$ffixu)
    x$fpl$ffltu                              0x0800ba44   Section       38  fflt_clz.o(x$fpl$ffltu)
    x$fpl$fmul                               0x0800ba6c   Section      258  fmul.o(x$fpl$fmul)
    x$fpl$fnaninf                            0x0800bb6e   Section      140  fnaninf.o(x$fpl$fnaninf)
    x$fpl$fretinf                            0x0800bbfa   Section       10  fretinf.o(x$fpl$fretinf)
    .constdata                               0x0800bc04   Section     2660  lcd.o(.constdata)
    x$fpl$usenofp                            0x0800bc04   Section        0  usenofp.o(x$fpl$usenofp)
    .constdata                               0x0800c668   Section       24  malloc.o(.constdata)
    .constdata                               0x0800c680   Section       58  ff.o(.constdata)
    LfnOfs                                   0x0800c680   Data          13  ff.o(.constdata)
    vst                                      0x0800c68e   Data          22  ff.o(.constdata)
    cst                                      0x0800c6a4   Data          22  ff.o(.constdata)
    .constdata                               0x0800c6ba   Section      960  mycc936.o(.constdata)
    tbl_lower                                0x0800c6ba   Data         480  mycc936.o(.constdata)
    tbl_upper                                0x0800c89a   Data         480  mycc936.o(.constdata)
    .constdata                               0x0800ca7a   Section       40  _printf_hex_int.o(.constdata)
    uc_hextab                                0x0800ca7a   Data          20  _printf_hex_int.o(.constdata)
    lc_hextab                                0x0800ca8e   Data          20  _printf_hex_int.o(.constdata)
    .constdata                               0x0800caa2   Section       17  __printf_flags_ss_wp.o(.constdata)
    maptable                                 0x0800caa2   Data          17  __printf_flags_ss_wp.o(.constdata)
    .conststring                             0x0800cab4   Section      100  exfuns.o(.conststring)
    .conststring                             0x0800cb18   Section       32  usmart.o(.conststring)
    .conststring                             0x0800cb38   Section     1119  usmart_config.o(.conststring)
    .conststring                             0x0800cf98   Section      165  fontupd.o(.conststring)
    .data                                    0x20000000   Section       20  system_stm32f10x.o(.data)
    .data                                    0x20000014   Section        1  key.o(.data)
    key_up                                   0x20000014   Data           1  key.o(.data)
    .data                                    0x20000016   Section        4  lcd.o(.data)
    .data                                    0x2000001a   Section        2  flash.o(.data)
    .data                                    0x2000001c   Section        1  mmc_sd.o(.data)
    .data                                    0x2000001e   Section        4  delay.o(.data)
    fac_us                                   0x2000001e   Data           1  delay.o(.data)
    fac_ms                                   0x20000020   Data           2  delay.o(.data)
    .data                                    0x20000024   Section        6  usart.o(.data)
    .data                                    0x2000002a   Section       20  stm32f10x_rcc.o(.data)
    APBAHBPrescTable                         0x2000002a   Data          16  stm32f10x_rcc.o(.data)
    ADCPrescTable                            0x2000003a   Data           4  stm32f10x_rcc.o(.data)
    .data                                    0x20000040   Section       28  malloc.o(.data)
    .data                                    0x2000005c   Section        2  diskio.o(.data)
    .data                                    0x20000060   Section       11  ff.o(.data)
    FatFs                                    0x20000060   Data           8  ff.o(.data)
    Fsid                                     0x20000068   Data           2  ff.o(.data)
    CurrVol                                  0x2000006a   Data           1  ff.o(.data)
    .data                                    0x2000006c   Section      340  exfuns.o(.data)
    .data                                    0x200001c0   Section       24  usmart.o(.data)
    .data                                    0x200001d8   Section      516  usmart_config.o(.data)
    .data                                    0x200003dc   Section       28  fontupd.o(.data)
    .bss                                     0x200003f8   Section       10  lcd.o(.bss)
    .bss                                     0x20000402   Section     4096  flash.o(.bss)
    .bss                                     0x20001402   Section      200  usart.o(.bss)
    .bss                                     0x200014cc   Section    43520  malloc.o(.bss)
    .bss                                     0x2000becc   Section       68  exfuns.o(.bss)
    .bss                                     0x2000bf10   Section       25  fontupd.o(.bss)
    .bss                                     0x2000bf2c   Section       96  libspace.o(.bss)
    HEAP                                     0x2000bf90   Section      512  startup_stm32f10x_hd.o(HEAP)
    Heap_Mem                                 0x2000bf90   Data         512  startup_stm32f10x_hd.o(HEAP)
    STACK                                    0x2000c190   Section     1024  startup_stm32f10x_hd.o(STACK)
    Stack_Mem                                0x2000c190   Data        1024  startup_stm32f10x_hd.o(STACK)
    __initial_sp                             0x2000c590   Data           0  startup_stm32f10x_hd.o(STACK)
    .ARM.__AT_0x68000000                     0x68000000   Section    196608  malloc.o(.ARM.__AT_0x68000000)
    .ARM.__AT_0x68030000                     0x68030000   Section    12288  malloc.o(.ARM.__AT_0x68030000)

    Global Symbols

    Symbol Name                              Value     Ov Type        Size  Object(Section)

    BuildAttributes$$THM_ISAv4$P$D$K$B$S$PE$A:L22UL41UL21$X:L11$S22US41US21$IEEE1$IW$USESV6$~STKCKD$USESV7$~SHL$OSPACE$ROPI$EBA8$UX$STANDARDLIB$REQ8$PRES8$EABIv2 0x00000000   Number         0  anon$$obj.o ABSOLUTE
    __ARM_use_no_argv                        0x00000000   Number         0  main.o ABSOLUTE
    _printf_flags                            0x00000000   Number         0  printf_stubs.o ABSOLUTE
    _printf_return_value                     0x00000000   Number         0  printf_stubs.o ABSOLUTE
    _printf_sizespec                         0x00000000   Number         0  printf_stubs.o ABSOLUTE
    _printf_widthprec                        0x00000000   Number         0  printf_stubs.o ABSOLUTE
    __ARM_exceptions_init                     - Undefined Weak Reference
    __alloca_initialize                       - Undefined Weak Reference
    __arm_preinit_                            - Undefined Weak Reference
    __cpp_initialize__aeabi_                  - Undefined Weak Reference
    __cxa_finalize                            - Undefined Weak Reference
    __rt_locale                               - Undefined Weak Reference
    __sigvec_lookup                           - Undefined Weak Reference
    _atexit_init                              - Undefined Weak Reference
    _call_atexit_fns                          - Undefined Weak Reference
    _clock_init                               - Undefined Weak Reference
    _fp_trap_init                             - Undefined Weak Reference
    _fp_trap_shutdown                         - Undefined Weak Reference
    _get_lc_collate                           - Undefined Weak Reference
    _get_lc_ctype                             - Undefined Weak Reference
    _get_lc_monetary                          - Undefined Weak Reference
    _get_lc_numeric                           - Undefined Weak Reference
    _get_lc_time                              - Undefined Weak Reference
    _getenv_init                              - Undefined Weak Reference
    _handle_redirection                       - Undefined Weak Reference
    _init_alloc                               - Undefined Weak Reference
    _init_user_alloc                          - Undefined Weak Reference
    _initio                                   - Undefined Weak Reference
    _mutex_acquire                            - Undefined Weak Reference
    _mutex_release                            - Undefined Weak Reference
    _printf_mbtowc                            - Undefined Weak Reference
    _printf_truncate_signed                   - Undefined Weak Reference
    _printf_truncate_unsigned                 - Undefined Weak Reference
    _rand_init                                - Undefined Weak Reference
    _signal_finish                            - Undefined Weak Reference
    _signal_init                              - Undefined Weak Reference
    _terminate_alloc                          - Undefined Weak Reference
    _terminate_user_alloc                     - Undefined Weak Reference
    _terminateio                              - Undefined Weak Reference
    __Vectors_Size                           0x00000130   Number         0  startup_stm32f10x_hd.o ABSOLUTE
    __Vectors                                0x08000000   Data           4  startup_stm32f10x_hd.o(RESET)
    __Vectors_End                            0x08000130   Data           0  startup_stm32f10x_hd.o(RESET)
    __main                                   0x08000131   Thumb Code     8  __main.o(!!!main)
    __scatterload                            0x08000139   Thumb Code     0  __scatter.o(!!!scatter)
    __scatterload_rt2                        0x08000139   Thumb Code    44  __scatter.o(!!!scatter)
    __scatterload_rt2_thumb_only             0x08000139   Thumb Code     0  __scatter.o(!!!scatter)
    __scatterload_null                       0x08000147   Thumb Code     0  __scatter.o(!!!scatter)
    __decompress                             0x0800016d   Thumb Code    90  __dczerorl2.o(!!dczerorl2)
    __decompress1                            0x0800016d   Thumb Code     0  __dczerorl2.o(!!dczerorl2)
    __scatterload_zeroinit                   0x080001c9   Thumb Code    28  __scatter_zi.o(!!handler_zi)
    _printf_d                                0x080001e5   Thumb Code     0  _printf_d.o(.ARM.Collect$$_printf_percent$$00000009)
    _printf_percent                          0x080001e5   Thumb Code     0  _printf_percent.o(.ARM.Collect$$_printf_percent$$00000000)
    _printf_u                                0x080001eb   Thumb Code     0  _printf_u.o(.ARM.Collect$$_printf_percent$$0000000A)
    _printf_x                                0x080001f1   Thumb Code     0  _printf_x.o(.ARM.Collect$$_printf_percent$$0000000C)
    _printf_c                                0x080001f7   Thumb Code     0  _printf_c.o(.ARM.Collect$$_printf_percent$$00000013)
    _printf_s                                0x080001fd   Thumb Code     0  _printf_s.o(.ARM.Collect$$_printf_percent$$00000014)
    _printf_percent_end                      0x08000203   Thumb Code     0  _printf_percent_end.o(.ARM.Collect$$_printf_percent$$00000017)
    __rt_lib_init                            0x08000207   Thumb Code     0  libinit.o(.ARM.Collect$$libinit$$00000000)
    __rt_lib_init_alloca_1                   0x08000209   Thumb Code     0  libinit2.o(.ARM.Collect$$libinit$$0000002E)
    __rt_lib_init_argv_1                     0x08000209   Thumb Code     0  libinit2.o(.ARM.Collect$$libinit$$0000002C)
    __rt_lib_init_atexit_1                   0x08000209   Thumb Code     0  libinit2.o(.ARM.Collect$$libinit$$0000001B)
    __rt_lib_init_clock_1                    0x08000209   Thumb Code     0  libinit2.o(.ARM.Collect$$libinit$$00000021)
    __rt_lib_init_cpp_1                      0x08000209   Thumb Code     0  libinit2.o(.ARM.Collect$$libinit$$00000032)
    __rt_lib_init_exceptions_1               0x08000209   Thumb Code     0  libinit2.o(.ARM.Collect$$libinit$$00000030)
    __rt_lib_init_fp_1                       0x08000209   Thumb Code     0  libinit2.o(.ARM.Collect$$libinit$$00000002)
    __rt_lib_init_fp_trap_1                  0x08000209   Thumb Code     0  libinit2.o(.ARM.Collect$$libinit$$0000001F)
    __rt_lib_init_getenv_1                   0x08000209   Thumb Code     0  libinit2.o(.ARM.Collect$$libinit$$00000023)
    __rt_lib_init_heap_1                     0x08000209   Thumb Code     0  libinit2.o(.ARM.Collect$$libinit$$0000000A)
    __rt_lib_init_lc_collate_1               0x08000209   Thumb Code     0  libinit2.o(.ARM.Collect$$libinit$$00000011)
    __rt_lib_init_lc_ctype_1                 0x08000209   Thumb Code     0  libinit2.o(.ARM.Collect$$libinit$$00000013)
    __rt_lib_init_lc_monetary_1              0x08000209   Thumb Code     0  libinit2.o(.ARM.Collect$$libinit$$00000015)
    __rt_lib_init_lc_numeric_1               0x08000209   Thumb Code     0  libinit2.o(.ARM.Collect$$libinit$$00000017)
    __rt_lib_init_lc_time_1                  0x08000209   Thumb Code     0  libinit2.o(.ARM.Collect$$libinit$$00000019)
    __rt_lib_init_preinit_1                  0x08000209   Thumb Code     0  libinit2.o(.ARM.Collect$$libinit$$00000004)
    __rt_lib_init_rand_1                     0x08000209   Thumb Code     0  libinit2.o(.ARM.Collect$$libinit$$0000000E)
    __rt_lib_init_return                     0x08000209   Thumb Code     0  libinit2.o(.ARM.Collect$$libinit$$00000033)
    __rt_lib_init_signal_1                   0x08000209   Thumb Code     0  libinit2.o(.ARM.Collect$$libinit$$0000001D)
    __rt_lib_init_stdio_1                    0x08000209   Thumb Code     0  libinit2.o(.ARM.Collect$$libinit$$00000025)
    __rt_lib_init_user_alloc_1               0x08000209   Thumb Code     0  libinit2.o(.ARM.Collect$$libinit$$0000000C)
    __rt_lib_shutdown                        0x0800020b   Thumb Code     0  libshutdown.o(.ARM.Collect$$libshutdown$$00000000)
    __rt_lib_shutdown_fp_trap_1              0x0800020d   Thumb Code     0  libshutdown2.o(.ARM.Collect$$libshutdown$$00000006)
    __rt_lib_shutdown_heap_1                 0x0800020d   Thumb Code     0  libshutdown2.o(.ARM.Collect$$libshutdown$$0000000E)
    __rt_lib_shutdown_return                 0x0800020d   Thumb Code     0  libshutdown2.o(.ARM.Collect$$libshutdown$$0000000F)
    __rt_lib_shutdown_signal_1               0x0800020d   Thumb Code     0  libshutdown2.o(.ARM.Collect$$libshutdown$$00000009)
    __rt_lib_shutdown_stdio_1                0x0800020d   Thumb Code     0  libshutdown2.o(.ARM.Collect$$libshutdown$$00000003)
    __rt_lib_shutdown_user_alloc_1           0x0800020d   Thumb Code     0  libshutdown2.o(.ARM.Collect$$libshutdown$$0000000B)
    __rt_entry                               0x0800020f   Thumb Code     0  __rtentry.o(.ARM.Collect$$rtentry$$00000000)
    __rt_entry_presh_1                       0x0800020f   Thumb Code     0  __rtentry2.o(.ARM.Collect$$rtentry$$00000002)
    __rt_entry_sh                            0x0800020f   Thumb Code     0  __rtentry4.o(.ARM.Collect$$rtentry$$00000004)
    __rt_entry_li                            0x08000215   Thumb Code     0  __rtentry2.o(.ARM.Collect$$rtentry$$0000000A)
    __rt_entry_postsh_1                      0x08000215   Thumb Code     0  __rtentry2.o(.ARM.Collect$$rtentry$$00000009)
    __rt_entry_main                          0x08000219   Thumb Code     0  __rtentry2.o(.ARM.Collect$$rtentry$$0000000D)
    __rt_entry_postli_1                      0x08000219   Thumb Code     0  __rtentry2.o(.ARM.Collect$$rtentry$$0000000C)
    __rt_exit                                0x08000221   Thumb Code     0  rtexit.o(.ARM.Collect$$rtexit$$00000000)
    __rt_exit_ls                             0x08000223   Thumb Code     0  rtexit2.o(.ARM.Collect$$rtexit$$00000003)
    __rt_exit_prels_1                        0x08000223   Thumb Code     0  rtexit2.o(.ARM.Collect$$rtexit$$00000002)
    __rt_exit_exit                           0x08000227   Thumb Code     0  rtexit2.o(.ARM.Collect$$rtexit$$00000004)
    main                                     0x0800022d   Thumb Code   816  main.o(.text)
    NMI_Handler                              0x0800067d   Thumb Code     2  stm32f10x_it.o(.text)
    HardFault_Handler                        0x0800067f   Thumb Code     4  stm32f10x_it.o(.text)
    MemManage_Handler                        0x08000683   Thumb Code     4  stm32f10x_it.o(.text)
    BusFault_Handler                         0x08000687   Thumb Code     4  stm32f10x_it.o(.text)
    UsageFault_Handler                       0x0800068b   Thumb Code     4  stm32f10x_it.o(.text)
    SVC_Handler                              0x0800068f   Thumb Code     2  stm32f10x_it.o(.text)
    DebugMon_Handler                         0x08000691   Thumb Code     2  stm32f10x_it.o(.text)
    PendSV_Handler                           0x08000693   Thumb Code     2  stm32f10x_it.o(.text)
    SysTick_Handler                          0x08000695   Thumb Code     2  stm32f10x_it.o(.text)
    SystemInit                               0x08000777   Thumb Code    78  system_stm32f10x.o(.text)
    SystemCoreClockUpdate                    0x080007c5   Thumb Code   142  system_stm32f10x.o(.text)
    LED_Init                                 0x08000879   Thumb Code    68  led.o(.text)
    KEY_Init                                 0x080008c5   Thumb Code    52  key.o(.text)
    KEY_Scan                                 0x080008f9   Thumb Code   188  key.o(.text)
    LCD_WR_REG                               0x080009c1   Thumb Code     6  lcd.o(.text)
    LCD_WR_DATA                              0x080009c7   Thumb Code     8  lcd.o(.text)
    LCD_RD_DATA                              0x080009cf   Thumb Code     8  lcd.o(.text)
    LCD_WriteReg                             0x080009d7   Thumb Code    10  lcd.o(.text)
    LCD_ReadReg                              0x080009e1   Thumb Code    22  lcd.o(.text)
    LCD_WriteRAM_Prepare                     0x080009f7   Thumb Code    10  lcd.o(.text)
    LCD_WriteRAM                             0x08000a01   Thumb Code     8  lcd.o(.text)
    LCD_BGR2RGB                              0x08000a09   Thumb Code    26  lcd.o(.text)
    opt_delay                                0x08000a23   Thumb Code    14  lcd.o(.text)
    LCD_SetCursor                            0x08000a31   Thumb Code   112  lcd.o(.text)
    LCD_ReadPoint                            0x08000aa1   Thumb Code   276  lcd.o(.text)
    LCD_DisplayOn                            0x08000bb5   Thumb Code    46  lcd.o(.text)
    LCD_DisplayOff                           0x08000be3   Thumb Code    44  lcd.o(.text)
    LCD_Scan_Dir                             0x08000c0f   Thumb Code   462  lcd.o(.text)
    LCD_DrawPoint                            0x08000ddd   Thumb Code    28  lcd.o(.text)
    LCD_Fast_DrawPoint                       0x08000df9   Thumb Code   128  lcd.o(.text)
    LCD_Display_Dir                          0x08000e79   Thumb Code   238  lcd.o(.text)
    LCD_Clear                                0x08000f67   Thumb Code    42  lcd.o(.text)
    LCD_Init                                 0x08000f91   Thumb Code  6268  lcd.o(.text)
    LCD_Fill                                 0x0800280d   Thumb Code    80  lcd.o(.text)
    LCD_Color_Fill                           0x0800285d   Thumb Code    92  lcd.o(.text)
    LCD_DrawLine                             0x080028b9   Thumb Code   176  lcd.o(.text)
    LCD_DrawRectangle                        0x08002969   Thumb Code    60  lcd.o(.text)
    Draw_Circle                              0x080029a5   Thumb Code   152  lcd.o(.text)
    LCD_ShowChar                             0x08002a3d   Thumb Code   362  lcd.o(.text)
    LCD_Pow                                  0x08002ba7   Thumb Code    22  lcd.o(.text)
    LCD_ShowNum                              0x08002bbd   Thumb Code   148  lcd.o(.text)
    LCD_ShowxNum                             0x08002c51   Thumb Code   190  lcd.o(.text)
    LCD_ShowString                           0x08002d0f   Thumb Code   102  lcd.o(.text)
    SPI2_ReadWriteByte                       0x08002d89   Thumb Code    78  spi.o(.text)
    SPI2_Init                                0x08002dd7   Thumb Code   140  spi.o(.text)
    SPI2_SetSpeed                            0x08002e63   Thumb Code    36  spi.o(.text)
    SPI_Flash_ReadID                         0x08002e91   Thumb Code    64  flash.o(.text)
    SPI_Flash_Init                           0x08002ed1   Thumb Code   114  flash.o(.text)
    SPI_Flash_ReadSR                         0x08002f43   Thumb Code    36  flash.o(.text)
    SPI_FLASH_Write_SR                       0x08002f67   Thumb Code    32  flash.o(.text)
    SPI_FLASH_Write_Enable                   0x08002f87   Thumb Code    24  flash.o(.text)
    SPI_FLASH_Write_Disable                  0x08002f9f   Thumb Code    24  flash.o(.text)
    SPI_Flash_Read                           0x08002fb7   Thumb Code    74  flash.o(.text)
    SPI_Flash_Wait_Busy                      0x08003001   Thumb Code    18  flash.o(.text)
    SPI_Flash_Write_Page                     0x08003013   Thumb Code    80  flash.o(.text)
    SPI_Flash_Write_NoCheck                  0x08003063   Thumb Code    70  flash.o(.text)
    SPI_Flash_Erase_Sector                   0x080030a9   Thumb Code    62  flash.o(.text)
    SPI_Flash_Write                          0x080030e7   Thumb Code   176  flash.o(.text)
    SPI_Flash_Erase_Chip                     0x08003197   Thumb Code    36  flash.o(.text)
    SPI_Flash_PowerDown                      0x080031bb   Thumb Code    30  flash.o(.text)
    SPI_Flash_WAKEUP                         0x080031d9   Thumb Code    30  flash.o(.text)
    FSMC_SRAM_Init                           0x08003215   Thumb Code   182  sram.o(.text)
    FSMC_SRAM_WriteBuffer                    0x080032cb   Thumb Code    24  sram.o(.text)
    FSMC_SRAM_ReadBuffer                     0x080032e3   Thumb Code    22  sram.o(.text)
    fsmc_sram_test_write                     0x080032f9   Thumb Code    16  sram.o(.text)
    fsmc_sram_test_read                      0x08003309   Thumb Code    20  sram.o(.text)
    SD_SPI_ReadWriteByte                     0x0800332d   Thumb Code    12  mmc_sd.o(.text)
    SD_SPI_SpeedLow                          0x08003339   Thumb Code    10  mmc_sd.o(.text)
    SD_SPI_SpeedHigh                         0x08003343   Thumb Code    10  mmc_sd.o(.text)
    SD_SPI_Init                              0x0800334d   Thumb Code   106  mmc_sd.o(.text)
    SD_DisSelect                             0x080033b7   Thumb Code    16  mmc_sd.o(.text)
    SD_WaitReady                             0x080033c7   Thumb Code    34  mmc_sd.o(.text)
    SD_Select                                0x080033e9   Thumb Code    26  mmc_sd.o(.text)
    SD_GetResponse                           0x08003403   Thumb Code    38  mmc_sd.o(.text)
    SD_RecvData                              0x08003429   Thumb Code    56  mmc_sd.o(.text)
    SD_SendBlock                             0x08003461   Thumb Code    82  mmc_sd.o(.text)
    SD_SendCmd                               0x080034b3   Thumb Code   120  mmc_sd.o(.text)
    SD_GetCID                                0x0800352b   Thumb Code    42  mmc_sd.o(.text)
    SD_GetCSD                                0x08003555   Thumb Code    42  mmc_sd.o(.text)
    SD_GetSectorCount                        0x0800357f   Thumb Code   118  mmc_sd.o(.text)
    SD_Initialize                            0x080035f5   Thumb Code   408  mmc_sd.o(.text)
    SD_ReadDisk                              0x0800378d   Thumb Code   112  mmc_sd.o(.text)
    SD_WriteDisk                             0x080037fd   Thumb Code   140  mmc_sd.o(.text)
    delay_init                               0x0800388d   Thumb Code    50  delay.o(.text)
    delay_us                                 0x080038bf   Thumb Code    72  delay.o(.text)
    delay_ms                                 0x08003907   Thumb Code    72  delay.o(.text)
    NVIC_Configuration                       0x08003961   Thumb Code    12  sys.o(.text)
    _sys_exit                                0x0800396d   Thumb Code     6  usart.o(.text)
    fputc                                    0x08003973   Thumb Code    24  usart.o(.text)
    uart_init                                0x0800398b   Thumb Code   158  usart.o(.text)
    USART1_IRQHandler                        0x08003a29   Thumb Code   122  usart.o(.text)
    Reset_Handler                            0x08003ab5   Thumb Code     8  startup_stm32f10x_hd.o(.text)
    ADC1_2_IRQHandler                        0x08003acf   Thumb Code     0  startup_stm32f10x_hd.o(.text)
    ADC3_IRQHandler                          0x08003acf   Thumb Code     0  startup_stm32f10x_hd.o(.text)
    CAN1_RX1_IRQHandler                      0x08003acf   Thumb Code     0  startup_stm32f10x_hd.o(.text)
    CAN1_SCE_IRQHandler                      0x08003acf   Thumb Code     0  startup_stm32f10x_hd.o(.text)
    DMA1_Channel1_IRQHandler                 0x08003acf   Thumb Code     0  startup_stm32f10x_hd.o(.text)
    DMA1_Channel2_IRQHandler                 0x08003acf   Thumb Code     0  startup_stm32f10x_hd.o(.text)
    DMA1_Channel3_IRQHandler                 0x08003acf   Thumb Code     0  startup_stm32f10x_hd.o(.text)
    DMA1_Channel4_IRQHandler                 0x08003acf   Thumb Code     0  startup_stm32f10x_hd.o(.text)
    DMA1_Channel5_IRQHandler                 0x08003acf   Thumb Code     0  startup_stm32f10x_hd.o(.text)
    DMA1_Channel6_IRQHandler                 0x08003acf   Thumb Code     0  startup_stm32f10x_hd.o(.text)
    DMA1_Channel7_IRQHandler                 0x08003acf   Thumb Code     0  startup_stm32f10x_hd.o(.text)
    DMA2_Channel1_IRQHandler                 0x08003acf   Thumb Code     0  startup_stm32f10x_hd.o(.text)
    DMA2_Channel2_IRQHandler                 0x08003acf   Thumb Code     0  startup_stm32f10x_hd.o(.text)
    DMA2_Channel3_IRQHandler                 0x08003acf   Thumb Code     0  startup_stm32f10x_hd.o(.text)
    DMA2_Channel4_5_IRQHandler               0x08003acf   Thumb Code     0  startup_stm32f10x_hd.o(.text)
    EXTI0_IRQHandler                         0x08003acf   Thumb Code     0  startup_stm32f10x_hd.o(.text)
    EXTI15_10_IRQHandler                     0x08003acf   Thumb Code     0  startup_stm32f10x_hd.o(.text)
    EXTI1_IRQHandler                         0x08003acf   Thumb Code     0  startup_stm32f10x_hd.o(.text)
    EXTI2_IRQHandler                         0x08003acf   Thumb Code     0  startup_stm32f10x_hd.o(.text)
    EXTI3_IRQHandler                         0x08003acf   Thumb Code     0  startup_stm32f10x_hd.o(.text)
    EXTI4_IRQHandler                         0x08003acf   Thumb Code     0  startup_stm32f10x_hd.o(.text)
    EXTI9_5_IRQHandler                       0x08003acf   Thumb Code     0  startup_stm32f10x_hd.o(.text)
    FLASH_IRQHandler                         0x08003acf   Thumb Code     0  startup_stm32f10x_hd.o(.text)
    FSMC_IRQHandler                          0x08003acf   Thumb Code     0  startup_stm32f10x_hd.o(.text)
    I2C1_ER_IRQHandler                       0x08003acf   Thumb Code     0  startup_stm32f10x_hd.o(.text)
    I2C1_EV_IRQHandler                       0x08003acf   Thumb Code     0  startup_stm32f10x_hd.o(.text)
    I2C2_ER_IRQHandler                       0x08003acf   Thumb Code     0  startup_stm32f10x_hd.o(.text)
    I2C2_EV_IRQHandler                       0x08003acf   Thumb Code     0  startup_stm32f10x_hd.o(.text)
    PVD_IRQHandler                           0x08003acf   Thumb Code     0  startup_stm32f10x_hd.o(.text)
    RCC_IRQHandler                           0x08003acf   Thumb Code     0  startup_stm32f10x_hd.o(.text)
    RTCAlarm_IRQHandler                      0x08003acf   Thumb Code     0  startup_stm32f10x_hd.o(.text)
    RTC_IRQHandler                           0x08003acf   Thumb Code     0  startup_stm32f10x_hd.o(.text)
    SDIO_IRQHandler                          0x08003acf   Thumb Code     0  startup_stm32f10x_hd.o(.text)
    SPI1_IRQHandler                          0x08003acf   Thumb Code     0  startup_stm32f10x_hd.o(.text)
    SPI2_IRQHandler                          0x08003acf   Thumb Code     0  startup_stm32f10x_hd.o(.text)
    SPI3_IRQHandler                          0x08003acf   Thumb Code     0  startup_stm32f10x_hd.o(.text)
    TAMPER_IRQHandler                        0x08003acf   Thumb Code     0  startup_stm32f10x_hd.o(.text)
    TIM1_BRK_IRQHandler                      0x08003acf   Thumb Code     0  startup_stm32f10x_hd.o(.text)
    TIM1_CC_IRQHandler                       0x08003acf   Thumb Code     0  startup_stm32f10x_hd.o(.text)
    TIM1_TRG_COM_IRQHandler                  0x08003acf   Thumb Code     0  startup_stm32f10x_hd.o(.text)
    TIM1_UP_IRQHandler                       0x08003acf   Thumb Code     0  startup_stm32f10x_hd.o(.text)
    TIM3_IRQHandler                          0x08003acf   Thumb Code     0  startup_stm32f10x_hd.o(.text)
    TIM4_IRQHandler                          0x08003acf   Thumb Code     0  startup_stm32f10x_hd.o(.text)
    TIM5_IRQHandler                          0x08003acf   Thumb Code     0  startup_stm32f10x_hd.o(.text)
    TIM6_IRQHandler                          0x08003acf   Thumb Code     0  startup_stm32f10x_hd.o(.text)
    TIM7_IRQHandler                          0x08003acf   Thumb Code     0  startup_stm32f10x_hd.o(.text)
    TIM8_BRK_IRQHandler                      0x08003acf   Thumb Code     0  startup_stm32f10x_hd.o(.text)
    TIM8_CC_IRQHandler                       0x08003acf   Thumb Code     0  startup_stm32f10x_hd.o(.text)
    TIM8_TRG_COM_IRQHandler                  0x08003acf   Thumb Code     0  startup_stm32f10x_hd.o(.text)
    TIM8_UP_IRQHandler                       0x08003acf   Thumb Code     0  startup_stm32f10x_hd.o(.text)
    UART4_IRQHandler                         0x08003acf   Thumb Code     0  startup_stm32f10x_hd.o(.text)
    UART5_IRQHandler                         0x08003acf   Thumb Code     0  startup_stm32f10x_hd.o(.text)
    USART2_IRQHandler                        0x08003acf   Thumb Code     0  startup_stm32f10x_hd.o(.text)
    USART3_IRQHandler                        0x08003acf   Thumb Code     0  startup_stm32f10x_hd.o(.text)
    USBWakeUp_IRQHandler                     0x08003acf   Thumb Code     0  startup_stm32f10x_hd.o(.text)
    USB_HP_CAN1_TX_IRQHandler                0x08003acf   Thumb Code     0  startup_stm32f10x_hd.o(.text)
    USB_LP_CAN1_RX0_IRQHandler               0x08003acf   Thumb Code     0  startup_stm32f10x_hd.o(.text)
    WWDG_IRQHandler                          0x08003acf   Thumb Code     0  startup_stm32f10x_hd.o(.text)
    __user_initial_stackheap                 0x08003ad1   Thumb Code     0  startup_stm32f10x_hd.o(.text)
    NVIC_PriorityGroupConfig                 0x08003af5   Thumb Code    10  misc.o(.text)
    NVIC_Init                                0x08003aff   Thumb Code   100  misc.o(.text)
    NVIC_SetVectorTable                      0x08003b63   Thumb Code    14  misc.o(.text)
    NVIC_SystemLPConfig                      0x08003b71   Thumb Code    34  misc.o(.text)
    SysTick_CLKSourceConfig                  0x08003b93   Thumb Code    40  misc.o(.text)
    FSMC_NORSRAMDeInit                       0x08003bd1   Thumb Code    54  stm32f10x_fsmc.o(.text)
    FSMC_NANDDeInit                          0x08003c07   Thumb Code    62  stm32f10x_fsmc.o(.text)
    FSMC_PCCARDDeInit                        0x08003c45   Thumb Code    36  stm32f10x_fsmc.o(.text)
    FSMC_NORSRAMInit                         0x08003c69   Thumb Code   230  stm32f10x_fsmc.o(.text)
    FSMC_NANDInit                            0x08003d4f   Thumb Code   132  stm32f10x_fsmc.o(.text)
    FSMC_PCCARDInit                          0x08003dd3   Thumb Code   130  stm32f10x_fsmc.o(.text)
    FSMC_NORSRAMStructInit                   0x08003e55   Thumb Code   114  stm32f10x_fsmc.o(.text)
    FSMC_NANDStructInit                      0x08003ec7   Thumb Code    54  stm32f10x_fsmc.o(.text)
    FSMC_PCCARDStructInit                    0x08003efd   Thumb Code    60  stm32f10x_fsmc.o(.text)
    FSMC_NORSRAMCmd                          0x08003f39   Thumb Code    46  stm32f10x_fsmc.o(.text)
    FSMC_NANDCmd                             0x08003f67   Thumb Code    86  stm32f10x_fsmc.o(.text)
    FSMC_PCCARDCmd                           0x08003fbd   Thumb Code    44  stm32f10x_fsmc.o(.text)
    FSMC_NANDECCCmd                          0x08003fe9   Thumb Code    90  stm32f10x_fsmc.o(.text)
    FSMC_GetECC                              0x08004043   Thumb Code    24  stm32f10x_fsmc.o(.text)
    FSMC_ITConfig                            0x0800405b   Thumb Code   128  stm32f10x_fsmc.o(.text)
    FSMC_GetFlagStatus                       0x080040db   Thumb Code    54  stm32f10x_fsmc.o(.text)
    FSMC_ClearFlag                           0x08004111   Thumb Code    62  stm32f10x_fsmc.o(.text)
    FSMC_GetITStatus                         0x0800414f   Thumb Code    64  stm32f10x_fsmc.o(.text)
    FSMC_ClearITPendingBit                   0x0800418f   Thumb Code    68  stm32f10x_fsmc.o(.text)
    GPIO_DeInit                              0x080041dd   Thumb Code   172  stm32f10x_gpio.o(.text)
    GPIO_AFIODeInit                          0x08004289   Thumb Code    20  stm32f10x_gpio.o(.text)
    GPIO_Init                                0x0800429d   Thumb Code   278  stm32f10x_gpio.o(.text)
    GPIO_StructInit                          0x080043b3   Thumb Code    16  stm32f10x_gpio.o(.text)
    GPIO_ReadInputDataBit                    0x080043c3   Thumb Code    18  stm32f10x_gpio.o(.text)
    GPIO_ReadInputData                       0x080043d5   Thumb Code     8  stm32f10x_gpio.o(.text)
    GPIO_ReadOutputDataBit                   0x080043dd   Thumb Code    18  stm32f10x_gpio.o(.text)
    GPIO_ReadOutputData                      0x080043ef   Thumb Code     8  stm32f10x_gpio.o(.text)
    GPIO_SetBits                             0x080043f7   Thumb Code     4  stm32f10x_gpio.o(.text)
    GPIO_ResetBits                           0x080043fb   Thumb Code     4  stm32f10x_gpio.o(.text)
    GPIO_WriteBit                            0x080043ff   Thumb Code    10  stm32f10x_gpio.o(.text)
    GPIO_Write                               0x08004409   Thumb Code     4  stm32f10x_gpio.o(.text)
    GPIO_PinLockConfig                       0x0800440d   Thumb Code    18  stm32f10x_gpio.o(.text)
    GPIO_EventOutputConfig                   0x0800441f   Thumb Code    26  stm32f10x_gpio.o(.text)
    GPIO_EventOutputCmd                      0x08004439   Thumb Code     6  stm32f10x_gpio.o(.text)
    GPIO_PinRemapConfig                      0x0800443f   Thumb Code   138  stm32f10x_gpio.o(.text)
    GPIO_EXTILineConfig                      0x080044c9   Thumb Code    66  stm32f10x_gpio.o(.text)
    GPIO_ETH_MediaInterfaceConfig            0x0800450b   Thumb Code     8  stm32f10x_gpio.o(.text)
    RCC_DeInit                               0x08004539   Thumb Code    64  stm32f10x_rcc.o(.text)
    RCC_HSEConfig                            0x08004579   Thumb Code    70  stm32f10x_rcc.o(.text)
    RCC_GetFlagStatus                        0x080045bf   Thumb Code    56  stm32f10x_rcc.o(.text)
    RCC_WaitForHSEStartUp                    0x080045f7   Thumb Code    56  stm32f10x_rcc.o(.text)
    RCC_AdjustHSICalibrationValue            0x0800462f   Thumb Code    20  stm32f10x_rcc.o(.text)
    RCC_HSICmd                               0x08004643   Thumb Code     6  stm32f10x_rcc.o(.text)
    RCC_PLLConfig                            0x08004649   Thumb Code    24  stm32f10x_rcc.o(.text)
    RCC_PLLCmd                               0x08004661   Thumb Code     6  stm32f10x_rcc.o(.text)
    RCC_SYSCLKConfig                         0x08004667   Thumb Code    18  stm32f10x_rcc.o(.text)
    RCC_GetSYSCLKSource                      0x08004679   Thumb Code    10  stm32f10x_rcc.o(.text)
    RCC_HCLKConfig                           0x08004683   Thumb Code    18  stm32f10x_rcc.o(.text)
    RCC_PCLK1Config                          0x08004695   Thumb Code    18  stm32f10x_rcc.o(.text)
    RCC_PCLK2Config                          0x080046a7   Thumb Code    20  stm32f10x_rcc.o(.text)
    RCC_ITConfig                             0x080046bb   Thumb Code    26  stm32f10x_rcc.o(.text)
    RCC_USBCLKConfig                         0x080046d5   Thumb Code     8  stm32f10x_rcc.o(.text)
    RCC_ADCCLKConfig                         0x080046dd   Thumb Code    18  stm32f10x_rcc.o(.text)
    RCC_LSEConfig                            0x080046ef   Thumb Code    50  stm32f10x_rcc.o(.text)
    RCC_LSICmd                               0x08004721   Thumb Code     6  stm32f10x_rcc.o(.text)
    RCC_RTCCLKConfig                         0x08004727   Thumb Code    12  stm32f10x_rcc.o(.text)
    RCC_RTCCLKCmd                            0x08004733   Thumb Code     8  stm32f10x_rcc.o(.text)
    RCC_GetClocksFreq                        0x0800473b   Thumb Code   192  stm32f10x_rcc.o(.text)
    RCC_AHBPeriphClockCmd                    0x080047fb   Thumb Code    26  stm32f10x_rcc.o(.text)
    RCC_APB2PeriphClockCmd                   0x08004815   Thumb Code    26  stm32f10x_rcc.o(.text)
    RCC_APB1PeriphClockCmd                   0x0800482f   Thumb Code    26  stm32f10x_rcc.o(.text)
    RCC_APB2PeriphResetCmd                   0x08004849   Thumb Code    26  stm32f10x_rcc.o(.text)
    RCC_APB1PeriphResetCmd                   0x08004863   Thumb Code    26  stm32f10x_rcc.o(.text)
    RCC_BackupResetCmd                       0x0800487d   Thumb Code     8  stm32f10x_rcc.o(.text)
    RCC_ClockSecuritySystemCmd               0x08004885   Thumb Code     6  stm32f10x_rcc.o(.text)
    RCC_MCOConfig                            0x0800488b   Thumb Code     6  stm32f10x_rcc.o(.text)
    RCC_ClearFlag                            0x08004891   Thumb Code    14  stm32f10x_rcc.o(.text)
    RCC_GetITStatus                          0x0800489f   Thumb Code    20  stm32f10x_rcc.o(.text)
    RCC_ClearITPendingBit                    0x080048b3   Thumb Code     6  stm32f10x_rcc.o(.text)
    SPI_I2S_DeInit                           0x080048dd   Thumb Code    76  stm32f10x_spi.o(.text)
    SPI_Init                                 0x08004929   Thumb Code    60  stm32f10x_spi.o(.text)
    I2S_Init                                 0x08004965   Thumb Code   226  stm32f10x_spi.o(.text)
    SPI_StructInit                           0x08004a47   Thumb Code    24  stm32f10x_spi.o(.text)
    I2S_StructInit                           0x08004a5f   Thumb Code    20  stm32f10x_spi.o(.text)
    SPI_Cmd                                  0x08004a73   Thumb Code    24  stm32f10x_spi.o(.text)
    I2S_Cmd                                  0x08004a8b   Thumb Code    24  stm32f10x_spi.o(.text)
    SPI_I2S_ITConfig                         0x08004aa3   Thumb Code    32  stm32f10x_spi.o(.text)
    SPI_I2S_DMACmd                           0x08004ac3   Thumb Code    18  stm32f10x_spi.o(.text)
    SPI_I2S_SendData                         0x08004ad5   Thumb Code     4  stm32f10x_spi.o(.text)
    SPI_I2S_ReceiveData                      0x08004ad9   Thumb Code     6  stm32f10x_spi.o(.text)
    SPI_NSSInternalSoftwareConfig            0x08004adf   Thumb Code    30  stm32f10x_spi.o(.text)
    SPI_SSOutputCmd                          0x08004afd   Thumb Code    24  stm32f10x_spi.o(.text)
    SPI_DataSizeConfig                       0x08004b15   Thumb Code    18  stm32f10x_spi.o(.text)
    SPI_TransmitCRC                          0x08004b27   Thumb Code    10  stm32f10x_spi.o(.text)
    SPI_CalculateCRC                         0x08004b31   Thumb Code    24  stm32f10x_spi.o(.text)
    SPI_GetCRC                               0x08004b49   Thumb Code    16  stm32f10x_spi.o(.text)
    SPI_GetCRCPolynomial                     0x08004b59   Thumb Code     6  stm32f10x_spi.o(.text)
    SPI_BiDirectionalLineConfig              0x08004b5f   Thumb Code    28  stm32f10x_spi.o(.text)
    SPI_I2S_GetFlagStatus                    0x08004b7b   Thumb Code    18  stm32f10x_spi.o(.text)
    SPI_I2S_ClearFlag                        0x08004b8d   Thumb Code     6  stm32f10x_spi.o(.text)
    SPI_I2S_GetITStatus                      0x08004b93   Thumb Code    52  stm32f10x_spi.o(.text)
    SPI_I2S_ClearITPendingBit                0x08004bc7   Thumb Code    20  stm32f10x_spi.o(.text)
    TIM_DeInit                               0x08004be9   Thumb Code   424  stm32f10x_tim.o(.text)
    TIM_TimeBaseInit                         0x08004d91   Thumb Code   122  stm32f10x_tim.o(.text)
    TIM_OC1Init                              0x08004e0b   Thumb Code   132  stm32f10x_tim.o(.text)
    TIM_OC2Init                              0x08004e8f   Thumb Code   154  stm32f10x_tim.o(.text)
    TIM_OC3Init                              0x08004f29   Thumb Code   150  stm32f10x_tim.o(.text)
    TIM_OC4Init                              0x08004fbf   Thumb Code   182  stm32f10x_tim.o(.text)
    TIM_SetIC4Prescaler                      0x08005075   Thumb Code    26  stm32f10x_tim.o(.text)
    TIM_SetIC3Prescaler                      0x08005111   Thumb Code    18  stm32f10x_tim.o(.text)
    TIM_SetIC2Prescaler                      0x0800519d   Thumb Code    26  stm32f10x_tim.o(.text)
    TIM_SetIC1Prescaler                      0x08005239   Thumb Code    18  stm32f10x_tim.o(.text)
    TIM_ICInit                               0x080052b7   Thumb Code   150  stm32f10x_tim.o(.text)
    TIM_PWMIConfig                           0x0800534d   Thumb Code   124  stm32f10x_tim.o(.text)
    TIM_BDTRConfig                           0x080053c9   Thumb Code    32  stm32f10x_tim.o(.text)
    TIM_TimeBaseStructInit                   0x080053e9   Thumb Code    18  stm32f10x_tim.o(.text)
    TIM_OCStructInit                         0x080053fb   Thumb Code    20  stm32f10x_tim.o(.text)
    TIM_ICStructInit                         0x0800540f   Thumb Code    18  stm32f10x_tim.o(.text)
    TIM_BDTRStructInit                       0x08005421   Thumb Code    40  stm32f10x_tim.o(.text)
    TIM_Cmd                                  0x08005449   Thumb Code    24  stm32f10x_tim.o(.text)
    TIM_CtrlPWMOutputs                       0x08005461   Thumb Code    30  stm32f10x_tim.o(.text)
    TIM_ITConfig                             0x0800547f   Thumb Code    18  stm32f10x_tim.o(.text)
    TIM_GenerateEvent                        0x08005491   Thumb Code     4  stm32f10x_tim.o(.text)
    TIM_DMAConfig                            0x08005495   Thumb Code    10  stm32f10x_tim.o(.text)
    TIM_DMACmd                               0x0800549f   Thumb Code    18  stm32f10x_tim.o(.text)
    TIM_InternalClockConfig                  0x080054b1   Thumb Code    12  stm32f10x_tim.o(.text)
    TIM_SelectInputTrigger                   0x080054bd   Thumb Code    18  stm32f10x_tim.o(.text)
    TIM_ITRxExternalClockConfig              0x080054cf   Thumb Code    24  stm32f10x_tim.o(.text)
    TIM_TIxExternalClockConfig               0x080054e7   Thumb Code    62  stm32f10x_tim.o(.text)
    TIM_ETRConfig                            0x08005525   Thumb Code    28  stm32f10x_tim.o(.text)
    TIM_ETRClockMode1Config                  0x08005541   Thumb Code    54  stm32f10x_tim.o(.text)
    TIM_ETRClockMode2Config                  0x08005577   Thumb Code    32  stm32f10x_tim.o(.text)
    TIM_PrescalerConfig                      0x08005597   Thumb Code     6  stm32f10x_tim.o(.text)
    TIM_CounterModeConfig                    0x0800559d   Thumb Code    18  stm32f10x_tim.o(.text)
    TIM_EncoderInterfaceConfig               0x080055af   Thumb Code    66  stm32f10x_tim.o(.text)
    TIM_ForcedOC1Config                      0x080055f1   Thumb Code    18  stm32f10x_tim.o(.text)
    TIM_ForcedOC2Config                      0x08005603   Thumb Code    26  stm32f10x_tim.o(.text)
    TIM_ForcedOC3Config                      0x0800561d   Thumb Code    18  stm32f10x_tim.o(.text)
    TIM_ForcedOC4Config                      0x0800562f   Thumb Code    26  stm32f10x_tim.o(.text)
    TIM_ARRPreloadConfig                     0x08005649   Thumb Code    24  stm32f10x_tim.o(.text)
    TIM_SelectCOM                            0x08005661   Thumb Code    24  stm32f10x_tim.o(.text)
    TIM_SelectCCDMA                          0x08005679   Thumb Code    24  stm32f10x_tim.o(.text)
    TIM_CCPreloadControl                     0x08005691   Thumb Code    24  stm32f10x_tim.o(.text)
    TIM_OC1PreloadConfig                     0x080056a9   Thumb Code    18  stm32f10x_tim.o(.text)
    TIM_OC2PreloadConfig                     0x080056bb   Thumb Code    26  stm32f10x_tim.o(.text)
    TIM_OC3PreloadConfig                     0x080056d5   Thumb Code    18  stm32f10x_tim.o(.text)
    TIM_OC4PreloadConfig                     0x080056e7   Thumb Code    26  stm32f10x_tim.o(.text)
    TIM_OC1FastConfig                        0x08005701   Thumb Code    18  stm32f10x_tim.o(.text)
    TIM_OC2FastConfig                        0x08005713   Thumb Code    26  stm32f10x_tim.o(.text)
    TIM_OC3FastConfig                        0x0800572d   Thumb Code    18  stm32f10x_tim.o(.text)
    TIM_OC4FastConfig                        0x0800573f   Thumb Code    26  stm32f10x_tim.o(.text)
    TIM_ClearOC1Ref                          0x08005759   Thumb Code    18  stm32f10x_tim.o(.text)
    TIM_ClearOC2Ref                          0x0800576b   Thumb Code    24  stm32f10x_tim.o(.text)
    TIM_ClearOC3Ref                          0x08005783   Thumb Code    18  stm32f10x_tim.o(.text)
    TIM_ClearOC4Ref                          0x08005795   Thumb Code    24  stm32f10x_tim.o(.text)
    TIM_OC1PolarityConfig                    0x080057ad   Thumb Code    18  stm32f10x_tim.o(.text)
    TIM_OC1NPolarityConfig                   0x080057bf   Thumb Code    18  stm32f10x_tim.o(.text)
    TIM_OC2PolarityConfig                    0x080057d1   Thumb Code    26  stm32f10x_tim.o(.text)
    TIM_OC2NPolarityConfig                   0x080057eb   Thumb Code    26  stm32f10x_tim.o(.text)
    TIM_OC3PolarityConfig                    0x08005805   Thumb Code    26  stm32f10x_tim.o(.text)
    TIM_OC3NPolarityConfig                   0x0800581f   Thumb Code    26  stm32f10x_tim.o(.text)
    TIM_OC4PolarityConfig                    0x08005839   Thumb Code    26  stm32f10x_tim.o(.text)
    TIM_CCxCmd                               0x08005853   Thumb Code    30  stm32f10x_tim.o(.text)
    TIM_CCxNCmd                              0x08005871   Thumb Code    30  stm32f10x_tim.o(.text)
    TIM_SelectOCxM                           0x0800588f   Thumb Code    82  stm32f10x_tim.o(.text)
    TIM_UpdateDisableConfig                  0x080058e1   Thumb Code    24  stm32f10x_tim.o(.text)
    TIM_UpdateRequestConfig                  0x080058f9   Thumb Code    24  stm32f10x_tim.o(.text)
    TIM_SelectHallSensor                     0x08005911   Thumb Code    24  stm32f10x_tim.o(.text)
    TIM_SelectOnePulseMode                   0x08005929   Thumb Code    18  stm32f10x_tim.o(.text)
    TIM_SelectOutputTrigger                  0x0800593b   Thumb Code    18  stm32f10x_tim.o(.text)
    TIM_SelectSlaveMode                      0x0800594d   Thumb Code    18  stm32f10x_tim.o(.text)
    TIM_SelectMasterSlaveMode                0x0800595f   Thumb Code    18  stm32f10x_tim.o(.text)
    TIM_SetCounter                           0x08005971   Thumb Code     4  stm32f10x_tim.o(.text)
    TIM_SetAutoreload                        0x08005975   Thumb Code     4  stm32f10x_tim.o(.text)
    TIM_SetCompare1                          0x08005979   Thumb Code     4  stm32f10x_tim.o(.text)
    TIM_SetCompare2                          0x0800597d   Thumb Code     4  stm32f10x_tim.o(.text)
    TIM_SetCompare3                          0x08005981   Thumb Code     4  stm32f10x_tim.o(.text)
    TIM_SetCompare4                          0x08005985   Thumb Code     6  stm32f10x_tim.o(.text)
    TIM_SetClockDivision                     0x0800598b   Thumb Code    18  stm32f10x_tim.o(.text)
    TIM_GetCapture1                          0x0800599d   Thumb Code     6  stm32f10x_tim.o(.text)
    TIM_GetCapture2                          0x080059a3   Thumb Code     6  stm32f10x_tim.o(.text)
    TIM_GetCapture3                          0x080059a9   Thumb Code     6  stm32f10x_tim.o(.text)
    TIM_GetCapture4                          0x080059af   Thumb Code     8  stm32f10x_tim.o(.text)
    TIM_GetCounter                           0x080059b7   Thumb Code     6  stm32f10x_tim.o(.text)
    TIM_GetPrescaler                         0x080059bd   Thumb Code     6  stm32f10x_tim.o(.text)
    TIM_GetFlagStatus                        0x080059c3   Thumb Code    18  stm32f10x_tim.o(.text)
    TIM_ClearFlag                            0x080059d5   Thumb Code     6  stm32f10x_tim.o(.text)
    TIM_GetITStatus                          0x080059db   Thumb Code    34  stm32f10x_tim.o(.text)
    TIM_ClearITPendingBit                    0x080059fd   Thumb Code     6  stm32f10x_tim.o(.text)
    USART_DeInit                             0x08005a05   Thumb Code   134  stm32f10x_usart.o(.text)
    USART_Init                               0x08005a8b   Thumb Code   210  stm32f10x_usart.o(.text)
    USART_StructInit                         0x08005b5d   Thumb Code    24  stm32f10x_usart.o(.text)
    USART_ClockInit                          0x08005b75   Thumb Code    34  stm32f10x_usart.o(.text)
    USART_ClockStructInit                    0x08005b97   Thumb Code    12  stm32f10x_usart.o(.text)
    USART_Cmd                                0x08005ba3   Thumb Code    24  stm32f10x_usart.o(.text)
    USART_ITConfig                           0x08005bbb   Thumb Code    74  stm32f10x_usart.o(.text)
    USART_DMACmd                             0x08005c05   Thumb Code    18  stm32f10x_usart.o(.text)
    USART_SetAddress                         0x08005c17   Thumb Code    18  stm32f10x_usart.o(.text)
    USART_WakeUpConfig                       0x08005c29   Thumb Code    18  stm32f10x_usart.o(.text)
    USART_ReceiverWakeUpCmd                  0x08005c3b   Thumb Code    24  stm32f10x_usart.o(.text)
    USART_LINBreakDetectLengthConfig         0x08005c53   Thumb Code    18  stm32f10x_usart.o(.text)
    USART_LINCmd                             0x08005c65   Thumb Code    24  stm32f10x_usart.o(.text)
    USART_SendData                           0x08005c7d   Thumb Code     8  stm32f10x_usart.o(.text)
    USART_ReceiveData                        0x08005c85   Thumb Code    10  stm32f10x_usart.o(.text)
    USART_SendBreak                          0x08005c8f   Thumb Code    10  stm32f10x_usart.o(.text)
    USART_SetGuardTime                       0x08005c99   Thumb Code    16  stm32f10x_usart.o(.text)
    USART_SetPrescaler                       0x08005ca9   Thumb Code    16  stm32f10x_usart.o(.text)
    USART_SmartCardCmd                       0x08005cb9   Thumb Code    24  stm32f10x_usart.o(.text)
    USART_SmartCardNACKCmd                   0x08005cd1   Thumb Code    24  stm32f10x_usart.o(.text)
    USART_HalfDuplexCmd                      0x08005ce9   Thumb Code    24  stm32f10x_usart.o(.text)
    USART_OverSampling8Cmd                   0x08005d01   Thumb Code    22  stm32f10x_usart.o(.text)
    USART_OneBitMethodCmd                    0x08005d17   Thumb Code    24  stm32f10x_usart.o(.text)
    USART_IrDAConfig                         0x08005d2f   Thumb Code    18  stm32f10x_usart.o(.text)
    USART_IrDACmd                            0x08005d41   Thumb Code    24  stm32f10x_usart.o(.text)
    USART_GetFlagStatus                      0x08005d59   Thumb Code    26  stm32f10x_usart.o(.text)
    USART_ClearFlag                          0x08005d73   Thumb Code    18  stm32f10x_usart.o(.text)
    USART_GetITStatus                        0x08005d85   Thumb Code    84  stm32f10x_usart.o(.text)
    USART_ClearITPendingBit                  0x08005dd9   Thumb Code    52  stm32f10x_usart.o(.text)
    mymemcpy                                 0x08005e0d   Thumb Code    26  malloc.o(.text)
    mymemset                                 0x08005e27   Thumb Code    20  malloc.o(.text)
    mem_init                                 0x08005e3b   Thumb Code    54  malloc.o(.text)
    mem_perused                              0x08005e71   Thumb Code    54  malloc.o(.text)
    mem_malloc                               0x08005ea7   Thumb Code   162  malloc.o(.text)
    mem_free                                 0x08005f49   Thumb Code    94  malloc.o(.text)
    myfree                                   0x08005fa7   Thumb Code    32  malloc.o(.text)
    mymalloc                                 0x08005fc7   Thumb Code    36  malloc.o(.text)
    myrealloc                                0x08005feb   Thumb Code    68  malloc.o(.text)
    disk_initialize                          0x08006041   Thumb Code    90  diskio.o(.text)
    disk_status                              0x0800609b   Thumb Code     6  diskio.o(.text)
    disk_read                                0x080060a1   Thumb Code   122  diskio.o(.text)
    disk_write                               0x0800611b   Thumb Code   102  diskio.o(.text)
    disk_ioctl                               0x08006181   Thumb Code   154  diskio.o(.text)
    get_fattime                              0x0800621b   Thumb Code     4  diskio.o(.text)
    ff_memalloc                              0x0800621f   Thumb Code    14  diskio.o(.text)
    ff_memfree                               0x0800622d   Thumb Code    14  diskio.o(.text)
    clust2sect                               0x080063ed   Thumb Code    26  ff.o(.text)
    get_fat                                  0x08006407   Thumb Code   228  ff.o(.text)
    put_fat                                  0x080064eb   Thumb Code   310  ff.o(.text)
    gen_numname                              0x08006aad   Thumb Code   190  ff.o(.text)
    f_mount                                  0x08007845   Thumb Code    38  ff.o(.text)
    f_open                                   0x0800786b   Thumb Code   396  ff.o(.text)
    f_read                                   0x080079f7   Thumb Code   476  ff.o(.text)
    f_write                                  0x08007bd3   Thumb Code   550  ff.o(.text)
    f_sync                                   0x08007df9   Thumb Code   184  ff.o(.text)
    f_close                                  0x08007eb1   Thumb Code    22  ff.o(.text)
    f_chdrive                                0x08007ec7   Thumb Code    18  ff.o(.text)
    f_chdir                                  0x08007ed9   Thumb Code   124  ff.o(.text)
    f_lseek                                  0x08007f55   Thumb Code   734  ff.o(.text)
    f_opendir                                0x08008233   Thumb Code   142  ff.o(.text)
    f_readdir                                0x080082c1   Thumb Code   112  ff.o(.text)
    f_stat                                   0x08008331   Thumb Code    82  ff.o(.text)
    f_getfree                                0x08008383   Thumb Code   276  ff.o(.text)
    f_truncate                               0x08008497   Thumb Code   156  ff.o(.text)
    f_unlink                                 0x08008533   Thumb Code   222  ff.o(.text)
    f_mkdir                                  0x08008611   Thumb Code   432  ff.o(.text)
    f_chmod                                  0x080087c1   Thumb Code   126  ff.o(.text)
    f_utime                                  0x0800883f   Thumb Code   124  ff.o(.text)
    f_rename                                 0x080088bb   Thumb Code   332  ff.o(.text)
    f_mkfs                                   0x08008a07   Thumb Code  1584  ff.o(.text)
    f_gets                                   0x08009037   Thumb Code    78  ff.o(.text)
    f_putc                                   0x08009085   Thumb Code    38  ff.o(.text)
    f_puts                                   0x080090ab   Thumb Code    42  ff.o(.text)
    f_printf                                 0x080090d5   Thumb Code   708  ff.o(.text)
    exfuns_init                              0x08009399   Thumb Code   110  exfuns.o(.text)
    char_upper                               0x08009407   Thumb Code    26  exfuns.o(.text)
    f_typetell                               0x08009421   Thumb Code   188  exfuns.o(.text)
    exf_getfree                              0x080094dd   Thumb Code    74  exfuns.o(.text)
    mf_mount                                 0x0800953d   Thumb Code    18  fattester.o(.text)
    mf_open                                  0x0800954f   Thumb Code    24  fattester.o(.text)
    mf_close                                 0x08009567   Thumb Code    14  fattester.o(.text)
    mf_read                                  0x08009575   Thumb Code   224  fattester.o(.text)
    mf_write                                 0x08009655   Thumb Code    68  fattester.o(.text)
    mf_opendir                               0x08009699   Thumb Code    14  fattester.o(.text)
    mf_readdir                               0x080096a7   Thumb Code   204  fattester.o(.text)
    mf_scan_files                            0x08009773   Thumb Code   120  fattester.o(.text)
    mf_showfree                              0x080097eb   Thumb Code    88  fattester.o(.text)
    mf_lseek                                 0x08009843   Thumb Code    16  fattester.o(.text)
    mf_tell                                  0x08009853   Thumb Code     8  fattester.o(.text)
    mf_size                                  0x0800985b   Thumb Code     8  fattester.o(.text)
    mf_mkdir                                 0x08009863   Thumb Code    12  fattester.o(.text)
    mf_fmkfs                                 0x0800986f   Thumb Code    20  fattester.o(.text)
    mf_unlink                                0x08009883   Thumb Code    12  fattester.o(.text)
    mf_rename                                0x0800988f   Thumb Code    16  fattester.o(.text)
    mf_gets                                  0x0800989f   Thumb Code    38  fattester.o(.text)
    mf_putc                                  0x080098c5   Thumb Code    18  fattester.o(.text)
    mf_puts                                  0x080098d7   Thumb Code    18  fattester.o(.text)
    ff_convert                               0x08009b15   Thumb Code   146  mycc936.o(.text)
    ff_wtoupper                              0x08009ba7   Thumb Code    46  mycc936.o(.text)
    usmart_sys_cmd_exe                       0x08009be1   Thumb Code  1570  usmart.o(.text)
    TIM2_IRQHandler                          0x0800a203   Thumb Code    28  usmart.o(.text)
    Timer2_Init                              0x0800a21f   Thumb Code    98  usmart.o(.text)
    usmart_init                              0x0800a281   Thumb Code    36  usmart.o(.text)
    usmart_cmd_rec                           0x0800a2a5   Thumb Code   170  usmart.o(.text)
    usmart_exe                               0x0800a34f   Thumb Code   708  usmart.o(.text)
    usmart_scan                              0x0800a613   Thumb Code   120  usmart.o(.text)
    read_addr                                0x0800a68b   Thumb Code     6  usmart.o(.text)
    write_addr                               0x0800a691   Thumb Code     4  usmart.o(.text)
    usmart_strcmp                            0x0800a6ed   Thumb Code    34  usmart_str.o(.text)
    usmart_strcopy                           0x0800a70f   Thumb Code    22  usmart_str.o(.text)
    usmart_strlen                            0x0800a725   Thumb Code    24  usmart_str.o(.text)
    usmart_pow                               0x0800a73d   Thumb Code    22  usmart_str.o(.text)
    usmart_str2num                           0x0800a753   Thumb Code   202  usmart_str.o(.text)
    usmart_get_cmdname                       0x0800a81d   Thumb Code    54  usmart_str.o(.text)
    usmart_search_nextc                      0x0800a853   Thumb Code    20  usmart_str.o(.text)
    usmart_get_fname                         0x0800a867   Thumb Code   430  usmart_str.o(.text)
    usmart_get_aparm                         0x0800aa15   Thumb Code   188  usmart_str.o(.text)
    usmart_get_parmpos                       0x0800aad1   Thumb Code    26  usmart_str.o(.text)
    usmart_get_fparam                        0x0800aaeb   Thumb Code   262  usmart_str.o(.text)
    fupd_prog                                0x0800abfd   Thumb Code   134  fontupd.o(.text)
    updata_fontx                             0x0800ac83   Thumb Code   294  fontupd.o(.text)
    update_font                              0x0800ada9   Thumb Code   290  fontupd.o(.text)
    font_init                                0x0800aecb   Thumb Code    52  fontupd.o(.text)
    Get_HzMat                                0x0800af71   Thumb Code   150  text.o(.text)
    Show_Font                                0x0800b007   Thumb Code   244  text.o(.text)
    Show_Str                                 0x0800b0fb   Thumb Code   192  text.o(.text)
    Show_Str_Mid                             0x0800b1bb   Thumb Code   106  text.o(.text)
    __use_no_semihosting                     0x0800b231   Thumb Code     2  use_no_semi_2.o(.text)
    __2printf                                0x0800b235   Thumb Code    20  noretval__2printf.o(.text)
    _printf_pre_padding                      0x0800b24d   Thumb Code    44  _printf_pad.o(.text)
    _printf_post_padding                     0x0800b279   Thumb Code    34  _printf_pad.o(.text)
    _printf_str                              0x0800b29b   Thumb Code    82  _printf_str.o(.text)
    _printf_int_dec                          0x0800b2ed   Thumb Code   104  _printf_dec.o(.text)
    _printf_int_hex                          0x0800b365   Thumb Code    84  _printf_hex_int.o(.text)
    _printf_longlong_hex                     0x0800b365   Thumb Code     0  _printf_hex_int.o(.text)
    __printf                                 0x0800b3bd   Thumb Code   388  __printf_flags_ss_wp.o(.text)
    strcpy                                   0x0800b545   Thumb Code    72  strcpy.o(.text)
    strlen                                   0x0800b58d   Thumb Code    62  strlen.o(.text)
    strcmp                                   0x0800b5cd   Thumb Code   128  strcmpv7m.o(.text)
    __use_two_region_memory                  0x0800b64d   Thumb Code     2  heapauxi.o(.text)
    __rt_heap_escrow$2region                 0x0800b64f   Thumb Code     2  heapauxi.o(.text)
    __rt_heap_expand$2region                 0x0800b651   Thumb Code     2  heapauxi.o(.text)
    __I$use$semihosting                      0x0800b653   Thumb Code     0  use_no_semi.o(.text)
    __use_no_semihosting_swi                 0x0800b653   Thumb Code     2  use_no_semi.o(.text)
    _printf_int_common                       0x0800b655   Thumb Code   178  _printf_intcommon.o(.text)
    _printf_cs_common                        0x0800b707   Thumb Code    20  _printf_char.o(.text)
    _printf_char                             0x0800b71b   Thumb Code    16  _printf_char.o(.text)
    _printf_string                           0x0800b72b   Thumb Code     8  _printf_char.o(.text)
    _printf_char_file                        0x0800b735   Thumb Code    32  _printf_char_file.o(.text)
    _printf_char_common                      0x0800b763   Thumb Code    32  _printf_char_common.o(.text)
    ferror                                   0x0800b789   Thumb Code     8  ferror.o(.text)
    __user_setup_stackheap                   0x0800b791   Thumb Code    74  sys_stackheap_outer.o(.text)
    exit                                     0x0800b7db   Thumb Code    12  exit.o(.text)
    __user_libspace                          0x0800b7e9   Thumb Code     8  libspace.o(.text)
    __user_perproc_libspace                  0x0800b7e9   Thumb Code     0  libspace.o(.text)
    __user_perthread_libspace                0x0800b7e9   Thumb Code     0  libspace.o(.text)
    _is_digit                                0x0800b7f1   Thumb Code    14  __printf_wp.o(i._is_digit)
    __fpl_fcmp_Inf                           0x0800b7ff   Thumb Code    24  fcmpi.o(x$fpl$fcmpinf)
    __aeabi_fdiv                             0x0800b819   Thumb Code     0  fdiv.o(x$fpl$fdiv)
    _fdiv                                    0x0800b819   Thumb Code   384  fdiv.o(x$fpl$fdiv)
    __aeabi_cfcmpeq                          0x0800b99d   Thumb Code     0  feqf.o(x$fpl$feqf)
    _fcmpeq                                  0x0800b99d   Thumb Code   104  feqf.o(x$fpl$feqf)
    __aeabi_f2uiz                            0x0800ba05   Thumb Code     0  ffixu.o(x$fpl$ffixu)
    _ffixu                                   0x0800ba05   Thumb Code    62  ffixu.o(x$fpl$ffixu)
    __aeabi_ui2f                             0x0800ba45   Thumb Code     0  fflt_clz.o(x$fpl$ffltu)
    _ffltu                                   0x0800ba45   Thumb Code    38  fflt_clz.o(x$fpl$ffltu)
    __aeabi_fmul                             0x0800ba6d   Thumb Code     0  fmul.o(x$fpl$fmul)
    _fmul                                    0x0800ba6d   Thumb Code   258  fmul.o(x$fpl$fmul)
    __fpl_fnaninf                            0x0800bb6f   Thumb Code   140  fnaninf.o(x$fpl$fnaninf)
    __fpl_fretinf                            0x0800bbfb   Thumb Code    10  fretinf.o(x$fpl$fretinf)
    __I$use$fp                               0x0800bc04   Number         0  usenofp.o(x$fpl$usenofp)
    asc2_1206                                0x0800bc04   Data        1140  lcd.o(.constdata)
    asc2_1608                                0x0800c078   Data        1520  lcd.o(.constdata)
    memtblsize                               0x0800c668   Data           8  malloc.o(.constdata)
    memblksize                               0x0800c670   Data           8  malloc.o(.constdata)
    memsize                                  0x0800c678   Data           8  malloc.o(.constdata)
    Region$$Table$$Base                      0x0800d040   Number         0  anon$$obj.o(Region$$Table)
    Region$$Table$$Limit                     0x0800d060   Number         0  anon$$obj.o(Region$$Table)
    SystemCoreClock                          0x20000000   Data           4  system_stm32f10x.o(.data)
    AHBPrescTable                            0x20000004   Data          16  system_stm32f10x.o(.data)
    POINT_COLOR                              0x20000016   Data           2  lcd.o(.data)
    BACK_COLOR                               0x20000018   Data           2  lcd.o(.data)
    SPI_FLASH_TYPE                           0x2000001a   Data           2  flash.o(.data)
    SD_Type                                  0x2000001c   Data           1  mmc_sd.o(.data)
    __stdout                                 0x20000024   Data           4  usart.o(.data)
    USART_RX_STA                             0x20000028   Data           2  usart.o(.data)
    mallco_dev                               0x20000040   Data          28  malloc.o(.data)
    FLASH_SECTOR_COUNT                       0x2000005c   Data           2  diskio.o(.data)
    FILE_TYPE_TBL                            0x2000006c   Data         312  exfuns.o(.data)
    fs                                       0x200001a4   Data           8  exfuns.o(.data)
    file                                     0x200001ac   Data           4  exfuns.o(.data)
    ftemp                                    0x200001b0   Data           4  exfuns.o(.data)
    br                                       0x200001b4   Data           4  exfuns.o(.data)
    bw                                       0x200001b8   Data           4  exfuns.o(.data)
    fatbuf                                   0x200001bc   Data           4  exfuns.o(.data)
    sys_cmd_tab                              0x200001c0   Data          24  usmart.o(.data)
    usmart_nametab                           0x200001d8   Data         280  usmart_config.o(.data)
    usmart_dev                               0x200002f0   Data         236  usmart_config.o(.data)
    FONTINFOADDR                             0x200003dc   Data           4  fontupd.o(.data)
    GBK16_SDPATH                             0x200003e0   Data           4  fontupd.o(.data)
    GBK12_SDPATH                             0x200003e4   Data           4  fontupd.o(.data)
    UNIGBK_SDPATH                            0x200003e8   Data           4  fontupd.o(.data)
    GBK16_25QPATH                            0x200003ec   Data           4  fontupd.o(.data)
    GBK12_25QPATH                            0x200003f0   Data           4  fontupd.o(.data)
    UNIGBK_25QPATH                           0x200003f4   Data           4  fontupd.o(.data)
    lcddev                                   0x200003f8   Data          10  lcd.o(.bss)
    SPI_FLASH_BUF                            0x20000402   Data        4096  flash.o(.bss)
    USART_RX_BUF                             0x20001402   Data         200  usart.o(.bss)
    mem1base                                 0x200014cc   Data       40960  malloc.o(.bss)
    mem1mapbase                              0x2000b4cc   Data        2560  malloc.o(.bss)
    fileinfo                                 0x2000becc   Data          32  exfuns.o(.bss)
    dir                                      0x2000beec   Data          36  exfuns.o(.bss)
    ftinfo                                   0x2000bf10   Data          25  fontupd.o(.bss)
    __libspace_start                         0x2000bf2c   Data          96  libspace.o(.bss)
    __temporary_stack_top$libspace           0x2000bf8c   Data           0  libspace.o(.bss)
    mem2base                                 0x68000000   Data       196608  malloc.o(.ARM.__AT_0x68000000)
    mem2mapbase                              0x68030000   Data       12288  malloc.o(.ARM.__AT_0x68030000)



==============================================================================

Memory Map of the image

  Image Entry point : 0x08000131

  Load Region LR_IROM1 (Base: 0x08000000, Size: 0x0000d458, Max: 0x00080000, ABSOLUTE, COMPRESSED[0x0000d204])

    Execution Region ER_IROM1 (Base: 0x08000000, Size: 0x0000d060, Max: 0x00080000, ABSOLUTE)

    Base Addr    Size         Type   Attr      Idx    E Section Name        Object

    0x08000000   0x00000130   Data   RO          353    RESET               startup_stm32f10x_hd.o
    0x08000130   0x00000008   Code   RO          718  * !!!main             c_w.l(__main.o)
    0x08000138   0x00000034   Code   RO          914    !!!scatter          c_w.l(__scatter.o)
    0x0800016c   0x0000005a   Code   RO          912    !!dczerorl2         c_w.l(__dczerorl2.o)
    0x080001c6   0x00000002   PAD
    0x080001c8   0x0000001c   Code   RO          916    !!handler_zi        c_w.l(__scatter_zi.o)
    0x080001e4   0x00000000   Code   RO          709    .ARM.Collect$$_printf_percent$$00000000  c_w.l(_printf_percent.o)
    0x080001e4   0x00000006   Code   RO          707    .ARM.Collect$$_printf_percent$$00000009  c_w.l(_printf_d.o)
    0x080001ea   0x00000006   Code   RO          708    .ARM.Collect$$_printf_percent$$0000000A  c_w.l(_printf_u.o)
    0x080001f0   0x00000006   Code   RO          706    .ARM.Collect$$_printf_percent$$0000000C  c_w.l(_printf_x.o)
    0x080001f6   0x00000006   Code   RO          704    .ARM.Collect$$_printf_percent$$00000013  c_w.l(_printf_c.o)
    0x080001fc   0x00000006   Code   RO          705    .ARM.Collect$$_printf_percent$$00000014  c_w.l(_printf_s.o)
    0x08000202   0x00000004   Code   RO          747    .ARM.Collect$$_printf_percent$$00000017  c_w.l(_printf_percent_end.o)
    0x08000206   0x00000002   Code   RO          787    .ARM.Collect$$libinit$$00000000  c_w.l(libinit.o)
    0x08000208   0x00000000   Code   RO          794    .ARM.Collect$$libinit$$00000002  c_w.l(libinit2.o)
    0x08000208   0x00000000   Code   RO          796    .ARM.Collect$$libinit$$00000004  c_w.l(libinit2.o)
    0x08000208   0x00000000   Code   RO          799    .ARM.Collect$$libinit$$0000000A  c_w.l(libinit2.o)
    0x08000208   0x00000000   Code   RO          801    .ARM.Collect$$libinit$$0000000C  c_w.l(libinit2.o)
    0x08000208   0x00000000   Code   RO          803    .ARM.Collect$$libinit$$0000000E  c_w.l(libinit2.o)
    0x08000208   0x00000000   Code   RO          806    .ARM.Collect$$libinit$$00000011  c_w.l(libinit2.o)
    0x08000208   0x00000000   Code   RO          808    .ARM.Collect$$libinit$$00000013  c_w.l(libinit2.o)
    0x08000208   0x00000000   Code   RO          810    .ARM.Collect$$libinit$$00000015  c_w.l(libinit2.o)
    0x08000208   0x00000000   Code   RO          812    .ARM.Collect$$libinit$$00000017  c_w.l(libinit2.o)
    0x08000208   0x00000000   Code   RO          814    .ARM.Collect$$libinit$$00000019  c_w.l(libinit2.o)
    0x08000208   0x00000000   Code   RO          816    .ARM.Collect$$libinit$$0000001B  c_w.l(libinit2.o)
    0x08000208   0x00000000   Code   RO          818    .ARM.Collect$$libinit$$0000001D  c_w.l(libinit2.o)
    0x08000208   0x00000000   Code   RO          820    .ARM.Collect$$libinit$$0000001F  c_w.l(libinit2.o)
    0x08000208   0x00000000   Code   RO          822    .ARM.Collect$$libinit$$00000021  c_w.l(libinit2.o)
    0x08000208   0x00000000   Code   RO          824    .ARM.Collect$$libinit$$00000023  c_w.l(libinit2.o)
    0x08000208   0x00000000   Code   RO          826    .ARM.Collect$$libinit$$00000025  c_w.l(libinit2.o)
    0x08000208   0x00000000   Code   RO          830    .ARM.Collect$$libinit$$0000002C  c_w.l(libinit2.o)
    0x08000208   0x00000000   Code   RO          832    .ARM.Collect$$libinit$$0000002E  c_w.l(libinit2.o)
    0x08000208   0x00000000   Code   RO          834    .ARM.Collect$$libinit$$00000030  c_w.l(libinit2.o)
    0x08000208   0x00000000   Code   RO          836    .ARM.Collect$$libinit$$00000032  c_w.l(libinit2.o)
    0x08000208   0x00000002   Code   RO          837    .ARM.Collect$$libinit$$00000033  c_w.l(libinit2.o)
    0x0800020a   0x00000002   Code   RO          855    .ARM.Collect$$libshutdown$$00000000  c_w.l(libshutdown.o)
    0x0800020c   0x00000000   Code   RO          866    .ARM.Collect$$libshutdown$$00000003  c_w.l(libshutdown2.o)
    0x0800020c   0x00000000   Code   RO          869    .ARM.Collect$$libshutdown$$00000006  c_w.l(libshutdown2.o)
    0x0800020c   0x00000000   Code   RO          872    .ARM.Collect$$libshutdown$$00000009  c_w.l(libshutdown2.o)
    0x0800020c   0x00000000   Code   RO          874    .ARM.Collect$$libshutdown$$0000000B  c_w.l(libshutdown2.o)
    0x0800020c   0x00000000   Code   RO          877    .ARM.Collect$$libshutdown$$0000000E  c_w.l(libshutdown2.o)
    0x0800020c   0x00000002   Code   RO          878    .ARM.Collect$$libshutdown$$0000000F  c_w.l(libshutdown2.o)
    0x0800020e   0x00000000   Code   RO          740    .ARM.Collect$$rtentry$$00000000  c_w.l(__rtentry.o)
    0x0800020e   0x00000000   Code   RO          756    .ARM.Collect$$rtentry$$00000002  c_w.l(__rtentry2.o)
    0x0800020e   0x00000006   Code   RO          768    .ARM.Collect$$rtentry$$00000004  c_w.l(__rtentry4.o)
    0x08000214   0x00000000   Code   RO          758    .ARM.Collect$$rtentry$$00000009  c_w.l(__rtentry2.o)
    0x08000214   0x00000004   Code   RO          759    .ARM.Collect$$rtentry$$0000000A  c_w.l(__rtentry2.o)
    0x08000218   0x00000000   Code   RO          761    .ARM.Collect$$rtentry$$0000000C  c_w.l(__rtentry2.o)
    0x08000218   0x00000008   Code   RO          762    .ARM.Collect$$rtentry$$0000000D  c_w.l(__rtentry2.o)
    0x08000220   0x00000002   Code   RO          791    .ARM.Collect$$rtexit$$00000000  c_w.l(rtexit.o)
    0x08000222   0x00000000   Code   RO          839    .ARM.Collect$$rtexit$$00000002  c_w.l(rtexit2.o)
    0x08000222   0x00000004   Code   RO          840    .ARM.Collect$$rtexit$$00000003  c_w.l(rtexit2.o)
    0x08000226   0x00000006   Code   RO          841    .ARM.Collect$$rtexit$$00000004  c_w.l(rtexit2.o)
    0x0800022c   0x00000450   Code   RO            1    .text               main.o
    0x0800067c   0x0000001a   Code   RO          125    .text               stm32f10x_it.o
    0x08000696   0x00000002   PAD
    0x08000698   0x000001e0   Code   RO          157    .text               system_stm32f10x.o
    0x08000878   0x0000004c   Code   RO          175    .text               led.o
    0x080008c4   0x000000fc   Code   RO          187    .text               key.o
    0x080009c0   0x000023c8   Code   RO          200    .text               lcd.o
    0x08002d88   0x00000108   Code   RO          223    .text               spi.o
    0x08002e90   0x00000384   Code   RO          238    .text               flash.o
    0x08003214   0x00000118   Code   RO          257    .text               sram.o
    0x0800332c   0x00000560   Code   RO          273    .text               mmc_sd.o
    0x0800388c   0x000000d4   Code   RO          291    .text               delay.o
    0x08003960   0x0000000c   Code   RO          305    .text               sys.o
    0x0800396c   0x00000148   Code   RO          317    .text               usart.o
    0x08003ab4   0x00000040   Code   RO          354    .text               startup_stm32f10x_hd.o
    0x08003af4   0x000000dc   Code   RO          358    .text               misc.o
    0x08003bd0   0x0000060c   Code   RO          370    .text               stm32f10x_fsmc.o
    0x080041dc   0x0000035c   Code   RO          382    .text               stm32f10x_gpio.o
    0x08004538   0x000003a4   Code   RO          394    .text               stm32f10x_rcc.o
    0x080048dc   0x0000030c   Code   RO          408    .text               stm32f10x_spi.o
    0x08004be8   0x00000e1a   Code   RO          420    .text               stm32f10x_tim.o
    0x08005a02   0x00000002   PAD
    0x08005a04   0x00000408   Code   RO          432    .text               stm32f10x_usart.o
    0x08005e0c   0x00000234   Code   RO          444    .text               malloc.o
    0x08006040   0x00000208   Code   RO          466    .text               diskio.o
    0x08006248   0x00003150   Code   RO          488    .text               ff.o
    0x08009398   0x000001a4   Code   RO          509    .text               exfuns.o
    0x0800953c   0x000005d8   Code   RO          539    .text               fattester.o
    0x08009b14   0x000000cc   Code   RO          558    .text               mycc936.o
    0x08009be0   0x00000b0c   Code   RO          571    .text               usmart.o
    0x0800a6ec   0x00000510   Code   RO          603    .text               usmart_str.o
    0x0800abfc   0x00000374   Code   RO          615    .text               fontupd.o
    0x0800af70   0x000002c0   Code   RO          635    .text               text.o
    0x0800b230   0x00000002   Code   RO          649    .text               c_w.l(use_no_semi_2.o)
    0x0800b232   0x00000002   PAD
    0x0800b234   0x00000018   Code   RO          653    .text               c_w.l(noretval__2printf.o)
    0x0800b24c   0x0000004e   Code   RO          657    .text               c_w.l(_printf_pad.o)
    0x0800b29a   0x00000052   Code   RO          659    .text               c_w.l(_printf_str.o)
    0x0800b2ec   0x00000078   Code   RO          661    .text               c_w.l(_printf_dec.o)
    0x0800b364   0x00000058   Code   RO          666    .text               c_w.l(_printf_hex_int.o)
    0x0800b3bc   0x00000188   Code   RO          701    .text               c_w.l(__printf_flags_ss_wp.o)
    0x0800b544   0x00000048   Code   RO          710    .text               c_w.l(strcpy.o)
    0x0800b58c   0x0000003e   Code   RO          712    .text               c_w.l(strlen.o)
    0x0800b5ca   0x00000002   PAD
    0x0800b5cc   0x00000080   Code   RO          714    .text               c_w.l(strcmpv7m.o)
    0x0800b64c   0x00000006   Code   RO          716    .text               c_w.l(heapauxi.o)
    0x0800b652   0x00000002   Code   RO          738    .text               c_w.l(use_no_semi.o)
    0x0800b654   0x000000b2   Code   RO          741    .text               c_w.l(_printf_intcommon.o)
    0x0800b706   0x0000002c   Code   RO          743    .text               c_w.l(_printf_char.o)
    0x0800b732   0x00000002   PAD
    0x0800b734   0x00000024   Code   RO          745    .text               c_w.l(_printf_char_file.o)
    0x0800b758   0x00000030   Code   RO          770    .text               c_w.l(_printf_char_common.o)
    0x0800b788   0x00000008   Code   RO          772    .text               c_w.l(ferror.o)
    0x0800b790   0x0000004a   Code   RO          776    .text               c_w.l(sys_stackheap_outer.o)
    0x0800b7da   0x0000000c   Code   RO          780    .text               c_w.l(exit.o)
    0x0800b7e6   0x00000002   PAD
    0x0800b7e8   0x00000008   Code   RO          788    .text               c_w.l(libspace.o)
    0x0800b7f0   0x0000000e   Code   RO          694    i._is_digit         c_w.l(__printf_wp.o)
    0x0800b7fe   0x00000018   Code   RO          748    x$fpl$fcmpinf       fz_ws.l(fcmpi.o)
    0x0800b816   0x00000002   PAD
    0x0800b818   0x00000184   Code   RO          721    x$fpl$fdiv          fz_ws.l(fdiv.o)
    0x0800b99c   0x00000068   Code   RO          724    x$fpl$feqf          fz_ws.l(feqf.o)
    0x0800ba04   0x0000003e   Code   RO          726    x$fpl$ffixu         fz_ws.l(ffixu.o)
    0x0800ba42   0x00000002   PAD
    0x0800ba44   0x00000026   Code   RO          730    x$fpl$ffltu         fz_ws.l(fflt_clz.o)
    0x0800ba6a   0x00000002   PAD
    0x0800ba6c   0x00000102   Code   RO          736    x$fpl$fmul          fz_ws.l(fmul.o)
    0x0800bb6e   0x0000008c   Code   RO          750    x$fpl$fnaninf       fz_ws.l(fnaninf.o)
    0x0800bbfa   0x0000000a   Code   RO          752    x$fpl$fretinf       fz_ws.l(fretinf.o)
    0x0800bc04   0x00000000   Code   RO          754    x$fpl$usenofp       fz_ws.l(usenofp.o)
    0x0800bc04   0x00000a64   Data   RO          202    .constdata          lcd.o
    0x0800c668   0x00000018   Data   RO          448    .constdata          malloc.o
    0x0800c680   0x0000003a   Data   RO          489    .constdata          ff.o
    0x0800c6ba   0x000003c0   Data   RO          559    .constdata          mycc936.o
    0x0800ca7a   0x00000028   Data   RO          667    .constdata          c_w.l(_printf_hex_int.o)
    0x0800caa2   0x00000011   Data   RO          702    .constdata          c_w.l(__printf_flags_ss_wp.o)
    0x0800cab3   0x00000001   PAD
    0x0800cab4   0x00000064   Data   RO          511    .conststring        exfuns.o
    0x0800cb18   0x00000020   Data   RO          572    .conststring        usmart.o
    0x0800cb38   0x0000045f   Data   RO          587    .conststring        usmart_config.o
    0x0800cf97   0x00000001   PAD
    0x0800cf98   0x000000a5   Data   RO          617    .conststring        fontupd.o
    0x0800d03d   0x00000003   PAD
    0x0800d040   0x00000020   Data   RO          910    Region$$Table       anon$$obj.o


    Execution Region RW_IRAM1 (Base: 0x20000000, Size: 0x0000c590, Max: 0x00010000, ABSOLUTE, COMPRESSED[0x000001a4])

    Base Addr    Size         Type   Attr      Idx    E Section Name        Object

    0x20000000   0x00000014   Data   RW          158    .data               system_stm32f10x.o
    0x20000014   0x00000001   Data   RW          188    .data               key.o
    0x20000015   0x00000001   PAD
    0x20000016   0x00000004   Data   RW          203    .data               lcd.o
    0x2000001a   0x00000002   Data   RW          240    .data               flash.o
    0x2000001c   0x00000001   Data   RW          274    .data               mmc_sd.o
    0x2000001d   0x00000001   PAD
    0x2000001e   0x00000004   Data   RW          292    .data               delay.o
    0x20000022   0x00000002   PAD
    0x20000024   0x00000006   Data   RW          319    .data               usart.o
    0x2000002a   0x00000014   Data   RW          395    .data               stm32f10x_rcc.o
    0x2000003e   0x00000002   PAD
    0x20000040   0x0000001c   Data   RW          449    .data               malloc.o
    0x2000005c   0x00000002   Data   RW          467    .data               diskio.o
    0x2000005e   0x00000002   PAD
    0x20000060   0x0000000b   Data   RW          490    .data               ff.o
    0x2000006b   0x00000001   PAD
    0x2000006c   0x00000154   Data   RW          512    .data               exfuns.o
    0x200001c0   0x00000018   Data   RW          573    .data               usmart.o
    0x200001d8   0x00000204   Data   RW          588    .data               usmart_config.o
    0x200003dc   0x0000001c   Data   RW          618    .data               fontupd.o
    0x200003f8   0x0000000a   Zero   RW          201    .bss                lcd.o
    0x20000402   0x00001000   Zero   RW          239    .bss                flash.o
    0x20001402   0x000000c8   Zero   RW          318    .bss                usart.o
    0x200014ca   0x00000002   PAD
    0x200014cc   0x0000aa00   Zero   RW          447    .bss                malloc.o
    0x2000becc   0x00000044   Zero   RW          510    .bss                exfuns.o
    0x2000bf10   0x00000019   Zero   RW          616    .bss                fontupd.o
    0x2000bf29   0x00000003   PAD
    0x2000bf2c   0x00000060   Zero   RW          789    .bss                c_w.l(libspace.o)
    0x2000bf8c   0x00000004   PAD
    0x2000bf90   0x00000200   Zero   RW          352    HEAP                startup_stm32f10x_hd.o
    0x2000c190   0x00000400   Zero   RW          351    STACK               startup_stm32f10x_hd.o



  Load Region LR$$.ARM.__AT_0x68000000 (Base: 0x68000000, Size: 0x00000000, Max: 0x00030000, ABSOLUTE)

    Execution Region ER$$.ARM.__AT_0x68000000 (Base: 0x68000000, Size: 0x00030000, Max: 0x00030000, ABSOLUTE, UNINIT)

    Base Addr    Size         Type   Attr      Idx    E Section Name        Object

    0x68000000   0x00030000   Zero   RW          445    .ARM.__AT_0x68000000  malloc.o



  Load Region LR$$.ARM.__AT_0x68030000 (Base: 0x68030000, Size: 0x00000000, Max: 0x00003000, ABSOLUTE)

    Execution Region ER$$.ARM.__AT_0x68030000 (Base: 0x68030000, Size: 0x00003000, Max: 0x00003000, ABSOLUTE, UNINIT)

    Base Addr    Size         Type   Attr      Idx    E Section Name        Object

    0x68030000   0x00003000   Zero   RW          446    .ARM.__AT_0x68030000  malloc.o


==============================================================================

Image component sizes


      Code (inc. data)   RO Data    RW Data    ZI Data      Debug   Object Name

         0          0          0          0          0         32   core_cm3.o
       212         18          0          4          0        991   delay.o
       520         14          0          2          0       4126   diskio.o
       420         22        100        340         68       2568   exfuns.o
      1496        556          0          0          0       4908   fattester.o
     12624        132         58         11          0      35175   ff.o
       900         30          0          2       4096       4333   flash.o
       884        114        165         28         25       3504   fontupd.o
       252         12          0          1          0        820   key.o
      9160        140       2660          4         10      15924   lcd.o
        76          8          0          0          0        487   led.o
      1104        288          0          0          0     268899   main.o
       564         18         24         28     252416       4464   malloc.o
       220         22          0          0          0       1777   misc.o
      1376         24          0          1          0       5662   mmc_sd.o
       204         12        960          0          0       1557   mycc936.o
       264         10          0          0          0       1085   spi.o
       280         16          0          0          0       1921   sram.o
        64         26        304          0       1536        784   startup_stm32f10x_hd.o
      1548         18          0          0          0       5323   stm32f10x_fsmc.o
       860         38          0          0          0       5621   stm32f10x_gpio.o
        26          0          0          0          0       1170   stm32f10x_it.o
       932         36          0         20          0       8780   stm32f10x_rcc.o
       780         14          0          0          0       6502   stm32f10x_spi.o
      3610         88          0          0          0      22104   stm32f10x_tim.o
      1032         22          0          0          0       8348   stm32f10x_usart.o
        12          0          0          0          0        441   sys.o
       480         38          0         20          0       1707   system_stm32f10x.o
       704         12          0          0          0       2912   text.o
       328         18          0          6        200       3110   usart.o
      2828       1156         32         24          0       3926   usmart.o
         0          0       1119        516          0       1652   usmart_config.o
      1296         12          0          0          0       5001   usmart_str.o

    ----------------------------------------------------------------------
     45060       2914       5458       1016     258356     435614   Object Totals
         0          0         32          0          0          0   (incl. Generated)
         4          0          4          9          5          0   (incl. Padding)

    ----------------------------------------------------------------------

      Code (inc. data)   RO Data    RW Data    ZI Data      Debug   Library Member Name

        90          0          0          0          0          0   __dczerorl2.o
         8          0          0          0          0         68   __main.o
       392          4         17          0          0         92   __printf_flags_ss_wp.o
        14          0          0          0          0         68   __printf_wp.o
         0          0          0          0          0          0   __rtentry.o
        12          0          0          0          0          0   __rtentry2.o
         6          0          0          0          0          0   __rtentry4.o
        52          8          0          0          0          0   __scatter.o
        28          0          0          0          0          0   __scatter_zi.o
         6          0          0          0          0          0   _printf_c.o
        44          0          0          0          0        108   _printf_char.o
        48          6          0          0          0         96   _printf_char_common.o
        36          4          0          0          0         80   _printf_char_file.o
         6          0          0          0          0          0   _printf_d.o
       120         16          0          0          0         92   _printf_dec.o
        88          4         40          0          0         88   _printf_hex_int.o
       178          0          0          0          0         88   _printf_intcommon.o
        78          0          0          0          0        108   _printf_pad.o
         0          0          0          0          0          0   _printf_percent.o
         4          0          0          0          0          0   _printf_percent_end.o
         6          0          0          0          0          0   _printf_s.o
        82          0          0          0          0         80   _printf_str.o
         6          0          0          0          0          0   _printf_u.o
         6          0          0          0          0          0   _printf_x.o
        12          0          0          0          0         72   exit.o
         8          0          0          0          0         68   ferror.o
         6          0          0          0          0        152   heapauxi.o
         2          0          0          0          0          0   libinit.o
         2          0          0          0          0          0   libinit2.o
         2          0          0          0          0          0   libshutdown.o
         2          0          0          0          0          0   libshutdown2.o
         8          4          0          0         96         68   libspace.o
        24          4          0          0          0         84   noretval__2printf.o
         2          0          0          0          0          0   rtexit.o
        10          0          0          0          0          0   rtexit2.o
       128          0          0          0          0         68   strcmpv7m.o
        72          0          0          0          0         80   strcpy.o
        62          0          0          0          0         76   strlen.o
        74          0          0          0          0         80   sys_stackheap_outer.o
         2          0          0          0          0         68   use_no_semi.o
         2          0          0          0          0         68   use_no_semi_2.o
        24          0          0          0          0         68   fcmpi.o
       388         76          0          0          0         96   fdiv.o
       104          4          0          0          0         84   feqf.o
        62          4          0          0          0         84   ffixu.o
        38          0          0          0          0         68   fflt_clz.o
       258          4          0          0          0         84   fmul.o
       140          4          0          0          0         84   fnaninf.o
        10          0          0          0          0         68   fretinf.o
         0          0          0          0          0          0   usenofp.o

    ----------------------------------------------------------------------
      2768        142         58          0        100       2488   Library Totals
        16          0          1          0          4          0   (incl. Padding)

    ----------------------------------------------------------------------

      Code (inc. data)   RO Data    RW Data    ZI Data      Debug   Library Name

      1728         50         57          0         96       1852   c_w.l
      1024         92          0          0          0        636   fz_ws.l

    ----------------------------------------------------------------------
      2768        142         58          0        100       2488   Library Totals

    ----------------------------------------------------------------------

==============================================================================


      Code (inc. data)   RO Data    RW Data    ZI Data      Debug   

     47828       3056       5516       1016     258456     434042   Grand Totals
     47828       3056       5516        420     258456     434042   ELF Image Totals (compressed)
     47828       3056       5516        420          0          0   ROM Totals

==============================================================================

    Total RO  Size (Code + RO Data)                53344 (  52.09kB)
    Total RW  Size (RW Data + ZI Data)            259472 ( 253.39kB)
    Total ROM Size (Code + RO Data + RW Data)      53764 (  52.50kB)

==============================================================================

