<html>
<body>
<pre>
<h1>礦ision Build Log</h1>
<h2>Tool Versions:</h2>
IDE-Version: μVision V5.12.0.0
Copyright (C) 2014 ARM Ltd and ARM Germany GmbH. All rights reserved.
License Information: j j, j, LIC=9WSLQ-NNZZ1-NNTAF-6Q0XD-LI2F5-105T5
 
Tool Versions:
Toolchain:       MDK-ARM Standard  Version: 5.12.0.0
Toolchain Path:  D:\Keil_v5\ARM\ARMCC\Bin
C Compiler:      Armcc.exe V5.05 (build 41)
Assembler:       Armasm.exe V5.05 (build 41)
Linker/Locator:  ArmLink.exe V5.05 (build 41)
Library Manager: ArmAr.exe V5.05 (build 41)
Hex Converter:   FromElf.exe V5.05 (build 41)
CPU DLL:         SARMCM3.DLL V5.12.0.0
Dialog DLL:      DARMSTM.DLL V1.65.0.0
    Target DLL: Segger\JL2CM3.dll
Dialog DLL:      TARMSTM.DLL V1.64.0.0
 
<h2>Project:</h2>
E:\WORK\Project_List\GUI_01\2014.06.25pwm，空速，定距离完成。\USART.uvproj
Project File Date:  01/23/2015

<h2>Output:</h2>
Build target 'Target 1'
compiling main.c...
user\main\main.c(79): warning:  #223-D: function "XPT2046_Read_Dat" declared implicitly
              XPT2046_Read_Dat(&X1, &Y1);
user\main\main.c: 1 warning, 0 errors
compiling SPI.c...
compiling XPT2046.c...
compiling TFT_M.c...
compiling button.c...
compiling Window.c...
compiling WindowP.c...
linking...
Program Size: Code=79768 RO-data=2376 RW-data=1164 ZI-data=10148  
FromELF: creating hex file...
".\out\USART.axf" - 0 Error(s), 1 Warning(s).
</pre>
</body>
</html>
