<!doctype html public "-//w3c//dtd html 4.0 transitional//en">
<html><head>
<title>Static Call Graph - [.\out\USART.axf]</title></head>
<body><HR>
<H1>Static Call Graph for image .\out\USART.axf</H1><HR>
<BR><P>#&#060CALLGRAPH&#062# ARM Linker, 5050041: Last Updated: Fri Jan 23 23:53:20 2015
<BR><P>
<H3>Maximum Stack Usage =        488 bytes + Unknown(Cycles, Untraceable Function Pointers)</H3><H3>
Call chain for Maximum Stack Depth:</H3>
main &rArr; My_Init &rArr; Creat_All &rArr; Creat_PWindow &rArr; Drow_PWindow &rArr; TFT_Sq_Float &rArr; TFT_Show_Float1 &rArr; TFT_Show_Num1 &rArr; TFT_ShowString1 &rArr; TFT_ShStr &rArr; TFT_SwCr &rArr; My_Dorw_Point &rArr; TFT_DrawPoint &rArr; TFT_Window
<P>
<H3>
Mutually Recursive functions
</H3> <LI><a href="#[2c]">ADC1_2_IRQHandler</a>&nbsp;&nbsp;&nbsp;&rArr;&nbsp;&nbsp;&nbsp;<a href="#[2c]">ADC1_2_IRQHandler</a><BR>
</UL>
<P>
<H3>
Function Pointers
</H3><UL>
 <LI><a href="#[2c]">ADC1_2_IRQHandler</a> from startup_stm32f10x_hd.o(.text) referenced from startup_stm32f10x_hd.o(RESET)
 <LI><a href="#[49]">ADC3_IRQHandler</a> from startup_stm32f10x_hd.o(.text) referenced from startup_stm32f10x_hd.o(RESET)
 <LI><a href="#[14]">BusFault_Handler</a> from stm32f10x_it.o(.text) referenced from startup_stm32f10x_hd.o(RESET)
 <LI><a href="#[2f]">CAN1_RX1_IRQHandler</a> from startup_stm32f10x_hd.o(.text) referenced from startup_stm32f10x_hd.o(RESET)
 <LI><a href="#[30]">CAN1_SCE_IRQHandler</a> from startup_stm32f10x_hd.o(.text) referenced from startup_stm32f10x_hd.o(RESET)
 <LI><a href="#[25]">DMA1_Channel1_IRQHandler</a> from startup_stm32f10x_hd.o(.text) referenced from startup_stm32f10x_hd.o(RESET)
 <LI><a href="#[26]">DMA1_Channel2_IRQHandler</a> from startup_stm32f10x_hd.o(.text) referenced from startup_stm32f10x_hd.o(RESET)
 <LI><a href="#[27]">DMA1_Channel3_IRQHandler</a> from startup_stm32f10x_hd.o(.text) referenced from startup_stm32f10x_hd.o(RESET)
 <LI><a href="#[28]">DMA1_Channel4_IRQHandler</a> from startup_stm32f10x_hd.o(.text) referenced from startup_stm32f10x_hd.o(RESET)
 <LI><a href="#[29]">DMA1_Channel5_IRQHandler</a> from startup_stm32f10x_hd.o(.text) referenced from startup_stm32f10x_hd.o(RESET)
 <LI><a href="#[2a]">DMA1_Channel6_IRQHandler</a> from startup_stm32f10x_hd.o(.text) referenced from startup_stm32f10x_hd.o(RESET)
 <LI><a href="#[2b]">DMA1_Channel7_IRQHandler</a> from startup_stm32f10x_hd.o(.text) referenced from startup_stm32f10x_hd.o(RESET)
 <LI><a href="#[52]">DMA2_Channel1_IRQHandler</a> from startup_stm32f10x_hd.o(.text) referenced from startup_stm32f10x_hd.o(RESET)
 <LI><a href="#[53]">DMA2_Channel2_IRQHandler</a> from startup_stm32f10x_hd.o(.text) referenced from startup_stm32f10x_hd.o(RESET)
 <LI><a href="#[54]">DMA2_Channel3_IRQHandler</a> from startup_stm32f10x_hd.o(.text) referenced from startup_stm32f10x_hd.o(RESET)
 <LI><a href="#[55]">DMA2_Channel4_5_IRQHandler</a> from startup_stm32f10x_hd.o(.text) referenced from startup_stm32f10x_hd.o(RESET)
 <LI><a href="#[17]">DebugMon_Handler</a> from stm32f10x_it.o(.text) referenced from startup_stm32f10x_hd.o(RESET)
 <LI><a href="#[0]">EP1_IN_Callback</a> from usb_endp.o(.text) referenced 2 times from usb_istr.o(.data)
 <LI><a href="#[2]">EP2_OUT_Callback</a> from usb_endp.o(.text) referenced 2 times from usb_istr.o(.data)
 <LI><a href="#[20]">EXTI0_IRQHandler</a> from startup_stm32f10x_hd.o(.text) referenced from startup_stm32f10x_hd.o(RESET)
 <LI><a href="#[42]">EXTI15_10_IRQHandler</a> from startup_stm32f10x_hd.o(.text) referenced from startup_stm32f10x_hd.o(RESET)
 <LI><a href="#[21]">EXTI1_IRQHandler</a> from startup_stm32f10x_hd.o(.text) referenced from startup_stm32f10x_hd.o(RESET)
 <LI><a href="#[22]">EXTI2_IRQHandler</a> from startup_stm32f10x_hd.o(.text) referenced from startup_stm32f10x_hd.o(RESET)
 <LI><a href="#[23]">EXTI3_IRQHandler</a> from startup_stm32f10x_hd.o(.text) referenced from startup_stm32f10x_hd.o(RESET)
 <LI><a href="#[24]">EXTI4_IRQHandler</a> from startup_stm32f10x_hd.o(.text) referenced from startup_stm32f10x_hd.o(RESET)
 <LI><a href="#[31]">EXTI9_5_IRQHandler</a> from stm32f10x_it.o(.text) referenced from startup_stm32f10x_hd.o(RESET)
 <LI><a href="#[1e]">FLASH_IRQHandler</a> from startup_stm32f10x_hd.o(.text) referenced from startup_stm32f10x_hd.o(RESET)
 <LI><a href="#[4a]">FSMC_IRQHandler</a> from startup_stm32f10x_hd.o(.text) referenced from startup_stm32f10x_hd.o(RESET)
 <LI><a href="#[282]">Get_Max_Lun</a> from usb_prop.o(.text) referenced from usb_prop.o(.text)
 <LI><a href="#[12]">HardFault_Handler</a> from stm32f10x_it.o(.text) referenced from startup_stm32f10x_hd.o(RESET)
 <LI><a href="#[3a]">I2C1_ER_IRQHandler</a> from startup_stm32f10x_hd.o(.text) referenced from startup_stm32f10x_hd.o(RESET)
 <LI><a href="#[39]">I2C1_EV_IRQHandler</a> from startup_stm32f10x_hd.o(.text) referenced from startup_stm32f10x_hd.o(RESET)
 <LI><a href="#[3c]">I2C2_ER_IRQHandler</a> from startup_stm32f10x_hd.o(.text) referenced from startup_stm32f10x_hd.o(RESET)
 <LI><a href="#[3b]">I2C2_EV_IRQHandler</a> from startup_stm32f10x_hd.o(.text) referenced from startup_stm32f10x_hd.o(RESET)
 <LI><a href="#[7]">MASS_Data_Setup</a> from usb_prop.o(.text) referenced 2 times from usb_prop.o(.data)
 <LI><a href="#[b]">MASS_GetConfigDescriptor</a> from usb_prop.o(.text) referenced 2 times from usb_prop.o(.data)
 <LI><a href="#[a]">MASS_GetDeviceDescriptor</a> from usb_prop.o(.text) referenced 2 times from usb_prop.o(.data)
 <LI><a href="#[c]">MASS_GetStringDescriptor</a> from usb_prop.o(.text) referenced 2 times from usb_prop.o(.data)
 <LI><a href="#[9]">MASS_Get_Interface_Setting</a> from usb_prop.o(.text) referenced 2 times from usb_prop.o(.data)
 <LI><a href="#[8]">MASS_NoData_Setup</a> from usb_prop.o(.text) referenced 2 times from usb_prop.o(.data)
 <LI><a href="#[4]">MASS_Reset</a> from usb_prop.o(.text) referenced 2 times from usb_prop.o(.data)
 <LI><a href="#[5]">MASS_Status_In</a> from usb_prop.o(.text) referenced 2 times from usb_prop.o(.data)
 <LI><a href="#[6]">MASS_Status_Out</a> from usb_prop.o(.text) referenced 2 times from usb_prop.o(.data)
 <LI><a href="#[3]">MASS_init</a> from usb_prop.o(.text) referenced 2 times from usb_prop.o(.data)
 <LI><a href="#[e]">Mass_Storage_ClearFeature</a> from usb_prop.o(.text) referenced 2 times from usb_prop.o(.data)
 <LI><a href="#[d]">Mass_Storage_SetConfiguration</a> from usb_prop.o(.text) referenced 2 times from usb_prop.o(.data)
 <LI><a href="#[f]">Mass_Storage_SetDeviceAddress</a> from usb_prop.o(.text) referenced 2 times from usb_prop.o(.data)
 <LI><a href="#[13]">MemManage_Handler</a> from stm32f10x_it.o(.text) referenced from startup_stm32f10x_hd.o(RESET)
 <LI><a href="#[11]">NMI_Handler</a> from stm32f10x_it.o(.text) referenced from startup_stm32f10x_hd.o(RESET)
 <LI><a href="#[1]">NOP_Process</a> from usb_core.o(.text) referenced 36 times from usb_istr.o(.data)
 <LI><a href="#[1b]">PVD_IRQHandler</a> from startup_stm32f10x_hd.o(.text) referenced from startup_stm32f10x_hd.o(RESET)
 <LI><a href="#[18]">PendSV_Handler</a> from stm32f10x_it.o(.text) referenced from startup_stm32f10x_hd.o(RESET)
 <LI><a href="#[1f]">RCC_IRQHandler</a> from startup_stm32f10x_hd.o(.text) referenced from startup_stm32f10x_hd.o(RESET)
 <LI><a href="#[43]">RTCAlarm_IRQHandler</a> from startup_stm32f10x_hd.o(.text) referenced from startup_stm32f10x_hd.o(RESET)
 <LI><a href="#[1d]">RTC_IRQHandler</a> from startup_stm32f10x_hd.o(.text) referenced from startup_stm32f10x_hd.o(RESET)
 <LI><a href="#[10]">Reset_Handler</a> from startup_stm32f10x_hd.o(.text) referenced from startup_stm32f10x_hd.o(RESET)
 <LI><a href="#[4b]">SDIO_IRQHandler</a> from sdio_sdcard.o(.text) referenced from startup_stm32f10x_hd.o(RESET)
 <LI><a href="#[3d]">SPI1_IRQHandler</a> from startup_stm32f10x_hd.o(.text) referenced from startup_stm32f10x_hd.o(RESET)
 <LI><a href="#[3e]">SPI2_IRQHandler</a> from startup_stm32f10x_hd.o(.text) referenced from startup_stm32f10x_hd.o(RESET)
 <LI><a href="#[4d]">SPI3_IRQHandler</a> from startup_stm32f10x_hd.o(.text) referenced from startup_stm32f10x_hd.o(RESET)
 <LI><a href="#[16]">SVC_Handler</a> from stm32f10x_it.o(.text) referenced from startup_stm32f10x_hd.o(RESET)
 <LI><a href="#[249]">Standard_GetConfiguration</a> from usb_core.o(.text) referenced from usb_core.o(.text)
 <LI><a href="#[24a]">Standard_GetInterface</a> from usb_core.o(.text) referenced from usb_core.o(.text)
 <LI><a href="#[248]">Standard_GetStatus</a> from usb_core.o(.text) referenced 3 times from usb_core.o(.text)
 <LI><a href="#[19]">SysTick_Handler</a> from stm32f10x_it.o(.text) referenced from startup_stm32f10x_hd.o(RESET)
 <LI><a href="#[57]">SystemInit_ExtMemCtl</a> from startup_stm32f10x_hd.o(.text) referenced from startup_stm32f10x_hd.o(.text)
 <LI><a href="#[1c]">TAMPER_IRQHandler</a> from startup_stm32f10x_hd.o(.text) referenced from startup_stm32f10x_hd.o(RESET)
 <LI><a href="#[32]">TIM1_BRK_IRQHandler</a> from timcap.o(.text) referenced from startup_stm32f10x_hd.o(RESET)
 <LI><a href="#[35]">TIM1_CC_IRQHandler</a> from timcap.o(.text) referenced from startup_stm32f10x_hd.o(RESET)
 <LI><a href="#[34]">TIM1_TRG_COM_IRQHandler</a> from timcap.o(.text) referenced from startup_stm32f10x_hd.o(RESET)
 <LI><a href="#[33]">TIM1_UP_IRQHandler</a> from timcap.o(.text) referenced from startup_stm32f10x_hd.o(RESET)
 <LI><a href="#[36]">TIM2_IRQHandler</a> from timcap.o(.text) referenced from startup_stm32f10x_hd.o(RESET)
 <LI><a href="#[37]">TIM3_IRQHandler</a> from timcap.o(.text) referenced from startup_stm32f10x_hd.o(RESET)
 <LI><a href="#[38]">TIM4_IRQHandler</a> from timcap.o(.text) referenced from startup_stm32f10x_hd.o(RESET)
 <LI><a href="#[4c]">TIM5_IRQHandler</a> from timcap.o(.text) referenced from startup_stm32f10x_hd.o(RESET)
 <LI><a href="#[50]">TIM6_IRQHandler</a> from timcap.o(.text) referenced from startup_stm32f10x_hd.o(RESET)
 <LI><a href="#[51]">TIM7_IRQHandler</a> from timcap.o(.text) referenced from startup_stm32f10x_hd.o(RESET)
 <LI><a href="#[45]">TIM8_BRK_IRQHandler</a> from timcap.o(.text) referenced from startup_stm32f10x_hd.o(RESET)
 <LI><a href="#[48]">TIM8_CC_IRQHandler</a> from timcap.o(.text) referenced from startup_stm32f10x_hd.o(RESET)
 <LI><a href="#[47]">TIM8_TRG_COM_IRQHandler</a> from timcap.o(.text) referenced from startup_stm32f10x_hd.o(RESET)
 <LI><a href="#[46]">TIM8_UP_IRQHandler</a> from timcap.o(.text) referenced from startup_stm32f10x_hd.o(RESET)
 <LI><a href="#[4e]">UART4_IRQHandler</a> from startup_stm32f10x_hd.o(.text) referenced from startup_stm32f10x_hd.o(RESET)
 <LI><a href="#[4f]">UART5_IRQHandler</a> from startup_stm32f10x_hd.o(.text) referenced from startup_stm32f10x_hd.o(RESET)
 <LI><a href="#[3f]">USART1_IRQHandler</a> from usart.o(.text) referenced from startup_stm32f10x_hd.o(RESET)
 <LI><a href="#[40]">USART2_IRQHandler</a> from startup_stm32f10x_hd.o(.text) referenced from startup_stm32f10x_hd.o(RESET)
 <LI><a href="#[41]">USART3_IRQHandler</a> from startup_stm32f10x_hd.o(.text) referenced from startup_stm32f10x_hd.o(RESET)
 <LI><a href="#[44]">USBWakeUp_IRQHandler</a> from startup_stm32f10x_hd.o(.text) referenced from startup_stm32f10x_hd.o(RESET)
 <LI><a href="#[2d]">USB_HP_CAN1_TX_IRQHandler</a> from stm32f10x_it.o(.text) referenced from startup_stm32f10x_hd.o(RESET)
 <LI><a href="#[2e]">USB_LP_CAN1_RX0_IRQHandler</a> from stm32f10x_it.o(.text) referenced from startup_stm32f10x_hd.o(RESET)
 <LI><a href="#[15]">UsageFault_Handler</a> from stm32f10x_it.o(.text) referenced from startup_stm32f10x_hd.o(RESET)
 <LI><a href="#[1a]">WWDG_IRQHandler</a> from startup_stm32f10x_hd.o(.text) referenced from startup_stm32f10x_hd.o(RESET)
 <LI><a href="#[58]">__main</a> from entry.o(.ARM.Collect$$$$00000000) referenced from startup_stm32f10x_hd.o(.text)
 <LI><a href="#[59]">fputc</a> from usart.o(.text) referenced from printf3.o(i.__0printf$3)
 <LI><a href="#[56]">main</a> from main.o(.text) referenced from entry9a.o(.ARM.Collect$$$$0000000B)
</UL>
<P>
<H3>
Global Symbols
</H3>
<P><STRONG><a name="[58]"></a>__main</STRONG> (Thumb, 0 bytes, Stack size unknown bytes, entry.o(.ARM.Collect$$$$00000000))
<BR>[Address Reference Count : 1]<UL><LI> startup_stm32f10x_hd.o(.text)
</UL>
<P><STRONG><a name="[29a]"></a>_main_stk</STRONG> (Thumb, 0 bytes, Stack size unknown bytes, entry2.o(.ARM.Collect$$$$00000001))

<P><STRONG><a name="[5a]"></a>_main_scatterload</STRONG> (Thumb, 0 bytes, Stack size unknown bytes, entry5.o(.ARM.Collect$$$$00000004))
<BR><BR>[Calls]<UL><LI><a href="#[5b]">&gt;&gt;</a>&nbsp;&nbsp;&nbsp;__scatterload
</UL>

<P><STRONG><a name="[296]"></a>__main_after_scatterload</STRONG> (Thumb, 0 bytes, Stack size unknown bytes, entry5.o(.ARM.Collect$$$$00000004))
<BR><BR>[Called By]<UL><LI><a href="#[5b]">&gt;&gt;</a>&nbsp;&nbsp;&nbsp;__scatterload
</UL>

<P><STRONG><a name="[29b]"></a>_main_clock</STRONG> (Thumb, 0 bytes, Stack size unknown bytes, entry7b.o(.ARM.Collect$$$$00000008))

<P><STRONG><a name="[29c]"></a>_main_cpp_init</STRONG> (Thumb, 0 bytes, Stack size unknown bytes, entry8b.o(.ARM.Collect$$$$0000000A))

<P><STRONG><a name="[29d]"></a>_main_init</STRONG> (Thumb, 0 bytes, Stack size unknown bytes, entry9a.o(.ARM.Collect$$$$0000000B))

<P><STRONG><a name="[29e]"></a>__rt_final_cpp</STRONG> (Thumb, 0 bytes, Stack size unknown bytes, entry10a.o(.ARM.Collect$$$$0000000D))

<P><STRONG><a name="[29f]"></a>__rt_final_exit</STRONG> (Thumb, 0 bytes, Stack size unknown bytes, entry11a.o(.ARM.Collect$$$$0000000F))

<P><STRONG><a name="[13a]"></a>NVIC_PriorityGroupConfig</STRONG> (Thumb, 10 bytes, Stack size 0 bytes, misc.o(.text))
<BR><BR>[Called By]<UL><LI><a href="#[98]">&gt;&gt;</a>&nbsp;&nbsp;&nbsp;USART_NVIC_Configuration
<LI><a href="#[9b]">&gt;&gt;</a>&nbsp;&nbsp;&nbsp;TIMER_NVIC_Configuration
<LI><a href="#[25a]">&gt;&gt;</a>&nbsp;&nbsp;&nbsp;USB_Interrupts_Config
<LI><a href="#[1ba]">&gt;&gt;</a>&nbsp;&nbsp;&nbsp;SDIO_Interrupts_Config
</UL>

<P><STRONG><a name="[13b]"></a>NVIC_Init</STRONG> (Thumb, 100 bytes, Stack size 16 bytes, misc.o(.text))
<BR><BR>[Stack]<UL><LI>Max Depth = 16<LI>Call Chain = NVIC_Init
</UL>
<BR>[Called By]<UL><LI><a href="#[98]">&gt;&gt;</a>&nbsp;&nbsp;&nbsp;USART_NVIC_Configuration
<LI><a href="#[9b]">&gt;&gt;</a>&nbsp;&nbsp;&nbsp;TIMER_NVIC_Configuration
<LI><a href="#[25a]">&gt;&gt;</a>&nbsp;&nbsp;&nbsp;USB_Interrupts_Config
<LI><a href="#[1ba]">&gt;&gt;</a>&nbsp;&nbsp;&nbsp;SDIO_Interrupts_Config
</UL>

<P><STRONG><a name="[2a0]"></a>NVIC_SetVectorTable</STRONG> (Thumb, 14 bytes, Stack size 0 bytes, misc.o(.text), UNUSED)

<P><STRONG><a name="[2a1]"></a>NVIC_SystemLPConfig</STRONG> (Thumb, 34 bytes, Stack size 0 bytes, misc.o(.text), UNUSED)

<P><STRONG><a name="[2a2]"></a>SysTick_CLKSourceConfig</STRONG> (Thumb, 40 bytes, Stack size 0 bytes, misc.o(.text), UNUSED)

<P><STRONG><a name="[5c]"></a>GPIO_DeInit</STRONG> (Thumb, 188 bytes, Stack size 8 bytes, stm32f10x_gpio.o(.text), UNUSED)
<BR><BR>[Calls]<UL><LI><a href="#[5d]">&gt;&gt;</a>&nbsp;&nbsp;&nbsp;RCC_APB2PeriphResetCmd
</UL>

<P><STRONG><a name="[5e]"></a>GPIO_AFIODeInit</STRONG> (Thumb, 20 bytes, Stack size 8 bytes, stm32f10x_gpio.o(.text), UNUSED)
<BR><BR>[Calls]<UL><LI><a href="#[5d]">&gt;&gt;</a>&nbsp;&nbsp;&nbsp;RCC_APB2PeriphResetCmd
</UL>

<P><STRONG><a name="[b5]"></a>GPIO_Init</STRONG> (Thumb, 278 bytes, Stack size 24 bytes, stm32f10x_gpio.o(.text))
<BR><BR>[Stack]<UL><LI>Max Depth = 24<LI>Call Chain = GPIO_Init
</UL>
<BR>[Called By]<UL><LI><a href="#[169]">&gt;&gt;</a>&nbsp;&nbsp;&nbsp;i2cInit
<LI><a href="#[148]">&gt;&gt;</a>&nbsp;&nbsp;&nbsp;USART5_Configuration
<LI><a href="#[147]">&gt;&gt;</a>&nbsp;&nbsp;&nbsp;USART4_Configuration
<LI><a href="#[146]">&gt;&gt;</a>&nbsp;&nbsp;&nbsp;USART3_Configuration
<LI><a href="#[145]">&gt;&gt;</a>&nbsp;&nbsp;&nbsp;USART2_Configuration
<LI><a href="#[137]">&gt;&gt;</a>&nbsp;&nbsp;&nbsp;TIM8_Cap_Init
<LI><a href="#[136]">&gt;&gt;</a>&nbsp;&nbsp;&nbsp;TIM5_Cap_Init
<LI><a href="#[135]">&gt;&gt;</a>&nbsp;&nbsp;&nbsp;TIM4_Cap_Init
<LI><a href="#[134]">&gt;&gt;</a>&nbsp;&nbsp;&nbsp;TIM3_Cap_Init
<LI><a href="#[133]">&gt;&gt;</a>&nbsp;&nbsp;&nbsp;TIM2_Cap_Init
<LI><a href="#[131]">&gt;&gt;</a>&nbsp;&nbsp;&nbsp;TIM1_Cap_Init
<LI><a href="#[10b]">&gt;&gt;</a>&nbsp;&nbsp;&nbsp;SPI0_Init
<LI><a href="#[106]">&gt;&gt;</a>&nbsp;&nbsp;&nbsp;SPI3_Init
<LI><a href="#[100]">&gt;&gt;</a>&nbsp;&nbsp;&nbsp;SPI2_Init
<LI><a href="#[fb]">&gt;&gt;</a>&nbsp;&nbsp;&nbsp;SPI1_Init
<LI><a href="#[e6]">&gt;&gt;</a>&nbsp;&nbsp;&nbsp;TIM5_PWM_init
<LI><a href="#[dc]">&gt;&gt;</a>&nbsp;&nbsp;&nbsp;TIM4_PWM_init
<LI><a href="#[d2]">&gt;&gt;</a>&nbsp;&nbsp;&nbsp;TIM3_PWM_init
<LI><a href="#[c7]">&gt;&gt;</a>&nbsp;&nbsp;&nbsp;TIM2_PWM_init
<LI><a href="#[b6]">&gt;&gt;</a>&nbsp;&nbsp;&nbsp;TIM1_PWM_init
<LI><a href="#[99]">&gt;&gt;</a>&nbsp;&nbsp;&nbsp;USART1_Configuration
<LI><a href="#[9c]">&gt;&gt;</a>&nbsp;&nbsp;&nbsp;TIM8_PWM_init
<LI><a href="#[85]">&gt;&gt;</a>&nbsp;&nbsp;&nbsp;My_GPIO_Init
<LI><a href="#[1f4]">&gt;&gt;</a>&nbsp;&nbsp;&nbsp;Fsmc_D_8_Init
<LI><a href="#[1f1]">&gt;&gt;</a>&nbsp;&nbsp;&nbsp;FSMC_RS_CS_Init
<LI><a href="#[1f0]">&gt;&gt;</a>&nbsp;&nbsp;&nbsp;Fsmc_D_16_Init
<LI><a href="#[185]">&gt;&gt;</a>&nbsp;&nbsp;&nbsp;SD_LowLevel_Init
<LI><a href="#[180]">&gt;&gt;</a>&nbsp;&nbsp;&nbsp;SD_LowLevel_DeInit
</UL>

<P><STRONG><a name="[2a3]"></a>GPIO_StructInit</STRONG> (Thumb, 16 bytes, Stack size 0 bytes, stm32f10x_gpio.o(.text), UNUSED)

<P><STRONG><a name="[10a]"></a>GPIO_ReadInputDataBit</STRONG> (Thumb, 18 bytes, Stack size 0 bytes, stm32f10x_gpio.o(.text), UNUSED)
<BR><BR>[Called By]<UL><LI><a href="#[108]">&gt;&gt;</a>&nbsp;&nbsp;&nbsp;SPI0_ReadWriteByte
<LI><a href="#[1a7]">&gt;&gt;</a>&nbsp;&nbsp;&nbsp;SD_Detect
</UL>

<P><STRONG><a name="[2a4]"></a>GPIO_ReadInputData</STRONG> (Thumb, 8 bytes, Stack size 0 bytes, stm32f10x_gpio.o(.text), UNUSED)

<P><STRONG><a name="[2a5]"></a>GPIO_ReadOutputDataBit</STRONG> (Thumb, 18 bytes, Stack size 0 bytes, stm32f10x_gpio.o(.text), UNUSED)

<P><STRONG><a name="[2a6]"></a>GPIO_ReadOutputData</STRONG> (Thumb, 8 bytes, Stack size 0 bytes, stm32f10x_gpio.o(.text), UNUSED)

<P><STRONG><a name="[101]"></a>GPIO_SetBits</STRONG> (Thumb, 4 bytes, Stack size 0 bytes, stm32f10x_gpio.o(.text), UNUSED)
<BR><BR>[Called By]<UL><LI><a href="#[108]">&gt;&gt;</a>&nbsp;&nbsp;&nbsp;SPI0_ReadWriteByte
<LI><a href="#[106]">&gt;&gt;</a>&nbsp;&nbsp;&nbsp;SPI3_Init
<LI><a href="#[100]">&gt;&gt;</a>&nbsp;&nbsp;&nbsp;SPI2_Init
</UL>

<P><STRONG><a name="[109]"></a>GPIO_ResetBits</STRONG> (Thumb, 4 bytes, Stack size 0 bytes, stm32f10x_gpio.o(.text), UNUSED)
<BR><BR>[Called By]<UL><LI><a href="#[108]">&gt;&gt;</a>&nbsp;&nbsp;&nbsp;SPI0_ReadWriteByte
</UL>

<P><STRONG><a name="[2a7]"></a>GPIO_WriteBit</STRONG> (Thumb, 10 bytes, Stack size 0 bytes, stm32f10x_gpio.o(.text), UNUSED)

<P><STRONG><a name="[2a8]"></a>GPIO_Write</STRONG> (Thumb, 4 bytes, Stack size 0 bytes, stm32f10x_gpio.o(.text), UNUSED)

<P><STRONG><a name="[2a9]"></a>GPIO_PinLockConfig</STRONG> (Thumb, 18 bytes, Stack size 0 bytes, stm32f10x_gpio.o(.text), UNUSED)

<P><STRONG><a name="[2aa]"></a>GPIO_EventOutputConfig</STRONG> (Thumb, 26 bytes, Stack size 0 bytes, stm32f10x_gpio.o(.text), UNUSED)

<P><STRONG><a name="[2ab]"></a>GPIO_EventOutputCmd</STRONG> (Thumb, 6 bytes, Stack size 0 bytes, stm32f10x_gpio.o(.text), UNUSED)

<P><STRONG><a name="[105]"></a>GPIO_PinRemapConfig</STRONG> (Thumb, 106 bytes, Stack size 20 bytes, stm32f10x_gpio.o(.text))
<BR><BR>[Stack]<UL><LI>Max Depth = 20<LI>Call Chain = GPIO_PinRemapConfig
</UL>
<BR>[Called By]<UL><LI><a href="#[145]">&gt;&gt;</a>&nbsp;&nbsp;&nbsp;USART2_Configuration
<LI><a href="#[104]">&gt;&gt;</a>&nbsp;&nbsp;&nbsp;Disable_SWJ
</UL>

<P><STRONG><a name="[2ac]"></a>GPIO_EXTILineConfig</STRONG> (Thumb, 66 bytes, Stack size 12 bytes, stm32f10x_gpio.o(.text), UNUSED)

<P><STRONG><a name="[87]"></a>RCC_DeInit</STRONG> (Thumb, 62 bytes, Stack size 0 bytes, stm32f10x_rcc.o(.text))
<BR><BR>[Called By]<UL><LI><a href="#[86]">&gt;&gt;</a>&nbsp;&nbsp;&nbsp;RCC_Configuration
</UL>

<P><STRONG><a name="[88]"></a>RCC_HSEConfig</STRONG> (Thumb, 70 bytes, Stack size 0 bytes, stm32f10x_rcc.o(.text))
<BR><BR>[Called By]<UL><LI><a href="#[86]">&gt;&gt;</a>&nbsp;&nbsp;&nbsp;RCC_Configuration
</UL>

<P><STRONG><a name="[60]"></a>RCC_GetFlagStatus</STRONG> (Thumb, 56 bytes, Stack size 8 bytes, stm32f10x_rcc.o(.text))
<BR><BR>[Stack]<UL><LI>Max Depth = 8<LI>Call Chain = RCC_GetFlagStatus
</UL>
<BR>[Called By]<UL><LI><a href="#[5f]">&gt;&gt;</a>&nbsp;&nbsp;&nbsp;RCC_WaitForHSEStartUp
<LI><a href="#[86]">&gt;&gt;</a>&nbsp;&nbsp;&nbsp;RCC_Configuration
</UL>

<P><STRONG><a name="[5f]"></a>RCC_WaitForHSEStartUp</STRONG> (Thumb, 54 bytes, Stack size 16 bytes, stm32f10x_rcc.o(.text))
<BR><BR>[Stack]<UL><LI>Max Depth = 24<LI>Call Chain = RCC_WaitForHSEStartUp &rArr; RCC_GetFlagStatus
</UL>
<BR>[Calls]<UL><LI><a href="#[60]">&gt;&gt;</a>&nbsp;&nbsp;&nbsp;RCC_GetFlagStatus
</UL>
<BR>[Called By]<UL><LI><a href="#[86]">&gt;&gt;</a>&nbsp;&nbsp;&nbsp;RCC_Configuration
</UL>

<P><STRONG><a name="[2ad]"></a>RCC_AdjustHSICalibrationValue</STRONG> (Thumb, 20 bytes, Stack size 0 bytes, stm32f10x_rcc.o(.text), UNUSED)

<P><STRONG><a name="[2ae]"></a>RCC_HSICmd</STRONG> (Thumb, 6 bytes, Stack size 0 bytes, stm32f10x_rcc.o(.text), UNUSED)

<P><STRONG><a name="[8e]"></a>RCC_PLLConfig</STRONG> (Thumb, 24 bytes, Stack size 0 bytes, stm32f10x_rcc.o(.text))
<BR><BR>[Called By]<UL><LI><a href="#[86]">&gt;&gt;</a>&nbsp;&nbsp;&nbsp;RCC_Configuration
</UL>

<P><STRONG><a name="[8f]"></a>RCC_PLLCmd</STRONG> (Thumb, 6 bytes, Stack size 0 bytes, stm32f10x_rcc.o(.text))
<BR><BR>[Called By]<UL><LI><a href="#[86]">&gt;&gt;</a>&nbsp;&nbsp;&nbsp;RCC_Configuration
</UL>

<P><STRONG><a name="[90]"></a>RCC_SYSCLKConfig</STRONG> (Thumb, 18 bytes, Stack size 0 bytes, stm32f10x_rcc.o(.text))
<BR><BR>[Called By]<UL><LI><a href="#[86]">&gt;&gt;</a>&nbsp;&nbsp;&nbsp;RCC_Configuration
</UL>

<P><STRONG><a name="[91]"></a>RCC_GetSYSCLKSource</STRONG> (Thumb, 10 bytes, Stack size 0 bytes, stm32f10x_rcc.o(.text))
<BR><BR>[Called By]<UL><LI><a href="#[86]">&gt;&gt;</a>&nbsp;&nbsp;&nbsp;RCC_Configuration
</UL>

<P><STRONG><a name="[89]"></a>RCC_HCLKConfig</STRONG> (Thumb, 18 bytes, Stack size 0 bytes, stm32f10x_rcc.o(.text))
<BR><BR>[Called By]<UL><LI><a href="#[86]">&gt;&gt;</a>&nbsp;&nbsp;&nbsp;RCC_Configuration
</UL>

<P><STRONG><a name="[8b]"></a>RCC_PCLK1Config</STRONG> (Thumb, 18 bytes, Stack size 0 bytes, stm32f10x_rcc.o(.text))
<BR><BR>[Called By]<UL><LI><a href="#[86]">&gt;&gt;</a>&nbsp;&nbsp;&nbsp;RCC_Configuration
</UL>

<P><STRONG><a name="[8a]"></a>RCC_PCLK2Config</STRONG> (Thumb, 20 bytes, Stack size 0 bytes, stm32f10x_rcc.o(.text))
<BR><BR>[Called By]<UL><LI><a href="#[86]">&gt;&gt;</a>&nbsp;&nbsp;&nbsp;RCC_Configuration
</UL>

<P><STRONG><a name="[2af]"></a>RCC_ITConfig</STRONG> (Thumb, 26 bytes, Stack size 0 bytes, stm32f10x_rcc.o(.text), UNUSED)

<P><STRONG><a name="[259]"></a>RCC_USBCLKConfig</STRONG> (Thumb, 8 bytes, Stack size 0 bytes, stm32f10x_rcc.o(.text), UNUSED)
<BR><BR>[Called By]<UL><LI><a href="#[258]">&gt;&gt;</a>&nbsp;&nbsp;&nbsp;Set_USBClock
</UL>

<P><STRONG><a name="[2b0]"></a>RCC_ADCCLKConfig</STRONG> (Thumb, 18 bytes, Stack size 0 bytes, stm32f10x_rcc.o(.text), UNUSED)

<P><STRONG><a name="[2b1]"></a>RCC_LSEConfig</STRONG> (Thumb, 50 bytes, Stack size 0 bytes, stm32f10x_rcc.o(.text), UNUSED)

<P><STRONG><a name="[2b2]"></a>RCC_LSICmd</STRONG> (Thumb, 6 bytes, Stack size 0 bytes, stm32f10x_rcc.o(.text), UNUSED)

<P><STRONG><a name="[2b3]"></a>RCC_RTCCLKConfig</STRONG> (Thumb, 12 bytes, Stack size 0 bytes, stm32f10x_rcc.o(.text), UNUSED)

<P><STRONG><a name="[2b4]"></a>RCC_RTCCLKCmd</STRONG> (Thumb, 8 bytes, Stack size 0 bytes, stm32f10x_rcc.o(.text), UNUSED)

<P><STRONG><a name="[64]"></a>RCC_GetClocksFreq</STRONG> (Thumb, 192 bytes, Stack size 12 bytes, stm32f10x_rcc.o(.text))
<BR><BR>[Stack]<UL><LI>Max Depth = 12<LI>Call Chain = RCC_GetClocksFreq
</UL>
<BR>[Called By]<UL><LI><a href="#[83]">&gt;&gt;</a>&nbsp;&nbsp;&nbsp;I2S_Init
<LI><a href="#[63]">&gt;&gt;</a>&nbsp;&nbsp;&nbsp;USART_Init
</UL>

<P><STRONG><a name="[184]"></a>RCC_AHBPeriphClockCmd</STRONG> (Thumb, 26 bytes, Stack size 0 bytes, stm32f10x_rcc.o(.text))
<BR><BR>[Called By]<UL><LI><a href="#[1e6]">&gt;&gt;</a>&nbsp;&nbsp;&nbsp;FSMC_LCD_Init
<LI><a href="#[185]">&gt;&gt;</a>&nbsp;&nbsp;&nbsp;SD_LowLevel_Init
<LI><a href="#[180]">&gt;&gt;</a>&nbsp;&nbsp;&nbsp;SD_LowLevel_DeInit
</UL>

<P><STRONG><a name="[b4]"></a>RCC_APB2PeriphClockCmd</STRONG> (Thumb, 26 bytes, Stack size 0 bytes, stm32f10x_rcc.o(.text))
<BR><BR>[Called By]<UL><LI><a href="#[169]">&gt;&gt;</a>&nbsp;&nbsp;&nbsp;i2cInit
<LI><a href="#[148]">&gt;&gt;</a>&nbsp;&nbsp;&nbsp;USART5_Configuration
<LI><a href="#[147]">&gt;&gt;</a>&nbsp;&nbsp;&nbsp;USART4_Configuration
<LI><a href="#[146]">&gt;&gt;</a>&nbsp;&nbsp;&nbsp;USART3_Configuration
<LI><a href="#[145]">&gt;&gt;</a>&nbsp;&nbsp;&nbsp;USART2_Configuration
<LI><a href="#[13c]">&gt;&gt;</a>&nbsp;&nbsp;&nbsp;TIM_Timing_Init
<LI><a href="#[137]">&gt;&gt;</a>&nbsp;&nbsp;&nbsp;TIM8_Cap_Init
<LI><a href="#[136]">&gt;&gt;</a>&nbsp;&nbsp;&nbsp;TIM5_Cap_Init
<LI><a href="#[135]">&gt;&gt;</a>&nbsp;&nbsp;&nbsp;TIM4_Cap_Init
<LI><a href="#[134]">&gt;&gt;</a>&nbsp;&nbsp;&nbsp;TIM3_Cap_Init
<LI><a href="#[133]">&gt;&gt;</a>&nbsp;&nbsp;&nbsp;TIM2_Cap_Init
<LI><a href="#[131]">&gt;&gt;</a>&nbsp;&nbsp;&nbsp;TIM1_Cap_Init
<LI><a href="#[10b]">&gt;&gt;</a>&nbsp;&nbsp;&nbsp;SPI0_Init
<LI><a href="#[106]">&gt;&gt;</a>&nbsp;&nbsp;&nbsp;SPI3_Init
<LI><a href="#[104]">&gt;&gt;</a>&nbsp;&nbsp;&nbsp;Disable_SWJ
<LI><a href="#[100]">&gt;&gt;</a>&nbsp;&nbsp;&nbsp;SPI2_Init
<LI><a href="#[fb]">&gt;&gt;</a>&nbsp;&nbsp;&nbsp;SPI1_Init
<LI><a href="#[e6]">&gt;&gt;</a>&nbsp;&nbsp;&nbsp;TIM5_PWM_init
<LI><a href="#[dc]">&gt;&gt;</a>&nbsp;&nbsp;&nbsp;TIM4_PWM_init
<LI><a href="#[d2]">&gt;&gt;</a>&nbsp;&nbsp;&nbsp;TIM3_PWM_init
<LI><a href="#[c7]">&gt;&gt;</a>&nbsp;&nbsp;&nbsp;TIM2_PWM_init
<LI><a href="#[b6]">&gt;&gt;</a>&nbsp;&nbsp;&nbsp;TIM1_PWM_init
<LI><a href="#[99]">&gt;&gt;</a>&nbsp;&nbsp;&nbsp;USART1_Configuration
<LI><a href="#[9a]">&gt;&gt;</a>&nbsp;&nbsp;&nbsp;TIM_Init
<LI><a href="#[9c]">&gt;&gt;</a>&nbsp;&nbsp;&nbsp;TIM8_PWM_init
<LI><a href="#[85]">&gt;&gt;</a>&nbsp;&nbsp;&nbsp;My_GPIO_Init
<LI><a href="#[1f4]">&gt;&gt;</a>&nbsp;&nbsp;&nbsp;Fsmc_D_8_Init
<LI><a href="#[1f1]">&gt;&gt;</a>&nbsp;&nbsp;&nbsp;FSMC_RS_CS_Init
<LI><a href="#[1f0]">&gt;&gt;</a>&nbsp;&nbsp;&nbsp;Fsmc_D_16_Init
<LI><a href="#[185]">&gt;&gt;</a>&nbsp;&nbsp;&nbsp;SD_LowLevel_Init
</UL>

<P><STRONG><a name="[c8]"></a>RCC_APB1PeriphClockCmd</STRONG> (Thumb, 26 bytes, Stack size 0 bytes, stm32f10x_rcc.o(.text))
<BR><BR>[Called By]<UL><LI><a href="#[148]">&gt;&gt;</a>&nbsp;&nbsp;&nbsp;USART5_Configuration
<LI><a href="#[147]">&gt;&gt;</a>&nbsp;&nbsp;&nbsp;USART4_Configuration
<LI><a href="#[146]">&gt;&gt;</a>&nbsp;&nbsp;&nbsp;USART3_Configuration
<LI><a href="#[145]">&gt;&gt;</a>&nbsp;&nbsp;&nbsp;USART2_Configuration
<LI><a href="#[13c]">&gt;&gt;</a>&nbsp;&nbsp;&nbsp;TIM_Timing_Init
<LI><a href="#[136]">&gt;&gt;</a>&nbsp;&nbsp;&nbsp;TIM5_Cap_Init
<LI><a href="#[135]">&gt;&gt;</a>&nbsp;&nbsp;&nbsp;TIM4_Cap_Init
<LI><a href="#[134]">&gt;&gt;</a>&nbsp;&nbsp;&nbsp;TIM3_Cap_Init
<LI><a href="#[133]">&gt;&gt;</a>&nbsp;&nbsp;&nbsp;TIM2_Cap_Init
<LI><a href="#[106]">&gt;&gt;</a>&nbsp;&nbsp;&nbsp;SPI3_Init
<LI><a href="#[100]">&gt;&gt;</a>&nbsp;&nbsp;&nbsp;SPI2_Init
<LI><a href="#[e6]">&gt;&gt;</a>&nbsp;&nbsp;&nbsp;TIM5_PWM_init
<LI><a href="#[dc]">&gt;&gt;</a>&nbsp;&nbsp;&nbsp;TIM4_PWM_init
<LI><a href="#[d2]">&gt;&gt;</a>&nbsp;&nbsp;&nbsp;TIM3_PWM_init
<LI><a href="#[c7]">&gt;&gt;</a>&nbsp;&nbsp;&nbsp;TIM2_PWM_init
<LI><a href="#[9a]">&gt;&gt;</a>&nbsp;&nbsp;&nbsp;TIM_Init
<LI><a href="#[258]">&gt;&gt;</a>&nbsp;&nbsp;&nbsp;Set_USBClock
</UL>

<P><STRONG><a name="[5d]"></a>RCC_APB2PeriphResetCmd</STRONG> (Thumb, 26 bytes, Stack size 0 bytes, stm32f10x_rcc.o(.text))
<BR><BR>[Called By]<UL><LI><a href="#[82]">&gt;&gt;</a>&nbsp;&nbsp;&nbsp;SPI_I2S_DeInit
<LI><a href="#[71]">&gt;&gt;</a>&nbsp;&nbsp;&nbsp;TIM_DeInit
<LI><a href="#[61]">&gt;&gt;</a>&nbsp;&nbsp;&nbsp;USART_DeInit
<LI><a href="#[5e]">&gt;&gt;</a>&nbsp;&nbsp;&nbsp;GPIO_AFIODeInit
<LI><a href="#[5c]">&gt;&gt;</a>&nbsp;&nbsp;&nbsp;GPIO_DeInit
</UL>

<P><STRONG><a name="[62]"></a>RCC_APB1PeriphResetCmd</STRONG> (Thumb, 26 bytes, Stack size 0 bytes, stm32f10x_rcc.o(.text))
<BR><BR>[Called By]<UL><LI><a href="#[82]">&gt;&gt;</a>&nbsp;&nbsp;&nbsp;SPI_I2S_DeInit
<LI><a href="#[71]">&gt;&gt;</a>&nbsp;&nbsp;&nbsp;TIM_DeInit
<LI><a href="#[61]">&gt;&gt;</a>&nbsp;&nbsp;&nbsp;USART_DeInit
</UL>

<P><STRONG><a name="[2b5]"></a>RCC_BackupResetCmd</STRONG> (Thumb, 8 bytes, Stack size 0 bytes, stm32f10x_rcc.o(.text), UNUSED)

<P><STRONG><a name="[2b6]"></a>RCC_ClockSecuritySystemCmd</STRONG> (Thumb, 6 bytes, Stack size 0 bytes, stm32f10x_rcc.o(.text), UNUSED)

<P><STRONG><a name="[2b7]"></a>RCC_MCOConfig</STRONG> (Thumb, 6 bytes, Stack size 0 bytes, stm32f10x_rcc.o(.text), UNUSED)

<P><STRONG><a name="[2b8]"></a>RCC_ClearFlag</STRONG> (Thumb, 14 bytes, Stack size 0 bytes, stm32f10x_rcc.o(.text), UNUSED)

<P><STRONG><a name="[2b9]"></a>RCC_GetITStatus</STRONG> (Thumb, 20 bytes, Stack size 0 bytes, stm32f10x_rcc.o(.text), UNUSED)

<P><STRONG><a name="[2ba]"></a>RCC_ClearITPendingBit</STRONG> (Thumb, 6 bytes, Stack size 0 bytes, stm32f10x_rcc.o(.text), UNUSED)

<P><STRONG><a name="[61]"></a>USART_DeInit</STRONG> (Thumb, 146 bytes, Stack size 8 bytes, stm32f10x_usart.o(.text), UNUSED)
<BR><BR>[Calls]<UL><LI><a href="#[62]">&gt;&gt;</a>&nbsp;&nbsp;&nbsp;RCC_APB1PeriphResetCmd
<LI><a href="#[5d]">&gt;&gt;</a>&nbsp;&nbsp;&nbsp;RCC_APB2PeriphResetCmd
</UL>

<P><STRONG><a name="[63]"></a>USART_Init</STRONG> (Thumb, 150 bytes, Stack size 56 bytes, stm32f10x_usart.o(.text))
<BR><BR>[Stack]<UL><LI>Max Depth = 68<LI>Call Chain = USART_Init &rArr; RCC_GetClocksFreq
</UL>
<BR>[Calls]<UL><LI><a href="#[64]">&gt;&gt;</a>&nbsp;&nbsp;&nbsp;RCC_GetClocksFreq
</UL>
<BR>[Called By]<UL><LI><a href="#[148]">&gt;&gt;</a>&nbsp;&nbsp;&nbsp;USART5_Configuration
<LI><a href="#[147]">&gt;&gt;</a>&nbsp;&nbsp;&nbsp;USART4_Configuration
<LI><a href="#[146]">&gt;&gt;</a>&nbsp;&nbsp;&nbsp;USART3_Configuration
<LI><a href="#[145]">&gt;&gt;</a>&nbsp;&nbsp;&nbsp;USART2_Configuration
<LI><a href="#[99]">&gt;&gt;</a>&nbsp;&nbsp;&nbsp;USART1_Configuration
</UL>

<P><STRONG><a name="[2bb]"></a>USART_StructInit</STRONG> (Thumb, 24 bytes, Stack size 0 bytes, stm32f10x_usart.o(.text), UNUSED)

<P><STRONG><a name="[2bc]"></a>USART_ClockInit</STRONG> (Thumb, 34 bytes, Stack size 8 bytes, stm32f10x_usart.o(.text), UNUSED)

<P><STRONG><a name="[2bd]"></a>USART_ClockStructInit</STRONG> (Thumb, 12 bytes, Stack size 0 bytes, stm32f10x_usart.o(.text), UNUSED)

<P><STRONG><a name="[144]"></a>USART_Cmd</STRONG> (Thumb, 24 bytes, Stack size 0 bytes, stm32f10x_usart.o(.text))
<BR><BR>[Called By]<UL><LI><a href="#[148]">&gt;&gt;</a>&nbsp;&nbsp;&nbsp;USART5_Configuration
<LI><a href="#[147]">&gt;&gt;</a>&nbsp;&nbsp;&nbsp;USART4_Configuration
<LI><a href="#[146]">&gt;&gt;</a>&nbsp;&nbsp;&nbsp;USART3_Configuration
<LI><a href="#[145]">&gt;&gt;</a>&nbsp;&nbsp;&nbsp;USART2_Configuration
<LI><a href="#[99]">&gt;&gt;</a>&nbsp;&nbsp;&nbsp;USART1_Configuration
</UL>

<P><STRONG><a name="[143]"></a>USART_ITConfig</STRONG> (Thumb, 64 bytes, Stack size 20 bytes, stm32f10x_usart.o(.text))
<BR><BR>[Stack]<UL><LI>Max Depth = 20<LI>Call Chain = USART_ITConfig
</UL>
<BR>[Called By]<UL><LI><a href="#[3f]">&gt;&gt;</a>&nbsp;&nbsp;&nbsp;USART1_IRQHandler
<LI><a href="#[148]">&gt;&gt;</a>&nbsp;&nbsp;&nbsp;USART5_Configuration
<LI><a href="#[147]">&gt;&gt;</a>&nbsp;&nbsp;&nbsp;USART4_Configuration
<LI><a href="#[146]">&gt;&gt;</a>&nbsp;&nbsp;&nbsp;USART3_Configuration
<LI><a href="#[145]">&gt;&gt;</a>&nbsp;&nbsp;&nbsp;USART2_Configuration
<LI><a href="#[99]">&gt;&gt;</a>&nbsp;&nbsp;&nbsp;USART1_Configuration
</UL>

<P><STRONG><a name="[2be]"></a>USART_DMACmd</STRONG> (Thumb, 18 bytes, Stack size 0 bytes, stm32f10x_usart.o(.text), UNUSED)

<P><STRONG><a name="[2bf]"></a>USART_SetAddress</STRONG> (Thumb, 18 bytes, Stack size 0 bytes, stm32f10x_usart.o(.text), UNUSED)

<P><STRONG><a name="[2c0]"></a>USART_WakeUpConfig</STRONG> (Thumb, 18 bytes, Stack size 0 bytes, stm32f10x_usart.o(.text), UNUSED)

<P><STRONG><a name="[2c1]"></a>USART_ReceiverWakeUpCmd</STRONG> (Thumb, 24 bytes, Stack size 0 bytes, stm32f10x_usart.o(.text), UNUSED)

<P><STRONG><a name="[2c2]"></a>USART_LINBreakDetectLengthConfig</STRONG> (Thumb, 18 bytes, Stack size 0 bytes, stm32f10x_usart.o(.text), UNUSED)

<P><STRONG><a name="[2c3]"></a>USART_LINCmd</STRONG> (Thumb, 24 bytes, Stack size 0 bytes, stm32f10x_usart.o(.text), UNUSED)

<P><STRONG><a name="[14b]"></a>USART_SendData</STRONG> (Thumb, 8 bytes, Stack size 0 bytes, stm32f10x_usart.o(.text))
<BR><BR>[Called By]<UL><LI><a href="#[59]">&gt;&gt;</a>&nbsp;&nbsp;&nbsp;fputc
<LI><a href="#[14c]">&gt;&gt;</a>&nbsp;&nbsp;&nbsp;Send_Hex
<LI><a href="#[149]">&gt;&gt;</a>&nbsp;&nbsp;&nbsp;Send_ASCII
</UL>

<P><STRONG><a name="[14f]"></a>USART_ReceiveData</STRONG> (Thumb, 10 bytes, Stack size 0 bytes, stm32f10x_usart.o(.text))
<BR><BR>[Called By]<UL><LI><a href="#[3f]">&gt;&gt;</a>&nbsp;&nbsp;&nbsp;USART1_IRQHandler
</UL>

<P><STRONG><a name="[2c4]"></a>USART_SendBreak</STRONG> (Thumb, 10 bytes, Stack size 0 bytes, stm32f10x_usart.o(.text), UNUSED)

<P><STRONG><a name="[2c5]"></a>USART_SetGuardTime</STRONG> (Thumb, 16 bytes, Stack size 0 bytes, stm32f10x_usart.o(.text), UNUSED)

<P><STRONG><a name="[2c6]"></a>USART_SetPrescaler</STRONG> (Thumb, 16 bytes, Stack size 0 bytes, stm32f10x_usart.o(.text), UNUSED)

<P><STRONG><a name="[2c7]"></a>USART_SmartCardCmd</STRONG> (Thumb, 24 bytes, Stack size 0 bytes, stm32f10x_usart.o(.text), UNUSED)

<P><STRONG><a name="[2c8]"></a>USART_SmartCardNACKCmd</STRONG> (Thumb, 24 bytes, Stack size 0 bytes, stm32f10x_usart.o(.text), UNUSED)

<P><STRONG><a name="[2c9]"></a>USART_HalfDuplexCmd</STRONG> (Thumb, 24 bytes, Stack size 0 bytes, stm32f10x_usart.o(.text), UNUSED)

<P><STRONG><a name="[2ca]"></a>USART_IrDAConfig</STRONG> (Thumb, 18 bytes, Stack size 0 bytes, stm32f10x_usart.o(.text), UNUSED)

<P><STRONG><a name="[2cb]"></a>USART_IrDACmd</STRONG> (Thumb, 24 bytes, Stack size 0 bytes, stm32f10x_usart.o(.text), UNUSED)

<P><STRONG><a name="[14a]"></a>USART_GetFlagStatus</STRONG> (Thumb, 18 bytes, Stack size 0 bytes, stm32f10x_usart.o(.text))
<BR><BR>[Called By]<UL><LI><a href="#[59]">&gt;&gt;</a>&nbsp;&nbsp;&nbsp;fputc
<LI><a href="#[14c]">&gt;&gt;</a>&nbsp;&nbsp;&nbsp;Send_Hex
<LI><a href="#[149]">&gt;&gt;</a>&nbsp;&nbsp;&nbsp;Send_ASCII
</UL>

<P><STRONG><a name="[2cc]"></a>USART_ClearFlag</STRONG> (Thumb, 6 bytes, Stack size 0 bytes, stm32f10x_usart.o(.text), UNUSED)

<P><STRONG><a name="[14e]"></a>USART_GetITStatus</STRONG> (Thumb, 76 bytes, Stack size 16 bytes, stm32f10x_usart.o(.text))
<BR><BR>[Stack]<UL><LI>Max Depth = 16<LI>Call Chain = USART_GetITStatus
</UL>
<BR>[Called By]<UL><LI><a href="#[3f]">&gt;&gt;</a>&nbsp;&nbsp;&nbsp;USART1_IRQHandler
</UL>

<P><STRONG><a name="[150]"></a>USART_ClearITPendingBit</STRONG> (Thumb, 20 bytes, Stack size 8 bytes, stm32f10x_usart.o(.text))
<BR><BR>[Stack]<UL><LI>Max Depth = 8<LI>Call Chain = USART_ClearITPendingBit
</UL>
<BR>[Called By]<UL><LI><a href="#[3f]">&gt;&gt;</a>&nbsp;&nbsp;&nbsp;USART1_IRQHandler
</UL>

<P><STRONG><a name="[8c]"></a>FLASH_SetLatency</STRONG> (Thumb, 18 bytes, Stack size 0 bytes, stm32f10x_flash.o(.text))
<BR><BR>[Called By]<UL><LI><a href="#[86]">&gt;&gt;</a>&nbsp;&nbsp;&nbsp;RCC_Configuration
</UL>

<P><STRONG><a name="[2cd]"></a>FLASH_HalfCycleAccessCmd</STRONG> (Thumb, 22 bytes, Stack size 0 bytes, stm32f10x_flash.o(.text), UNUSED)

<P><STRONG><a name="[8d]"></a>FLASH_PrefetchBufferCmd</STRONG> (Thumb, 22 bytes, Stack size 0 bytes, stm32f10x_flash.o(.text))
<BR><BR>[Called By]<UL><LI><a href="#[86]">&gt;&gt;</a>&nbsp;&nbsp;&nbsp;RCC_Configuration
</UL>

<P><STRONG><a name="[2ce]"></a>FLASH_Unlock</STRONG> (Thumb, 12 bytes, Stack size 0 bytes, stm32f10x_flash.o(.text), UNUSED)

<P><STRONG><a name="[2cf]"></a>FLASH_Lock</STRONG> (Thumb, 14 bytes, Stack size 0 bytes, stm32f10x_flash.o(.text), UNUSED)

<P><STRONG><a name="[66]"></a>FLASH_GetStatus</STRONG> (Thumb, 48 bytes, Stack size 0 bytes, stm32f10x_flash.o(.text), UNUSED)
<BR><BR>[Called By]<UL><LI><a href="#[65]">&gt;&gt;</a>&nbsp;&nbsp;&nbsp;FLASH_WaitForLastOperation
</UL>

<P><STRONG><a name="[65]"></a>FLASH_WaitForLastOperation</STRONG> (Thumb, 42 bytes, Stack size 16 bytes, stm32f10x_flash.o(.text), UNUSED)
<BR><BR>[Calls]<UL><LI><a href="#[66]">&gt;&gt;</a>&nbsp;&nbsp;&nbsp;FLASH_GetStatus
<LI><a href="#[67]">&gt;&gt;</a>&nbsp;&nbsp;&nbsp;delay
</UL>
<BR>[Called By]<UL><LI><a href="#[70]">&gt;&gt;</a>&nbsp;&nbsp;&nbsp;FLASH_UserOptionByteConfig
<LI><a href="#[6f]">&gt;&gt;</a>&nbsp;&nbsp;&nbsp;FLASH_ReadOutProtection
<LI><a href="#[6e]">&gt;&gt;</a>&nbsp;&nbsp;&nbsp;FLASH_EnableWriteProtection
<LI><a href="#[6d]">&gt;&gt;</a>&nbsp;&nbsp;&nbsp;FLASH_ProgramOptionByteData
<LI><a href="#[6c]">&gt;&gt;</a>&nbsp;&nbsp;&nbsp;FLASH_ProgramHalfWord
<LI><a href="#[6b]">&gt;&gt;</a>&nbsp;&nbsp;&nbsp;FLASH_ProgramWord
<LI><a href="#[6a]">&gt;&gt;</a>&nbsp;&nbsp;&nbsp;FLASH_EraseOptionBytes
<LI><a href="#[69]">&gt;&gt;</a>&nbsp;&nbsp;&nbsp;FLASH_EraseAllPages
<LI><a href="#[68]">&gt;&gt;</a>&nbsp;&nbsp;&nbsp;FLASH_ErasePage
</UL>

<P><STRONG><a name="[68]"></a>FLASH_ErasePage</STRONG> (Thumb, 76 bytes, Stack size 16 bytes, stm32f10x_flash.o(.text), UNUSED)
<BR><BR>[Calls]<UL><LI><a href="#[65]">&gt;&gt;</a>&nbsp;&nbsp;&nbsp;FLASH_WaitForLastOperation
</UL>
<BR>[Called By]<UL><LI><a href="#[15d]">&gt;&gt;</a>&nbsp;&nbsp;&nbsp;__EE_Init
<LI><a href="#[15f]">&gt;&gt;</a>&nbsp;&nbsp;&nbsp;EE_PageTransfer
<LI><a href="#[15a]">&gt;&gt;</a>&nbsp;&nbsp;&nbsp;EE_Format
</UL>

<P><STRONG><a name="[69]"></a>FLASH_EraseAllPages</STRONG> (Thumb, 72 bytes, Stack size 8 bytes, stm32f10x_flash.o(.text), UNUSED)
<BR><BR>[Calls]<UL><LI><a href="#[65]">&gt;&gt;</a>&nbsp;&nbsp;&nbsp;FLASH_WaitForLastOperation
</UL>

<P><STRONG><a name="[6a]"></a>FLASH_EraseOptionBytes</STRONG> (Thumb, 142 bytes, Stack size 8 bytes, stm32f10x_flash.o(.text), UNUSED)
<BR><BR>[Calls]<UL><LI><a href="#[65]">&gt;&gt;</a>&nbsp;&nbsp;&nbsp;FLASH_WaitForLastOperation
</UL>

<P><STRONG><a name="[6b]"></a>FLASH_ProgramWord</STRONG> (Thumb, 100 bytes, Stack size 16 bytes, stm32f10x_flash.o(.text), UNUSED)
<BR><BR>[Calls]<UL><LI><a href="#[65]">&gt;&gt;</a>&nbsp;&nbsp;&nbsp;FLASH_WaitForLastOperation
</UL>

<P><STRONG><a name="[6c]"></a>FLASH_ProgramHalfWord</STRONG> (Thumb, 64 bytes, Stack size 16 bytes, stm32f10x_flash.o(.text), UNUSED)
<BR><BR>[Calls]<UL><LI><a href="#[65]">&gt;&gt;</a>&nbsp;&nbsp;&nbsp;FLASH_WaitForLastOperation
</UL>
<BR>[Called By]<UL><LI><a href="#[15d]">&gt;&gt;</a>&nbsp;&nbsp;&nbsp;__EE_Init
<LI><a href="#[15f]">&gt;&gt;</a>&nbsp;&nbsp;&nbsp;EE_PageTransfer
<LI><a href="#[15b]">&gt;&gt;</a>&nbsp;&nbsp;&nbsp;EE_VerifyPageFullWriteVariable
<LI><a href="#[15a]">&gt;&gt;</a>&nbsp;&nbsp;&nbsp;EE_Format
</UL>

<P><STRONG><a name="[6d]"></a>FLASH_ProgramOptionByteData</STRONG> (Thumb, 72 bytes, Stack size 16 bytes, stm32f10x_flash.o(.text), UNUSED)
<BR><BR>[Calls]<UL><LI><a href="#[65]">&gt;&gt;</a>&nbsp;&nbsp;&nbsp;FLASH_WaitForLastOperation
</UL>

<P><STRONG><a name="[6e]"></a>FLASH_EnableWriteProtection</STRONG> (Thumb, 182 bytes, Stack size 32 bytes, stm32f10x_flash.o(.text), UNUSED)
<BR><BR>[Calls]<UL><LI><a href="#[65]">&gt;&gt;</a>&nbsp;&nbsp;&nbsp;FLASH_WaitForLastOperation
</UL>

<P><STRONG><a name="[6f]"></a>FLASH_ReadOutProtection</STRONG> (Thumb, 174 bytes, Stack size 16 bytes, stm32f10x_flash.o(.text), UNUSED)
<BR><BR>[Calls]<UL><LI><a href="#[65]">&gt;&gt;</a>&nbsp;&nbsp;&nbsp;FLASH_WaitForLastOperation
</UL>

<P><STRONG><a name="[70]"></a>FLASH_UserOptionByteConfig</STRONG> (Thumb, 94 bytes, Stack size 24 bytes, stm32f10x_flash.o(.text), UNUSED)
<BR><BR>[Calls]<UL><LI><a href="#[65]">&gt;&gt;</a>&nbsp;&nbsp;&nbsp;FLASH_WaitForLastOperation
</UL>

<P><STRONG><a name="[2d0]"></a>FLASH_GetUserOptionByte</STRONG> (Thumb, 8 bytes, Stack size 0 bytes, stm32f10x_flash.o(.text), UNUSED)

<P><STRONG><a name="[2d1]"></a>FLASH_GetWriteProtectionOptionByte</STRONG> (Thumb, 6 bytes, Stack size 0 bytes, stm32f10x_flash.o(.text), UNUSED)

<P><STRONG><a name="[2d2]"></a>FLASH_GetReadOutProtectionStatus</STRONG> (Thumb, 20 bytes, Stack size 0 bytes, stm32f10x_flash.o(.text), UNUSED)

<P><STRONG><a name="[2d3]"></a>FLASH_GetPrefetchBufferStatus</STRONG> (Thumb, 20 bytes, Stack size 0 bytes, stm32f10x_flash.o(.text), UNUSED)

<P><STRONG><a name="[2d4]"></a>FLASH_ITConfig</STRONG> (Thumb, 26 bytes, Stack size 0 bytes, stm32f10x_flash.o(.text), UNUSED)

<P><STRONG><a name="[2d5]"></a>FLASH_GetFlagStatus</STRONG> (Thumb, 42 bytes, Stack size 0 bytes, stm32f10x_flash.o(.text), UNUSED)

<P><STRONG><a name="[2d6]"></a>FLASH_ClearFlag</STRONG> (Thumb, 6 bytes, Stack size 0 bytes, stm32f10x_flash.o(.text), UNUSED)

<P><STRONG><a name="[2d7]"></a>EXTI_DeInit</STRONG> (Thumb, 28 bytes, Stack size 0 bytes, stm32f10x_exti.o(.text), UNUSED)

<P><STRONG><a name="[2d8]"></a>EXTI_Init</STRONG> (Thumb, 174 bytes, Stack size 0 bytes, stm32f10x_exti.o(.text), UNUSED)

<P><STRONG><a name="[2d9]"></a>EXTI_StructInit</STRONG> (Thumb, 16 bytes, Stack size 0 bytes, stm32f10x_exti.o(.text), UNUSED)

<P><STRONG><a name="[2da]"></a>EXTI_GenerateSWInterrupt</STRONG> (Thumb, 16 bytes, Stack size 0 bytes, stm32f10x_exti.o(.text), UNUSED)

<P><STRONG><a name="[2db]"></a>EXTI_GetFlagStatus</STRONG> (Thumb, 22 bytes, Stack size 0 bytes, stm32f10x_exti.o(.text), UNUSED)

<P><STRONG><a name="[2dc]"></a>EXTI_ClearFlag</STRONG> (Thumb, 8 bytes, Stack size 0 bytes, stm32f10x_exti.o(.text), UNUSED)

<P><STRONG><a name="[b2]"></a>EXTI_GetITStatus</STRONG> (Thumb, 34 bytes, Stack size 0 bytes, stm32f10x_exti.o(.text))
<BR><BR>[Called By]<UL><LI><a href="#[31]">&gt;&gt;</a>&nbsp;&nbsp;&nbsp;EXTI9_5_IRQHandler
</UL>

<P><STRONG><a name="[b3]"></a>EXTI_ClearITPendingBit</STRONG> (Thumb, 8 bytes, Stack size 0 bytes, stm32f10x_exti.o(.text))
<BR><BR>[Called By]<UL><LI><a href="#[31]">&gt;&gt;</a>&nbsp;&nbsp;&nbsp;EXTI9_5_IRQHandler
</UL>

<P><STRONG><a name="[183]"></a>SDIO_DeInit</STRONG> (Thumb, 28 bytes, Stack size 0 bytes, stm32f10x_sdio.o(.text))
<BR><BR>[Called By]<UL><LI><a href="#[1a3]">&gt;&gt;</a>&nbsp;&nbsp;&nbsp;SD_Init
<LI><a href="#[180]">&gt;&gt;</a>&nbsp;&nbsp;&nbsp;SD_LowLevel_DeInit
</UL>

<P><STRONG><a name="[199]"></a>SDIO_Init</STRONG> (Thumb, 42 bytes, Stack size 0 bytes, stm32f10x_sdio.o(.text))
<BR><BR>[Called By]<UL><LI><a href="#[1a3]">&gt;&gt;</a>&nbsp;&nbsp;&nbsp;SD_Init
<LI><a href="#[1a2]">&gt;&gt;</a>&nbsp;&nbsp;&nbsp;SD_PowerON
<LI><a href="#[198]">&gt;&gt;</a>&nbsp;&nbsp;&nbsp;SD_EnableWideBusOperation
</UL>

<P><STRONG><a name="[2dd]"></a>SDIO_StructInit</STRONG> (Thumb, 16 bytes, Stack size 0 bytes, stm32f10x_sdio.o(.text), UNUSED)

<P><STRONG><a name="[181]"></a>SDIO_ClockCmd</STRONG> (Thumb, 6 bytes, Stack size 0 bytes, stm32f10x_sdio.o(.text))
<BR><BR>[Called By]<UL><LI><a href="#[1a2]">&gt;&gt;</a>&nbsp;&nbsp;&nbsp;SD_PowerON
<LI><a href="#[180]">&gt;&gt;</a>&nbsp;&nbsp;&nbsp;SD_LowLevel_DeInit
</UL>

<P><STRONG><a name="[182]"></a>SDIO_SetPowerState</STRONG> (Thumb, 22 bytes, Stack size 0 bytes, stm32f10x_sdio.o(.text))
<BR><BR>[Called By]<UL><LI><a href="#[1aa]">&gt;&gt;</a>&nbsp;&nbsp;&nbsp;SD_PowerOFF
<LI><a href="#[1a2]">&gt;&gt;</a>&nbsp;&nbsp;&nbsp;SD_PowerON
<LI><a href="#[180]">&gt;&gt;</a>&nbsp;&nbsp;&nbsp;SD_LowLevel_DeInit
</UL>

<P><STRONG><a name="[19e]"></a>SDIO_GetPowerState</STRONG> (Thumb, 10 bytes, Stack size 0 bytes, stm32f10x_sdio.o(.text))
<BR><BR>[Called By]<UL><LI><a href="#[19d]">&gt;&gt;</a>&nbsp;&nbsp;&nbsp;SD_InitializeCards
</UL>

<P><STRONG><a name="[1ae]"></a>SDIO_ITConfig</STRONG> (Thumb, 26 bytes, Stack size 0 bytes, stm32f10x_sdio.o(.text))
<BR><BR>[Called By]<UL><LI><a href="#[1b7]">&gt;&gt;</a>&nbsp;&nbsp;&nbsp;SD_ProcessIRQSrc
<LI><a href="#[1b3]">&gt;&gt;</a>&nbsp;&nbsp;&nbsp;SD_WriteMultiBlocks
<LI><a href="#[1b1]">&gt;&gt;</a>&nbsp;&nbsp;&nbsp;SD_WriteBlock
<LI><a href="#[1af]">&gt;&gt;</a>&nbsp;&nbsp;&nbsp;SD_ReadMultiBlocks
<LI><a href="#[1ab]">&gt;&gt;</a>&nbsp;&nbsp;&nbsp;SD_ReadBlock
</UL>

<P><STRONG><a name="[1ac]"></a>SDIO_DMACmd</STRONG> (Thumb, 6 bytes, Stack size 0 bytes, stm32f10x_sdio.o(.text))
<BR><BR>[Called By]<UL><LI><a href="#[1b3]">&gt;&gt;</a>&nbsp;&nbsp;&nbsp;SD_WriteMultiBlocks
<LI><a href="#[1b1]">&gt;&gt;</a>&nbsp;&nbsp;&nbsp;SD_WriteBlock
<LI><a href="#[1af]">&gt;&gt;</a>&nbsp;&nbsp;&nbsp;SD_ReadMultiBlocks
<LI><a href="#[1ab]">&gt;&gt;</a>&nbsp;&nbsp;&nbsp;SD_ReadBlock
</UL>

<P><STRONG><a name="[193]"></a>SDIO_SendCommand</STRONG> (Thumb, 38 bytes, Stack size 0 bytes, stm32f10x_sdio.o(.text))
<BR><BR>[Called By]<UL><LI><a href="#[1b0]">&gt;&gt;</a>&nbsp;&nbsp;&nbsp;IsCardProgramming
<LI><a href="#[197]">&gt;&gt;</a>&nbsp;&nbsp;&nbsp;SDEnWideBus
<LI><a href="#[192]">&gt;&gt;</a>&nbsp;&nbsp;&nbsp;FindSCR
<LI><a href="#[1b6]">&gt;&gt;</a>&nbsp;&nbsp;&nbsp;SD_SendSDStatus
<LI><a href="#[1b5]">&gt;&gt;</a>&nbsp;&nbsp;&nbsp;SD_Erase
<LI><a href="#[1b4]">&gt;&gt;</a>&nbsp;&nbsp;&nbsp;SD_StopTransfer
<LI><a href="#[1b3]">&gt;&gt;</a>&nbsp;&nbsp;&nbsp;SD_WriteMultiBlocks
<LI><a href="#[1b1]">&gt;&gt;</a>&nbsp;&nbsp;&nbsp;SD_WriteBlock
<LI><a href="#[1af]">&gt;&gt;</a>&nbsp;&nbsp;&nbsp;SD_ReadMultiBlocks
<LI><a href="#[1ab]">&gt;&gt;</a>&nbsp;&nbsp;&nbsp;SD_ReadBlock
<LI><a href="#[1a6]">&gt;&gt;</a>&nbsp;&nbsp;&nbsp;SD_SendStatus
<LI><a href="#[1a2]">&gt;&gt;</a>&nbsp;&nbsp;&nbsp;SD_PowerON
<LI><a href="#[19d]">&gt;&gt;</a>&nbsp;&nbsp;&nbsp;SD_InitializeCards
<LI><a href="#[19a]">&gt;&gt;</a>&nbsp;&nbsp;&nbsp;SD_SelectDeselect
</UL>

<P><STRONG><a name="[2de]"></a>SDIO_CmdStructInit</STRONG> (Thumb, 14 bytes, Stack size 0 bytes, stm32f10x_sdio.o(.text), UNUSED)

<P><STRONG><a name="[190]"></a>SDIO_GetCommandResponse</STRONG> (Thumb, 8 bytes, Stack size 0 bytes, stm32f10x_sdio.o(.text))
<BR><BR>[Called By]<UL><LI><a href="#[1b0]">&gt;&gt;</a>&nbsp;&nbsp;&nbsp;IsCardProgramming
<LI><a href="#[19c]">&gt;&gt;</a>&nbsp;&nbsp;&nbsp;CmdResp6Error
<LI><a href="#[18e]">&gt;&gt;</a>&nbsp;&nbsp;&nbsp;CmdResp1Error
</UL>

<P><STRONG><a name="[191]"></a>SDIO_GetResponse</STRONG> (Thumb, 10 bytes, Stack size 0 bytes, stm32f10x_sdio.o(.text))
<BR><BR>[Called By]<UL><LI><a href="#[1b0]">&gt;&gt;</a>&nbsp;&nbsp;&nbsp;IsCardProgramming
<LI><a href="#[19c]">&gt;&gt;</a>&nbsp;&nbsp;&nbsp;CmdResp6Error
<LI><a href="#[197]">&gt;&gt;</a>&nbsp;&nbsp;&nbsp;SDEnWideBus
<LI><a href="#[18e]">&gt;&gt;</a>&nbsp;&nbsp;&nbsp;CmdResp1Error
<LI><a href="#[1b6]">&gt;&gt;</a>&nbsp;&nbsp;&nbsp;SD_SendSDStatus
<LI><a href="#[1b5]">&gt;&gt;</a>&nbsp;&nbsp;&nbsp;SD_Erase
<LI><a href="#[1b3]">&gt;&gt;</a>&nbsp;&nbsp;&nbsp;SD_WriteMultiBlocks
<LI><a href="#[1b1]">&gt;&gt;</a>&nbsp;&nbsp;&nbsp;SD_WriteBlock
<LI><a href="#[1af]">&gt;&gt;</a>&nbsp;&nbsp;&nbsp;SD_ReadMultiBlocks
<LI><a href="#[1ab]">&gt;&gt;</a>&nbsp;&nbsp;&nbsp;SD_ReadBlock
<LI><a href="#[1a6]">&gt;&gt;</a>&nbsp;&nbsp;&nbsp;SD_SendStatus
<LI><a href="#[1a2]">&gt;&gt;</a>&nbsp;&nbsp;&nbsp;SD_PowerON
<LI><a href="#[19d]">&gt;&gt;</a>&nbsp;&nbsp;&nbsp;SD_InitializeCards
</UL>

<P><STRONG><a name="[194]"></a>SDIO_DataConfig</STRONG> (Thumb, 42 bytes, Stack size 0 bytes, stm32f10x_sdio.o(.text))
<BR><BR>[Called By]<UL><LI><a href="#[192]">&gt;&gt;</a>&nbsp;&nbsp;&nbsp;FindSCR
<LI><a href="#[1b6]">&gt;&gt;</a>&nbsp;&nbsp;&nbsp;SD_SendSDStatus
<LI><a href="#[1b3]">&gt;&gt;</a>&nbsp;&nbsp;&nbsp;SD_WriteMultiBlocks
<LI><a href="#[1b1]">&gt;&gt;</a>&nbsp;&nbsp;&nbsp;SD_WriteBlock
<LI><a href="#[1af]">&gt;&gt;</a>&nbsp;&nbsp;&nbsp;SD_ReadMultiBlocks
<LI><a href="#[1ab]">&gt;&gt;</a>&nbsp;&nbsp;&nbsp;SD_ReadBlock
</UL>

<P><STRONG><a name="[2df]"></a>SDIO_DataStructInit</STRONG> (Thumb, 20 bytes, Stack size 0 bytes, stm32f10x_sdio.o(.text), UNUSED)

<P><STRONG><a name="[2e0]"></a>SDIO_GetDataCounter</STRONG> (Thumb, 6 bytes, Stack size 0 bytes, stm32f10x_sdio.o(.text), UNUSED)

<P><STRONG><a name="[196]"></a>SDIO_ReadData</STRONG> (Thumb, 8 bytes, Stack size 0 bytes, stm32f10x_sdio.o(.text))
<BR><BR>[Called By]<UL><LI><a href="#[192]">&gt;&gt;</a>&nbsp;&nbsp;&nbsp;FindSCR
<LI><a href="#[1b7]">&gt;&gt;</a>&nbsp;&nbsp;&nbsp;SD_ProcessIRQSrc
<LI><a href="#[1b6]">&gt;&gt;</a>&nbsp;&nbsp;&nbsp;SD_SendSDStatus
<LI><a href="#[1af]">&gt;&gt;</a>&nbsp;&nbsp;&nbsp;SD_ReadMultiBlocks
<LI><a href="#[1ab]">&gt;&gt;</a>&nbsp;&nbsp;&nbsp;SD_ReadBlock
</UL>

<P><STRONG><a name="[1b2]"></a>SDIO_WriteData</STRONG> (Thumb, 8 bytes, Stack size 0 bytes, stm32f10x_sdio.o(.text))
<BR><BR>[Called By]<UL><LI><a href="#[1b7]">&gt;&gt;</a>&nbsp;&nbsp;&nbsp;SD_ProcessIRQSrc
<LI><a href="#[1b3]">&gt;&gt;</a>&nbsp;&nbsp;&nbsp;SD_WriteMultiBlocks
<LI><a href="#[1b1]">&gt;&gt;</a>&nbsp;&nbsp;&nbsp;SD_WriteBlock
</UL>

<P><STRONG><a name="[2e1]"></a>SDIO_GetFIFOCount</STRONG> (Thumb, 6 bytes, Stack size 0 bytes, stm32f10x_sdio.o(.text), UNUSED)

<P><STRONG><a name="[2e2]"></a>SDIO_StartSDIOReadWait</STRONG> (Thumb, 8 bytes, Stack size 0 bytes, stm32f10x_sdio.o(.text), UNUSED)

<P><STRONG><a name="[2e3]"></a>SDIO_StopSDIOReadWait</STRONG> (Thumb, 8 bytes, Stack size 0 bytes, stm32f10x_sdio.o(.text), UNUSED)

<P><STRONG><a name="[2e4]"></a>SDIO_SetSDIOReadWaitMode</STRONG> (Thumb, 8 bytes, Stack size 0 bytes, stm32f10x_sdio.o(.text), UNUSED)

<P><STRONG><a name="[2e5]"></a>SDIO_SetSDIOOperation</STRONG> (Thumb, 8 bytes, Stack size 0 bytes, stm32f10x_sdio.o(.text), UNUSED)

<P><STRONG><a name="[2e6]"></a>SDIO_SendSDIOSuspendCmd</STRONG> (Thumb, 6 bytes, Stack size 0 bytes, stm32f10x_sdio.o(.text), UNUSED)

<P><STRONG><a name="[2e7]"></a>SDIO_CommandCompletionCmd</STRONG> (Thumb, 8 bytes, Stack size 0 bytes, stm32f10x_sdio.o(.text), UNUSED)

<P><STRONG><a name="[2e8]"></a>SDIO_CEATAITCmd</STRONG> (Thumb, 12 bytes, Stack size 0 bytes, stm32f10x_sdio.o(.text), UNUSED)

<P><STRONG><a name="[2e9]"></a>SDIO_SendCEATACmd</STRONG> (Thumb, 8 bytes, Stack size 0 bytes, stm32f10x_sdio.o(.text), UNUSED)

<P><STRONG><a name="[195]"></a>SDIO_GetFlagStatus</STRONG> (Thumb, 20 bytes, Stack size 0 bytes, stm32f10x_sdio.o(.text))
<BR><BR>[Called By]<UL><LI><a href="#[1a1]">&gt;&gt;</a>&nbsp;&nbsp;&nbsp;CmdError
<LI><a href="#[192]">&gt;&gt;</a>&nbsp;&nbsp;&nbsp;FindSCR
<LI><a href="#[1b7]">&gt;&gt;</a>&nbsp;&nbsp;&nbsp;SD_ProcessIRQSrc
<LI><a href="#[1b6]">&gt;&gt;</a>&nbsp;&nbsp;&nbsp;SD_SendSDStatus
<LI><a href="#[1b3]">&gt;&gt;</a>&nbsp;&nbsp;&nbsp;SD_WriteMultiBlocks
<LI><a href="#[1b1]">&gt;&gt;</a>&nbsp;&nbsp;&nbsp;SD_WriteBlock
<LI><a href="#[1af]">&gt;&gt;</a>&nbsp;&nbsp;&nbsp;SD_ReadMultiBlocks
<LI><a href="#[1ab]">&gt;&gt;</a>&nbsp;&nbsp;&nbsp;SD_ReadBlock
</UL>

<P><STRONG><a name="[18f]"></a>SDIO_ClearFlag</STRONG> (Thumb, 6 bytes, Stack size 0 bytes, stm32f10x_sdio.o(.text))
<BR><BR>[Called By]<UL><LI><a href="#[1b0]">&gt;&gt;</a>&nbsp;&nbsp;&nbsp;IsCardProgramming
<LI><a href="#[1a1]">&gt;&gt;</a>&nbsp;&nbsp;&nbsp;CmdError
<LI><a href="#[1a0]">&gt;&gt;</a>&nbsp;&nbsp;&nbsp;CmdResp7Error
<LI><a href="#[19f]">&gt;&gt;</a>&nbsp;&nbsp;&nbsp;CmdResp3Error
<LI><a href="#[19c]">&gt;&gt;</a>&nbsp;&nbsp;&nbsp;CmdResp6Error
<LI><a href="#[19b]">&gt;&gt;</a>&nbsp;&nbsp;&nbsp;CmdResp2Error
<LI><a href="#[192]">&gt;&gt;</a>&nbsp;&nbsp;&nbsp;FindSCR
<LI><a href="#[18e]">&gt;&gt;</a>&nbsp;&nbsp;&nbsp;CmdResp1Error
<LI><a href="#[1b6]">&gt;&gt;</a>&nbsp;&nbsp;&nbsp;SD_SendSDStatus
<LI><a href="#[1b3]">&gt;&gt;</a>&nbsp;&nbsp;&nbsp;SD_WriteMultiBlocks
<LI><a href="#[1b1]">&gt;&gt;</a>&nbsp;&nbsp;&nbsp;SD_WriteBlock
<LI><a href="#[1af]">&gt;&gt;</a>&nbsp;&nbsp;&nbsp;SD_ReadMultiBlocks
<LI><a href="#[1ab]">&gt;&gt;</a>&nbsp;&nbsp;&nbsp;SD_ReadBlock
</UL>

<P><STRONG><a name="[1b8]"></a>SDIO_GetITStatus</STRONG> (Thumb, 20 bytes, Stack size 0 bytes, stm32f10x_sdio.o(.text))
<BR><BR>[Called By]<UL><LI><a href="#[1b7]">&gt;&gt;</a>&nbsp;&nbsp;&nbsp;SD_ProcessIRQSrc
</UL>

<P><STRONG><a name="[1b9]"></a>SDIO_ClearITPendingBit</STRONG> (Thumb, 6 bytes, Stack size 0 bytes, stm32f10x_sdio.o(.text))
<BR><BR>[Called By]<UL><LI><a href="#[1b7]">&gt;&gt;</a>&nbsp;&nbsp;&nbsp;SD_ProcessIRQSrc
</UL>

<P><STRONG><a name="[2ea]"></a>DMA_DeInit</STRONG> (Thumb, 306 bytes, Stack size 0 bytes, stm32f10x_dma.o(.text), UNUSED)

<P><STRONG><a name="[189]"></a>DMA_Init</STRONG> (Thumb, 60 bytes, Stack size 8 bytes, stm32f10x_dma.o(.text))
<BR><BR>[Stack]<UL><LI>Max Depth = 8<LI>Call Chain = DMA_Init
</UL>
<BR>[Called By]<UL><LI><a href="#[18a]">&gt;&gt;</a>&nbsp;&nbsp;&nbsp;SD_LowLevel_DMA_RxConfig
<LI><a href="#[186]">&gt;&gt;</a>&nbsp;&nbsp;&nbsp;SD_LowLevel_DMA_TxConfig
</UL>

<P><STRONG><a name="[2eb]"></a>DMA_StructInit</STRONG> (Thumb, 26 bytes, Stack size 0 bytes, stm32f10x_dma.o(.text), UNUSED)

<P><STRONG><a name="[188]"></a>DMA_Cmd</STRONG> (Thumb, 22 bytes, Stack size 0 bytes, stm32f10x_dma.o(.text))
<BR><BR>[Called By]<UL><LI><a href="#[18a]">&gt;&gt;</a>&nbsp;&nbsp;&nbsp;SD_LowLevel_DMA_RxConfig
<LI><a href="#[186]">&gt;&gt;</a>&nbsp;&nbsp;&nbsp;SD_LowLevel_DMA_TxConfig
</UL>

<P><STRONG><a name="[2ec]"></a>DMA_ITConfig</STRONG> (Thumb, 18 bytes, Stack size 0 bytes, stm32f10x_dma.o(.text), UNUSED)

<P><STRONG><a name="[2ed]"></a>DMA_GetCurrDataCounter</STRONG> (Thumb, 8 bytes, Stack size 0 bytes, stm32f10x_dma.o(.text), UNUSED)

<P><STRONG><a name="[18c]"></a>DMA_GetFlagStatus</STRONG> (Thumb, 40 bytes, Stack size 0 bytes, stm32f10x_dma.o(.text))
<BR><BR>[Called By]<UL><LI><a href="#[18b]">&gt;&gt;</a>&nbsp;&nbsp;&nbsp;SD_DMAEndOfTransferStatus
</UL>

<P><STRONG><a name="[187]"></a>DMA_ClearFlag</STRONG> (Thumb, 20 bytes, Stack size 0 bytes, stm32f10x_dma.o(.text))
<BR><BR>[Called By]<UL><LI><a href="#[18a]">&gt;&gt;</a>&nbsp;&nbsp;&nbsp;SD_LowLevel_DMA_RxConfig
<LI><a href="#[186]">&gt;&gt;</a>&nbsp;&nbsp;&nbsp;SD_LowLevel_DMA_TxConfig
</UL>

<P><STRONG><a name="[2ee]"></a>DMA_GetITStatus</STRONG> (Thumb, 40 bytes, Stack size 0 bytes, stm32f10x_dma.o(.text), UNUSED)

<P><STRONG><a name="[2ef]"></a>DMA_ClearITPendingBit</STRONG> (Thumb, 20 bytes, Stack size 0 bytes, stm32f10x_dma.o(.text), UNUSED)

<P><STRONG><a name="[71]"></a>TIM_DeInit</STRONG> (Thumb, 214 bytes, Stack size 8 bytes, stm32f10x_tim.o(.text))
<BR><BR>[Stack]<UL><LI>Max Depth = 8<LI>Call Chain = TIM_DeInit
</UL>
<BR>[Calls]<UL><LI><a href="#[62]">&gt;&gt;</a>&nbsp;&nbsp;&nbsp;RCC_APB1PeriphResetCmd
<LI><a href="#[5d]">&gt;&gt;</a>&nbsp;&nbsp;&nbsp;RCC_APB2PeriphResetCmd
</UL>
<BR>[Called By]<UL><LI><a href="#[e6]">&gt;&gt;</a>&nbsp;&nbsp;&nbsp;TIM5_PWM_init
<LI><a href="#[dc]">&gt;&gt;</a>&nbsp;&nbsp;&nbsp;TIM4_PWM_init
<LI><a href="#[d2]">&gt;&gt;</a>&nbsp;&nbsp;&nbsp;TIM3_PWM_init
<LI><a href="#[c7]">&gt;&gt;</a>&nbsp;&nbsp;&nbsp;TIM2_PWM_init
<LI><a href="#[b6]">&gt;&gt;</a>&nbsp;&nbsp;&nbsp;TIM1_PWM_init
<LI><a href="#[9c]">&gt;&gt;</a>&nbsp;&nbsp;&nbsp;TIM8_PWM_init
</UL>

<P><STRONG><a name="[b7]"></a>TIM_TimeBaseInit</STRONG> (Thumb, 50 bytes, Stack size 0 bytes, stm32f10x_tim.o(.text))
<BR><BR>[Called By]<UL><LI><a href="#[13c]">&gt;&gt;</a>&nbsp;&nbsp;&nbsp;TIM_Timing_Init
<LI><a href="#[137]">&gt;&gt;</a>&nbsp;&nbsp;&nbsp;TIM8_Cap_Init
<LI><a href="#[136]">&gt;&gt;</a>&nbsp;&nbsp;&nbsp;TIM5_Cap_Init
<LI><a href="#[135]">&gt;&gt;</a>&nbsp;&nbsp;&nbsp;TIM4_Cap_Init
<LI><a href="#[134]">&gt;&gt;</a>&nbsp;&nbsp;&nbsp;TIM3_Cap_Init
<LI><a href="#[133]">&gt;&gt;</a>&nbsp;&nbsp;&nbsp;TIM2_Cap_Init
<LI><a href="#[131]">&gt;&gt;</a>&nbsp;&nbsp;&nbsp;TIM1_Cap_Init
<LI><a href="#[f0]">&gt;&gt;</a>&nbsp;&nbsp;&nbsp;TIM8_Change_Period
<LI><a href="#[e7]">&gt;&gt;</a>&nbsp;&nbsp;&nbsp;TIM5_Change_Period
<LI><a href="#[e6]">&gt;&gt;</a>&nbsp;&nbsp;&nbsp;TIM5_PWM_init
<LI><a href="#[dd]">&gt;&gt;</a>&nbsp;&nbsp;&nbsp;TIM4_Change_Period
<LI><a href="#[dc]">&gt;&gt;</a>&nbsp;&nbsp;&nbsp;TIM4_PWM_init
<LI><a href="#[d3]">&gt;&gt;</a>&nbsp;&nbsp;&nbsp;TIM3_Change_Period
<LI><a href="#[d2]">&gt;&gt;</a>&nbsp;&nbsp;&nbsp;TIM3_PWM_init
<LI><a href="#[c9]">&gt;&gt;</a>&nbsp;&nbsp;&nbsp;TIM2_Change_Period
<LI><a href="#[c7]">&gt;&gt;</a>&nbsp;&nbsp;&nbsp;TIM2_PWM_init
<LI><a href="#[be]">&gt;&gt;</a>&nbsp;&nbsp;&nbsp;TIM1_Change_Period
<LI><a href="#[b6]">&gt;&gt;</a>&nbsp;&nbsp;&nbsp;TIM1_PWM_init
<LI><a href="#[9a]">&gt;&gt;</a>&nbsp;&nbsp;&nbsp;TIM_Init
<LI><a href="#[9c]">&gt;&gt;</a>&nbsp;&nbsp;&nbsp;TIM8_PWM_init
</UL>

<P><STRONG><a name="[b8]"></a>TIM_OC1Init</STRONG> (Thumb, 110 bytes, Stack size 16 bytes, stm32f10x_tim.o(.text))
<BR><BR>[Stack]<UL><LI>Max Depth = 16<LI>Call Chain = TIM_OC1Init
</UL>
<BR>[Called By]<UL><LI><a href="#[13e]">&gt;&gt;</a>&nbsp;&nbsp;&nbsp;TIM_OC_Timing_Init
<LI><a href="#[f3]">&gt;&gt;</a>&nbsp;&nbsp;&nbsp;Change_TIM8_OC1_Polarity
<LI><a href="#[ec]">&gt;&gt;</a>&nbsp;&nbsp;&nbsp;Change_TIM5_OC1_Polarity
<LI><a href="#[e8]">&gt;&gt;</a>&nbsp;&nbsp;&nbsp;Change_TIM5_OC1_Pulse
<LI><a href="#[e6]">&gt;&gt;</a>&nbsp;&nbsp;&nbsp;TIM5_PWM_init
<LI><a href="#[e2]">&gt;&gt;</a>&nbsp;&nbsp;&nbsp;Change_TIM4_OC1_Polarity
<LI><a href="#[de]">&gt;&gt;</a>&nbsp;&nbsp;&nbsp;Change_TIM4_OC1_Pulse
<LI><a href="#[dc]">&gt;&gt;</a>&nbsp;&nbsp;&nbsp;TIM4_PWM_init
<LI><a href="#[d8]">&gt;&gt;</a>&nbsp;&nbsp;&nbsp;Change_TIM3_OC1_Polarity
<LI><a href="#[d4]">&gt;&gt;</a>&nbsp;&nbsp;&nbsp;Change_TIM3_OC1_Pulse
<LI><a href="#[d2]">&gt;&gt;</a>&nbsp;&nbsp;&nbsp;TIM3_PWM_init
<LI><a href="#[ce]">&gt;&gt;</a>&nbsp;&nbsp;&nbsp;Change_TIM2_OC1_Polarity
<LI><a href="#[ca]">&gt;&gt;</a>&nbsp;&nbsp;&nbsp;Change_TIM2_OC1_Pulse
<LI><a href="#[c7]">&gt;&gt;</a>&nbsp;&nbsp;&nbsp;TIM2_PWM_init
<LI><a href="#[c3]">&gt;&gt;</a>&nbsp;&nbsp;&nbsp;Change_TIM1_OC1_Polarity
<LI><a href="#[bf]">&gt;&gt;</a>&nbsp;&nbsp;&nbsp;Change_TIM1_OC1_Pulse
<LI><a href="#[b6]">&gt;&gt;</a>&nbsp;&nbsp;&nbsp;TIM1_PWM_init
<LI><a href="#[9c]">&gt;&gt;</a>&nbsp;&nbsp;&nbsp;TIM8_PWM_init
<LI><a href="#[9d]">&gt;&gt;</a>&nbsp;&nbsp;&nbsp;Change_TIM8_OC1_Pulse
</UL>

<P><STRONG><a name="[b9]"></a>TIM_OC2Init</STRONG> (Thumb, 148 bytes, Stack size 16 bytes, stm32f10x_tim.o(.text))
<BR><BR>[Stack]<UL><LI>Max Depth = 16<LI>Call Chain = TIM_OC2Init
</UL>
<BR>[Called By]<UL><LI><a href="#[13e]">&gt;&gt;</a>&nbsp;&nbsp;&nbsp;TIM_OC_Timing_Init
<LI><a href="#[f4]">&gt;&gt;</a>&nbsp;&nbsp;&nbsp;Change_TIM8_OC2_Polarity
<LI><a href="#[ed]">&gt;&gt;</a>&nbsp;&nbsp;&nbsp;Change_TIM5_OC2_Polarity
<LI><a href="#[e9]">&gt;&gt;</a>&nbsp;&nbsp;&nbsp;Change_TIM5_OC2_Pulse
<LI><a href="#[e6]">&gt;&gt;</a>&nbsp;&nbsp;&nbsp;TIM5_PWM_init
<LI><a href="#[e3]">&gt;&gt;</a>&nbsp;&nbsp;&nbsp;Change_TIM4_OC2_Polarity
<LI><a href="#[df]">&gt;&gt;</a>&nbsp;&nbsp;&nbsp;Change_TIM4_OC2_Pulse
<LI><a href="#[dc]">&gt;&gt;</a>&nbsp;&nbsp;&nbsp;TIM4_PWM_init
<LI><a href="#[d9]">&gt;&gt;</a>&nbsp;&nbsp;&nbsp;Change_TIM3_OC2_Polarity
<LI><a href="#[d5]">&gt;&gt;</a>&nbsp;&nbsp;&nbsp;Change_TIM3_OC2_Pulse
<LI><a href="#[d2]">&gt;&gt;</a>&nbsp;&nbsp;&nbsp;TIM3_PWM_init
<LI><a href="#[cf]">&gt;&gt;</a>&nbsp;&nbsp;&nbsp;Change_TIM2_OC2_Polarity
<LI><a href="#[cb]">&gt;&gt;</a>&nbsp;&nbsp;&nbsp;Change_TIM2_OC2_Pulse
<LI><a href="#[c7]">&gt;&gt;</a>&nbsp;&nbsp;&nbsp;TIM2_PWM_init
<LI><a href="#[c4]">&gt;&gt;</a>&nbsp;&nbsp;&nbsp;Change_TIM1_OC2_Polarity
<LI><a href="#[c0]">&gt;&gt;</a>&nbsp;&nbsp;&nbsp;Change_TIM1_OC2_Pulse
<LI><a href="#[b6]">&gt;&gt;</a>&nbsp;&nbsp;&nbsp;TIM1_PWM_init
<LI><a href="#[9c]">&gt;&gt;</a>&nbsp;&nbsp;&nbsp;TIM8_PWM_init
<LI><a href="#[9e]">&gt;&gt;</a>&nbsp;&nbsp;&nbsp;Change_TIM8_OC2_Pulse
</UL>

<P><STRONG><a name="[ba]"></a>TIM_OC3Init</STRONG> (Thumb, 144 bytes, Stack size 16 bytes, stm32f10x_tim.o(.text))
<BR><BR>[Stack]<UL><LI>Max Depth = 16<LI>Call Chain = TIM_OC3Init
</UL>
<BR>[Called By]<UL><LI><a href="#[13e]">&gt;&gt;</a>&nbsp;&nbsp;&nbsp;TIM_OC_Timing_Init
<LI><a href="#[f5]">&gt;&gt;</a>&nbsp;&nbsp;&nbsp;Change_TIM8_OC3_Polarity
<LI><a href="#[f1]">&gt;&gt;</a>&nbsp;&nbsp;&nbsp;Change_TIM8_OC3_Pulse
<LI><a href="#[ee]">&gt;&gt;</a>&nbsp;&nbsp;&nbsp;Change_TIM5_OC3_Polarity
<LI><a href="#[ea]">&gt;&gt;</a>&nbsp;&nbsp;&nbsp;Change_TIM5_OC3_Pulse
<LI><a href="#[e6]">&gt;&gt;</a>&nbsp;&nbsp;&nbsp;TIM5_PWM_init
<LI><a href="#[e4]">&gt;&gt;</a>&nbsp;&nbsp;&nbsp;Change_TIM4_OC3_Polarity
<LI><a href="#[e0]">&gt;&gt;</a>&nbsp;&nbsp;&nbsp;Change_TIM4_OC3_Pulse
<LI><a href="#[dc]">&gt;&gt;</a>&nbsp;&nbsp;&nbsp;TIM4_PWM_init
<LI><a href="#[da]">&gt;&gt;</a>&nbsp;&nbsp;&nbsp;Change_TIM3_OC3_Polarity
<LI><a href="#[d6]">&gt;&gt;</a>&nbsp;&nbsp;&nbsp;Change_TIM3_OC3_Pulse
<LI><a href="#[d2]">&gt;&gt;</a>&nbsp;&nbsp;&nbsp;TIM3_PWM_init
<LI><a href="#[d0]">&gt;&gt;</a>&nbsp;&nbsp;&nbsp;Change_TIM2_OC3_Polarity
<LI><a href="#[cc]">&gt;&gt;</a>&nbsp;&nbsp;&nbsp;Change_TIM2_OC3_Pulse
<LI><a href="#[c7]">&gt;&gt;</a>&nbsp;&nbsp;&nbsp;TIM2_PWM_init
<LI><a href="#[c5]">&gt;&gt;</a>&nbsp;&nbsp;&nbsp;Change_TIM1_OC3_Polarity
<LI><a href="#[c1]">&gt;&gt;</a>&nbsp;&nbsp;&nbsp;Change_TIM1_OC3_Pulse
<LI><a href="#[b6]">&gt;&gt;</a>&nbsp;&nbsp;&nbsp;TIM1_PWM_init
<LI><a href="#[9c]">&gt;&gt;</a>&nbsp;&nbsp;&nbsp;TIM8_PWM_init
</UL>

<P><STRONG><a name="[bb]"></a>TIM_OC4Init</STRONG> (Thumb, 106 bytes, Stack size 16 bytes, stm32f10x_tim.o(.text))
<BR><BR>[Stack]<UL><LI>Max Depth = 16<LI>Call Chain = TIM_OC4Init
</UL>
<BR>[Called By]<UL><LI><a href="#[13e]">&gt;&gt;</a>&nbsp;&nbsp;&nbsp;TIM_OC_Timing_Init
<LI><a href="#[f6]">&gt;&gt;</a>&nbsp;&nbsp;&nbsp;Change_TIM8_OC4_Polarity
<LI><a href="#[f2]">&gt;&gt;</a>&nbsp;&nbsp;&nbsp;Change_TIM8_OC4_Pulse
<LI><a href="#[ef]">&gt;&gt;</a>&nbsp;&nbsp;&nbsp;Change_TIM5_OC4_Polarity
<LI><a href="#[eb]">&gt;&gt;</a>&nbsp;&nbsp;&nbsp;Change_TIM5_OC4_Pulse
<LI><a href="#[e6]">&gt;&gt;</a>&nbsp;&nbsp;&nbsp;TIM5_PWM_init
<LI><a href="#[e5]">&gt;&gt;</a>&nbsp;&nbsp;&nbsp;Change_TIM4_OC4_Polarity
<LI><a href="#[e1]">&gt;&gt;</a>&nbsp;&nbsp;&nbsp;Change_TIM4_OC4_Pulse
<LI><a href="#[dc]">&gt;&gt;</a>&nbsp;&nbsp;&nbsp;TIM4_PWM_init
<LI><a href="#[db]">&gt;&gt;</a>&nbsp;&nbsp;&nbsp;Change_TIM3_OC4_Polarity
<LI><a href="#[d7]">&gt;&gt;</a>&nbsp;&nbsp;&nbsp;Change_TIM3_OC4_Pulse
<LI><a href="#[d2]">&gt;&gt;</a>&nbsp;&nbsp;&nbsp;TIM3_PWM_init
<LI><a href="#[d1]">&gt;&gt;</a>&nbsp;&nbsp;&nbsp;Change_TIM2_OC4_Polarity
<LI><a href="#[cd]">&gt;&gt;</a>&nbsp;&nbsp;&nbsp;Change_TIM2_OC4_Pulse
<LI><a href="#[c7]">&gt;&gt;</a>&nbsp;&nbsp;&nbsp;TIM2_PWM_init
<LI><a href="#[c6]">&gt;&gt;</a>&nbsp;&nbsp;&nbsp;Change_TIM1_OC4_Polarity
<LI><a href="#[c2]">&gt;&gt;</a>&nbsp;&nbsp;&nbsp;Change_TIM1_OC4_Pulse
<LI><a href="#[b6]">&gt;&gt;</a>&nbsp;&nbsp;&nbsp;TIM1_PWM_init
<LI><a href="#[9c]">&gt;&gt;</a>&nbsp;&nbsp;&nbsp;TIM8_PWM_init
</UL>

<P><STRONG><a name="[7a]"></a>TIM_SetIC4Prescaler</STRONG> (Thumb, 26 bytes, Stack size 0 bytes, stm32f10x_tim.o(.text), UNUSED)
<BR><BR>[Called By]<UL><LI><a href="#[72]">&gt;&gt;</a>&nbsp;&nbsp;&nbsp;TIM_ICInit
</UL>

<P><STRONG><a name="[78]"></a>TIM_SetIC3Prescaler</STRONG> (Thumb, 18 bytes, Stack size 0 bytes, stm32f10x_tim.o(.text), UNUSED)
<BR><BR>[Called By]<UL><LI><a href="#[72]">&gt;&gt;</a>&nbsp;&nbsp;&nbsp;TIM_ICInit
</UL>

<P><STRONG><a name="[76]"></a>TIM_SetIC2Prescaler</STRONG> (Thumb, 42 bytes, Stack size 0 bytes, stm32f10x_tim.o(.text), UNUSED)
<BR><BR>[Called By]<UL><LI><a href="#[7b]">&gt;&gt;</a>&nbsp;&nbsp;&nbsp;TIM_PWMIConfig
<LI><a href="#[72]">&gt;&gt;</a>&nbsp;&nbsp;&nbsp;TIM_ICInit
</UL>

<P><STRONG><a name="[74]"></a>TIM_SetIC1Prescaler</STRONG> (Thumb, 18 bytes, Stack size 0 bytes, stm32f10x_tim.o(.text), UNUSED)
<BR><BR>[Called By]<UL><LI><a href="#[7b]">&gt;&gt;</a>&nbsp;&nbsp;&nbsp;TIM_PWMIConfig
<LI><a href="#[72]">&gt;&gt;</a>&nbsp;&nbsp;&nbsp;TIM_ICInit
</UL>

<P><STRONG><a name="[72]"></a>TIM_ICInit</STRONG> (Thumb, 110 bytes, Stack size 16 bytes, stm32f10x_tim.o(.text), UNUSED)
<BR><BR>[Calls]<UL><LI><a href="#[74]">&gt;&gt;</a>&nbsp;&nbsp;&nbsp;TIM_SetIC1Prescaler
<LI><a href="#[76]">&gt;&gt;</a>&nbsp;&nbsp;&nbsp;TIM_SetIC2Prescaler
<LI><a href="#[78]">&gt;&gt;</a>&nbsp;&nbsp;&nbsp;TIM_SetIC3Prescaler
<LI><a href="#[7a]">&gt;&gt;</a>&nbsp;&nbsp;&nbsp;TIM_SetIC4Prescaler
<LI><a href="#[73]">&gt;&gt;</a>&nbsp;&nbsp;&nbsp;TI1_Config
<LI><a href="#[75]">&gt;&gt;</a>&nbsp;&nbsp;&nbsp;TI2_Config
<LI><a href="#[77]">&gt;&gt;</a>&nbsp;&nbsp;&nbsp;TI3_Config
<LI><a href="#[79]">&gt;&gt;</a>&nbsp;&nbsp;&nbsp;TI4_Config
</UL>
<BR>[Called By]<UL><LI><a href="#[137]">&gt;&gt;</a>&nbsp;&nbsp;&nbsp;TIM8_Cap_Init
<LI><a href="#[136]">&gt;&gt;</a>&nbsp;&nbsp;&nbsp;TIM5_Cap_Init
<LI><a href="#[135]">&gt;&gt;</a>&nbsp;&nbsp;&nbsp;TIM4_Cap_Init
<LI><a href="#[134]">&gt;&gt;</a>&nbsp;&nbsp;&nbsp;TIM3_Cap_Init
<LI><a href="#[133]">&gt;&gt;</a>&nbsp;&nbsp;&nbsp;TIM2_Cap_Init
<LI><a href="#[131]">&gt;&gt;</a>&nbsp;&nbsp;&nbsp;TIM1_Cap_Init
</UL>

<P><STRONG><a name="[7b]"></a>TIM_PWMIConfig</STRONG> (Thumb, 124 bytes, Stack size 24 bytes, stm32f10x_tim.o(.text), UNUSED)
<BR><BR>[Calls]<UL><LI><a href="#[74]">&gt;&gt;</a>&nbsp;&nbsp;&nbsp;TIM_SetIC1Prescaler
<LI><a href="#[76]">&gt;&gt;</a>&nbsp;&nbsp;&nbsp;TIM_SetIC2Prescaler
<LI><a href="#[73]">&gt;&gt;</a>&nbsp;&nbsp;&nbsp;TI1_Config
<LI><a href="#[75]">&gt;&gt;</a>&nbsp;&nbsp;&nbsp;TI2_Config
</UL>

<P><STRONG><a name="[2f0]"></a>TIM_BDTRConfig</STRONG> (Thumb, 32 bytes, Stack size 0 bytes, stm32f10x_tim.o(.text), UNUSED)

<P><STRONG><a name="[2f1]"></a>TIM_TimeBaseStructInit</STRONG> (Thumb, 18 bytes, Stack size 0 bytes, stm32f10x_tim.o(.text), UNUSED)

<P><STRONG><a name="[2f2]"></a>TIM_OCStructInit</STRONG> (Thumb, 20 bytes, Stack size 0 bytes, stm32f10x_tim.o(.text), UNUSED)

<P><STRONG><a name="[2f3]"></a>TIM_ICStructInit</STRONG> (Thumb, 18 bytes, Stack size 0 bytes, stm32f10x_tim.o(.text), UNUSED)

<P><STRONG><a name="[2f4]"></a>TIM_BDTRStructInit</STRONG> (Thumb, 18 bytes, Stack size 0 bytes, stm32f10x_tim.o(.text), UNUSED)

<P><STRONG><a name="[bc]"></a>TIM_Cmd</STRONG> (Thumb, 24 bytes, Stack size 0 bytes, stm32f10x_tim.o(.text))
<BR><BR>[Called By]<UL><LI><a href="#[13e]">&gt;&gt;</a>&nbsp;&nbsp;&nbsp;TIM_OC_Timing_Init
<LI><a href="#[137]">&gt;&gt;</a>&nbsp;&nbsp;&nbsp;TIM8_Cap_Init
<LI><a href="#[136]">&gt;&gt;</a>&nbsp;&nbsp;&nbsp;TIM5_Cap_Init
<LI><a href="#[135]">&gt;&gt;</a>&nbsp;&nbsp;&nbsp;TIM4_Cap_Init
<LI><a href="#[134]">&gt;&gt;</a>&nbsp;&nbsp;&nbsp;TIM3_Cap_Init
<LI><a href="#[133]">&gt;&gt;</a>&nbsp;&nbsp;&nbsp;TIM2_Cap_Init
<LI><a href="#[131]">&gt;&gt;</a>&nbsp;&nbsp;&nbsp;TIM1_Cap_Init
<LI><a href="#[e6]">&gt;&gt;</a>&nbsp;&nbsp;&nbsp;TIM5_PWM_init
<LI><a href="#[dc]">&gt;&gt;</a>&nbsp;&nbsp;&nbsp;TIM4_PWM_init
<LI><a href="#[d2]">&gt;&gt;</a>&nbsp;&nbsp;&nbsp;TIM3_PWM_init
<LI><a href="#[c7]">&gt;&gt;</a>&nbsp;&nbsp;&nbsp;TIM2_PWM_init
<LI><a href="#[b6]">&gt;&gt;</a>&nbsp;&nbsp;&nbsp;TIM1_PWM_init
<LI><a href="#[9a]">&gt;&gt;</a>&nbsp;&nbsp;&nbsp;TIM_Init
<LI><a href="#[9c]">&gt;&gt;</a>&nbsp;&nbsp;&nbsp;TIM8_PWM_init
</UL>

<P><STRONG><a name="[bd]"></a>TIM_CtrlPWMOutputs</STRONG> (Thumb, 30 bytes, Stack size 0 bytes, stm32f10x_tim.o(.text))
<BR><BR>[Called By]<UL><LI><a href="#[e6]">&gt;&gt;</a>&nbsp;&nbsp;&nbsp;TIM5_PWM_init
<LI><a href="#[dc]">&gt;&gt;</a>&nbsp;&nbsp;&nbsp;TIM4_PWM_init
<LI><a href="#[d2]">&gt;&gt;</a>&nbsp;&nbsp;&nbsp;TIM3_PWM_init
<LI><a href="#[c7]">&gt;&gt;</a>&nbsp;&nbsp;&nbsp;TIM2_PWM_init
<LI><a href="#[b6]">&gt;&gt;</a>&nbsp;&nbsp;&nbsp;TIM1_PWM_init
<LI><a href="#[9c]">&gt;&gt;</a>&nbsp;&nbsp;&nbsp;TIM8_PWM_init
</UL>

<P><STRONG><a name="[132]"></a>TIM_ITConfig</STRONG> (Thumb, 18 bytes, Stack size 0 bytes, stm32f10x_tim.o(.text))
<BR><BR>[Called By]<UL><LI><a href="#[13e]">&gt;&gt;</a>&nbsp;&nbsp;&nbsp;TIM_OC_Timing_Init
<LI><a href="#[137]">&gt;&gt;</a>&nbsp;&nbsp;&nbsp;TIM8_Cap_Init
<LI><a href="#[136]">&gt;&gt;</a>&nbsp;&nbsp;&nbsp;TIM5_Cap_Init
<LI><a href="#[135]">&gt;&gt;</a>&nbsp;&nbsp;&nbsp;TIM4_Cap_Init
<LI><a href="#[134]">&gt;&gt;</a>&nbsp;&nbsp;&nbsp;TIM3_Cap_Init
<LI><a href="#[133]">&gt;&gt;</a>&nbsp;&nbsp;&nbsp;TIM2_Cap_Init
<LI><a href="#[131]">&gt;&gt;</a>&nbsp;&nbsp;&nbsp;TIM1_Cap_Init
<LI><a href="#[9a]">&gt;&gt;</a>&nbsp;&nbsp;&nbsp;TIM_Init
</UL>

<P><STRONG><a name="[2f5]"></a>TIM_GenerateEvent</STRONG> (Thumb, 4 bytes, Stack size 0 bytes, stm32f10x_tim.o(.text), UNUSED)

<P><STRONG><a name="[2f6]"></a>TIM_DMAConfig</STRONG> (Thumb, 10 bytes, Stack size 0 bytes, stm32f10x_tim.o(.text), UNUSED)

<P><STRONG><a name="[2f7]"></a>TIM_DMACmd</STRONG> (Thumb, 18 bytes, Stack size 0 bytes, stm32f10x_tim.o(.text), UNUSED)

<P><STRONG><a name="[2f8]"></a>TIM_InternalClockConfig</STRONG> (Thumb, 12 bytes, Stack size 0 bytes, stm32f10x_tim.o(.text), UNUSED)

<P><STRONG><a name="[7d]"></a>TIM_SelectInputTrigger</STRONG> (Thumb, 18 bytes, Stack size 0 bytes, stm32f10x_tim.o(.text))
<BR><BR>[Called By]<UL><LI><a href="#[7e]">&gt;&gt;</a>&nbsp;&nbsp;&nbsp;TIM_TIxExternalClockConfig
<LI><a href="#[7c]">&gt;&gt;</a>&nbsp;&nbsp;&nbsp;TIM_ITRxExternalClockConfig
<LI><a href="#[137]">&gt;&gt;</a>&nbsp;&nbsp;&nbsp;TIM8_Cap_Init
</UL>

<P><STRONG><a name="[7c]"></a>TIM_ITRxExternalClockConfig</STRONG> (Thumb, 24 bytes, Stack size 12 bytes, stm32f10x_tim.o(.text), UNUSED)
<BR><BR>[Calls]<UL><LI><a href="#[7d]">&gt;&gt;</a>&nbsp;&nbsp;&nbsp;TIM_SelectInputTrigger
</UL>

<P><STRONG><a name="[7e]"></a>TIM_TIxExternalClockConfig</STRONG> (Thumb, 62 bytes, Stack size 24 bytes, stm32f10x_tim.o(.text))
<BR><BR>[Stack]<UL><LI>Max Depth = 44<LI>Call Chain = TIM_TIxExternalClockConfig &rArr; TI1_Config
</UL>
<BR>[Calls]<UL><LI><a href="#[7d]">&gt;&gt;</a>&nbsp;&nbsp;&nbsp;TIM_SelectInputTrigger
<LI><a href="#[73]">&gt;&gt;</a>&nbsp;&nbsp;&nbsp;TI1_Config
<LI><a href="#[75]">&gt;&gt;</a>&nbsp;&nbsp;&nbsp;TI2_Config
</UL>
<BR>[Called By]<UL><LI><a href="#[92]">&gt;&gt;</a>&nbsp;&nbsp;&nbsp;My_Init
</UL>

<P><STRONG><a name="[80]"></a>TIM_ETRConfig</STRONG> (Thumb, 30 bytes, Stack size 16 bytes, stm32f10x_tim.o(.text), UNUSED)
<BR><BR>[Called By]<UL><LI><a href="#[81]">&gt;&gt;</a>&nbsp;&nbsp;&nbsp;TIM_ETRClockMode2Config
<LI><a href="#[7f]">&gt;&gt;</a>&nbsp;&nbsp;&nbsp;TIM_ETRClockMode1Config
</UL>

<P><STRONG><a name="[7f]"></a>TIM_ETRClockMode1Config</STRONG> (Thumb, 54 bytes, Stack size 24 bytes, stm32f10x_tim.o(.text), UNUSED)
<BR><BR>[Calls]<UL><LI><a href="#[80]">&gt;&gt;</a>&nbsp;&nbsp;&nbsp;TIM_ETRConfig
</UL>

<P><STRONG><a name="[81]"></a>TIM_ETRClockMode2Config</STRONG> (Thumb, 32 bytes, Stack size 20 bytes, stm32f10x_tim.o(.text), UNUSED)
<BR><BR>[Calls]<UL><LI><a href="#[80]">&gt;&gt;</a>&nbsp;&nbsp;&nbsp;TIM_ETRConfig
</UL>

<P><STRONG><a name="[13d]"></a>TIM_PrescalerConfig</STRONG> (Thumb, 6 bytes, Stack size 0 bytes, stm32f10x_tim.o(.text), UNUSED)
<BR><BR>[Called By]<UL><LI><a href="#[13c]">&gt;&gt;</a>&nbsp;&nbsp;&nbsp;TIM_Timing_Init
</UL>

<P><STRONG><a name="[2f9]"></a>TIM_CounterModeConfig</STRONG> (Thumb, 18 bytes, Stack size 0 bytes, stm32f10x_tim.o(.text), UNUSED)

<P><STRONG><a name="[2fa]"></a>TIM_EncoderInterfaceConfig</STRONG> (Thumb, 66 bytes, Stack size 20 bytes, stm32f10x_tim.o(.text), UNUSED)

<P><STRONG><a name="[2fb]"></a>TIM_ForcedOC1Config</STRONG> (Thumb, 18 bytes, Stack size 0 bytes, stm32f10x_tim.o(.text), UNUSED)

<P><STRONG><a name="[2fc]"></a>TIM_ForcedOC2Config</STRONG> (Thumb, 26 bytes, Stack size 0 bytes, stm32f10x_tim.o(.text), UNUSED)

<P><STRONG><a name="[2fd]"></a>TIM_ForcedOC3Config</STRONG> (Thumb, 18 bytes, Stack size 0 bytes, stm32f10x_tim.o(.text), UNUSED)

<P><STRONG><a name="[2fe]"></a>TIM_ForcedOC4Config</STRONG> (Thumb, 26 bytes, Stack size 0 bytes, stm32f10x_tim.o(.text), UNUSED)

<P><STRONG><a name="[2ff]"></a>TIM_ARRPreloadConfig</STRONG> (Thumb, 24 bytes, Stack size 0 bytes, stm32f10x_tim.o(.text), UNUSED)

<P><STRONG><a name="[300]"></a>TIM_SelectCOM</STRONG> (Thumb, 24 bytes, Stack size 0 bytes, stm32f10x_tim.o(.text), UNUSED)

<P><STRONG><a name="[301]"></a>TIM_SelectCCDMA</STRONG> (Thumb, 24 bytes, Stack size 0 bytes, stm32f10x_tim.o(.text), UNUSED)

<P><STRONG><a name="[302]"></a>TIM_CCPreloadControl</STRONG> (Thumb, 24 bytes, Stack size 0 bytes, stm32f10x_tim.o(.text), UNUSED)

<P><STRONG><a name="[13f]"></a>TIM_OC1PreloadConfig</STRONG> (Thumb, 18 bytes, Stack size 0 bytes, stm32f10x_tim.o(.text), UNUSED)
<BR><BR>[Called By]<UL><LI><a href="#[13e]">&gt;&gt;</a>&nbsp;&nbsp;&nbsp;TIM_OC_Timing_Init
</UL>

<P><STRONG><a name="[140]"></a>TIM_OC2PreloadConfig</STRONG> (Thumb, 26 bytes, Stack size 0 bytes, stm32f10x_tim.o(.text), UNUSED)
<BR><BR>[Called By]<UL><LI><a href="#[13e]">&gt;&gt;</a>&nbsp;&nbsp;&nbsp;TIM_OC_Timing_Init
</UL>

<P><STRONG><a name="[141]"></a>TIM_OC3PreloadConfig</STRONG> (Thumb, 18 bytes, Stack size 0 bytes, stm32f10x_tim.o(.text), UNUSED)
<BR><BR>[Called By]<UL><LI><a href="#[13e]">&gt;&gt;</a>&nbsp;&nbsp;&nbsp;TIM_OC_Timing_Init
</UL>

<P><STRONG><a name="[142]"></a>TIM_OC4PreloadConfig</STRONG> (Thumb, 26 bytes, Stack size 0 bytes, stm32f10x_tim.o(.text), UNUSED)
<BR><BR>[Called By]<UL><LI><a href="#[13e]">&gt;&gt;</a>&nbsp;&nbsp;&nbsp;TIM_OC_Timing_Init
</UL>

<P><STRONG><a name="[303]"></a>TIM_OC1FastConfig</STRONG> (Thumb, 18 bytes, Stack size 0 bytes, stm32f10x_tim.o(.text), UNUSED)

<P><STRONG><a name="[304]"></a>TIM_OC2FastConfig</STRONG> (Thumb, 26 bytes, Stack size 0 bytes, stm32f10x_tim.o(.text), UNUSED)

<P><STRONG><a name="[305]"></a>TIM_OC3FastConfig</STRONG> (Thumb, 18 bytes, Stack size 0 bytes, stm32f10x_tim.o(.text), UNUSED)

<P><STRONG><a name="[306]"></a>TIM_OC4FastConfig</STRONG> (Thumb, 26 bytes, Stack size 0 bytes, stm32f10x_tim.o(.text), UNUSED)

<P><STRONG><a name="[307]"></a>TIM_ClearOC1Ref</STRONG> (Thumb, 18 bytes, Stack size 0 bytes, stm32f10x_tim.o(.text), UNUSED)

<P><STRONG><a name="[308]"></a>TIM_ClearOC2Ref</STRONG> (Thumb, 24 bytes, Stack size 0 bytes, stm32f10x_tim.o(.text), UNUSED)

<P><STRONG><a name="[309]"></a>TIM_ClearOC3Ref</STRONG> (Thumb, 18 bytes, Stack size 0 bytes, stm32f10x_tim.o(.text), UNUSED)

<P><STRONG><a name="[30a]"></a>TIM_ClearOC4Ref</STRONG> (Thumb, 24 bytes, Stack size 0 bytes, stm32f10x_tim.o(.text), UNUSED)

<P><STRONG><a name="[119]"></a>TIM_OC1PolarityConfig</STRONG> (Thumb, 18 bytes, Stack size 0 bytes, stm32f10x_tim.o(.text))
<BR><BR>[Called By]<UL><LI><a href="#[130]">&gt;&gt;</a>&nbsp;&nbsp;&nbsp;TIM8_CO1_Check
<LI><a href="#[129]">&gt;&gt;</a>&nbsp;&nbsp;&nbsp;TIM5_CO1_Check
<LI><a href="#[125]">&gt;&gt;</a>&nbsp;&nbsp;&nbsp;TIM4_CO1_Check
<LI><a href="#[121]">&gt;&gt;</a>&nbsp;&nbsp;&nbsp;TIM3_CO1_Check
<LI><a href="#[11d]">&gt;&gt;</a>&nbsp;&nbsp;&nbsp;TIM2_CO1_Check
<LI><a href="#[117]">&gt;&gt;</a>&nbsp;&nbsp;&nbsp;TIM1_CO1_Check
</UL>

<P><STRONG><a name="[30b]"></a>TIM_OC1NPolarityConfig</STRONG> (Thumb, 18 bytes, Stack size 0 bytes, stm32f10x_tim.o(.text), UNUSED)

<P><STRONG><a name="[116]"></a>TIM_OC2PolarityConfig</STRONG> (Thumb, 26 bytes, Stack size 0 bytes, stm32f10x_tim.o(.text))
<BR><BR>[Called By]<UL><LI><a href="#[12f]">&gt;&gt;</a>&nbsp;&nbsp;&nbsp;TIM8_CO2_Check
<LI><a href="#[128]">&gt;&gt;</a>&nbsp;&nbsp;&nbsp;TIM5_CO2_Check
<LI><a href="#[124]">&gt;&gt;</a>&nbsp;&nbsp;&nbsp;TIM4_CO2_Check
<LI><a href="#[120]">&gt;&gt;</a>&nbsp;&nbsp;&nbsp;TIM3_CO2_Check
<LI><a href="#[11c]">&gt;&gt;</a>&nbsp;&nbsp;&nbsp;TIM2_CO2_Check
<LI><a href="#[114]">&gt;&gt;</a>&nbsp;&nbsp;&nbsp;TIM1_CO2_Check
</UL>

<P><STRONG><a name="[30c]"></a>TIM_OC2NPolarityConfig</STRONG> (Thumb, 26 bytes, Stack size 0 bytes, stm32f10x_tim.o(.text), UNUSED)

<P><STRONG><a name="[113]"></a>TIM_OC3PolarityConfig</STRONG> (Thumb, 26 bytes, Stack size 0 bytes, stm32f10x_tim.o(.text))
<BR><BR>[Called By]<UL><LI><a href="#[12e]">&gt;&gt;</a>&nbsp;&nbsp;&nbsp;TIM8_CO3_Check
<LI><a href="#[127]">&gt;&gt;</a>&nbsp;&nbsp;&nbsp;TIM5_CO3_Check
<LI><a href="#[123]">&gt;&gt;</a>&nbsp;&nbsp;&nbsp;TIM4_CO3_Check
<LI><a href="#[11f]">&gt;&gt;</a>&nbsp;&nbsp;&nbsp;TIM3_CO3_Check
<LI><a href="#[11b]">&gt;&gt;</a>&nbsp;&nbsp;&nbsp;TIM2_CO3_Check
<LI><a href="#[111]">&gt;&gt;</a>&nbsp;&nbsp;&nbsp;TIM1_CO3_Check
</UL>

<P><STRONG><a name="[30d]"></a>TIM_OC3NPolarityConfig</STRONG> (Thumb, 26 bytes, Stack size 0 bytes, stm32f10x_tim.o(.text), UNUSED)

<P><STRONG><a name="[110]"></a>TIM_OC4PolarityConfig</STRONG> (Thumb, 26 bytes, Stack size 0 bytes, stm32f10x_tim.o(.text))
<BR><BR>[Called By]<UL><LI><a href="#[12d]">&gt;&gt;</a>&nbsp;&nbsp;&nbsp;TIM8_CO4_Check
<LI><a href="#[126]">&gt;&gt;</a>&nbsp;&nbsp;&nbsp;TIM5_CO4_Check
<LI><a href="#[122]">&gt;&gt;</a>&nbsp;&nbsp;&nbsp;TIM4_CO4_Check
<LI><a href="#[11e]">&gt;&gt;</a>&nbsp;&nbsp;&nbsp;TIM3_CO4_Check
<LI><a href="#[11a]">&gt;&gt;</a>&nbsp;&nbsp;&nbsp;TIM2_CO4_Check
<LI><a href="#[10e]">&gt;&gt;</a>&nbsp;&nbsp;&nbsp;TIM1_CO4_Check
</UL>

<P><STRONG><a name="[30e]"></a>TIM_CCxCmd</STRONG> (Thumb, 26 bytes, Stack size 8 bytes, stm32f10x_tim.o(.text), UNUSED)

<P><STRONG><a name="[30f]"></a>TIM_CCxNCmd</STRONG> (Thumb, 26 bytes, Stack size 8 bytes, stm32f10x_tim.o(.text), UNUSED)

<P><STRONG><a name="[310]"></a>TIM_SelectOCxM</STRONG> (Thumb, 134 bytes, Stack size 12 bytes, stm32f10x_tim.o(.text), UNUSED)

<P><STRONG><a name="[311]"></a>TIM_UpdateDisableConfig</STRONG> (Thumb, 24 bytes, Stack size 0 bytes, stm32f10x_tim.o(.text), UNUSED)

<P><STRONG><a name="[312]"></a>TIM_UpdateRequestConfig</STRONG> (Thumb, 24 bytes, Stack size 0 bytes, stm32f10x_tim.o(.text), UNUSED)

<P><STRONG><a name="[313]"></a>TIM_SelectHallSensor</STRONG> (Thumb, 24 bytes, Stack size 0 bytes, stm32f10x_tim.o(.text), UNUSED)

<P><STRONG><a name="[314]"></a>TIM_SelectOnePulseMode</STRONG> (Thumb, 18 bytes, Stack size 0 bytes, stm32f10x_tim.o(.text), UNUSED)

<P><STRONG><a name="[315]"></a>TIM_SelectOutputTrigger</STRONG> (Thumb, 18 bytes, Stack size 0 bytes, stm32f10x_tim.o(.text), UNUSED)

<P><STRONG><a name="[138]"></a>TIM_SelectSlaveMode</STRONG> (Thumb, 18 bytes, Stack size 0 bytes, stm32f10x_tim.o(.text), UNUSED)
<BR><BR>[Called By]<UL><LI><a href="#[137]">&gt;&gt;</a>&nbsp;&nbsp;&nbsp;TIM8_Cap_Init
</UL>

<P><STRONG><a name="[139]"></a>TIM_SelectMasterSlaveMode</STRONG> (Thumb, 18 bytes, Stack size 0 bytes, stm32f10x_tim.o(.text), UNUSED)
<BR><BR>[Called By]<UL><LI><a href="#[137]">&gt;&gt;</a>&nbsp;&nbsp;&nbsp;TIM8_Cap_Init
</UL>

<P><STRONG><a name="[316]"></a>TIM_SetCounter</STRONG> (Thumb, 4 bytes, Stack size 0 bytes, stm32f10x_tim.o(.text), UNUSED)

<P><STRONG><a name="[317]"></a>TIM_SetAutoreload</STRONG> (Thumb, 4 bytes, Stack size 0 bytes, stm32f10x_tim.o(.text), UNUSED)

<P><STRONG><a name="[318]"></a>TIM_SetCompare1</STRONG> (Thumb, 4 bytes, Stack size 0 bytes, stm32f10x_tim.o(.text), UNUSED)

<P><STRONG><a name="[319]"></a>TIM_SetCompare2</STRONG> (Thumb, 4 bytes, Stack size 0 bytes, stm32f10x_tim.o(.text), UNUSED)

<P><STRONG><a name="[31a]"></a>TIM_SetCompare3</STRONG> (Thumb, 4 bytes, Stack size 0 bytes, stm32f10x_tim.o(.text), UNUSED)

<P><STRONG><a name="[31b]"></a>TIM_SetCompare4</STRONG> (Thumb, 6 bytes, Stack size 0 bytes, stm32f10x_tim.o(.text), UNUSED)

<P><STRONG><a name="[31c]"></a>TIM_SetClockDivision</STRONG> (Thumb, 14 bytes, Stack size 0 bytes, stm32f10x_tim.o(.text), UNUSED)

<P><STRONG><a name="[118]"></a>TIM_GetCapture1</STRONG> (Thumb, 6 bytes, Stack size 0 bytes, stm32f10x_tim.o(.text))
<BR><BR>[Called By]<UL><LI><a href="#[130]">&gt;&gt;</a>&nbsp;&nbsp;&nbsp;TIM8_CO1_Check
<LI><a href="#[129]">&gt;&gt;</a>&nbsp;&nbsp;&nbsp;TIM5_CO1_Check
<LI><a href="#[125]">&gt;&gt;</a>&nbsp;&nbsp;&nbsp;TIM4_CO1_Check
<LI><a href="#[121]">&gt;&gt;</a>&nbsp;&nbsp;&nbsp;TIM3_CO1_Check
<LI><a href="#[11d]">&gt;&gt;</a>&nbsp;&nbsp;&nbsp;TIM2_CO1_Check
<LI><a href="#[117]">&gt;&gt;</a>&nbsp;&nbsp;&nbsp;TIM1_CO1_Check
</UL>

<P><STRONG><a name="[115]"></a>TIM_GetCapture2</STRONG> (Thumb, 6 bytes, Stack size 0 bytes, stm32f10x_tim.o(.text))
<BR><BR>[Called By]<UL><LI><a href="#[12f]">&gt;&gt;</a>&nbsp;&nbsp;&nbsp;TIM8_CO2_Check
<LI><a href="#[128]">&gt;&gt;</a>&nbsp;&nbsp;&nbsp;TIM5_CO2_Check
<LI><a href="#[124]">&gt;&gt;</a>&nbsp;&nbsp;&nbsp;TIM4_CO2_Check
<LI><a href="#[120]">&gt;&gt;</a>&nbsp;&nbsp;&nbsp;TIM3_CO2_Check
<LI><a href="#[11c]">&gt;&gt;</a>&nbsp;&nbsp;&nbsp;TIM2_CO2_Check
<LI><a href="#[114]">&gt;&gt;</a>&nbsp;&nbsp;&nbsp;TIM1_CO2_Check
</UL>

[...]
</UL>

<P><STRONG><a name="[18e]"></a>CmdResp1Error</STRONG> (Thumb, 302 bytes, Stack size 24 bytes, sdio_sdcard.o(.text))
<BR><BR>[Stack]<UL><LI>Max Depth = 24<LI>Call Chain = CmdResp1Error
</UL>
<BR>[Calls]<UL><LI><a href="#[18f]">&gt;&gt;</a>&nbsp;&nbsp;&nbsp;SDIO_ClearFlag
<LI><a href="#[191]">&gt;&gt;</a>&nbsp;&nbsp;&nbsp;SDIO_GetResponse
<LI><a href="#[190]">&gt;&gt;</a>&nbsp;&nbsp;&nbsp;SDIO_GetCommandResponse
</UL>
<BR>[Called By]<UL><LI><a href="#[197]">&gt;&gt;</a>&nbsp;&nbsp;&nbsp;SDEnWideBus
<LI><a href="#[192]">&gt;&gt;</a>&nbsp;&nbsp;&nbsp;FindSCR
<LI><a href="#[1b6]">&gt;&gt;</a>&nbsp;&nbsp;&nbsp;SD_SendSDStatus
<LI><a href="#[1b5]">&gt;&gt;</a>&nbsp;&nbsp;&nbsp;SD_Erase
<LI><a href="#[1b4]">&gt;&gt;</a>&nbsp;&nbsp;&nbsp;SD_StopTransfer
<LI><a href="#[1b3]">&gt;&gt;</a>&nbsp;&nbsp;&nbsp;SD_WriteMultiBlocks
<LI><a href="#[1b1]">&gt;&gt;</a>&nbsp;&nbsp;&nbsp;SD_WriteBlock
<LI><a href="#[1af]">&gt;&gt;</a>&nbsp;&nbsp;&nbsp;SD_ReadMultiBlocks
<LI><a href="#[1ab]">&gt;&gt;</a>&nbsp;&nbsp;&nbsp;SD_ReadBlock
<LI><a href="#[1a6]">&gt;&gt;</a>&nbsp;&nbsp;&nbsp;SD_SendStatus
<LI><a href="#[1a2]">&gt;&gt;</a>&nbsp;&nbsp;&nbsp;SD_PowerON
<LI><a href="#[19a]">&gt;&gt;</a>&nbsp;&nbsp;&nbsp;SD_SelectDeselect
</UL>

<P><STRONG><a name="[192]"></a>FindSCR</STRONG> (Thumb, 442 bytes, Stack size 32 bytes, sdio_sdcard.o(.text))
<BR><BR>[Stack]<UL><LI>Max Depth = 56<LI>Call Chain = FindSCR &rArr; CmdResp1Error
</UL>
<BR>[Calls]<UL><LI><a href="#[18f]">&gt;&gt;</a>&nbsp;&nbsp;&nbsp;SDIO_ClearFlag
<LI><a href="#[195]">&gt;&gt;</a>&nbsp;&nbsp;&nbsp;SDIO_GetFlagStatus
<LI><a href="#[196]">&gt;&gt;</a>&nbsp;&nbsp;&nbsp;SDIO_ReadData
<LI><a href="#[194]">&gt;&gt;</a>&nbsp;&nbsp;&nbsp;SDIO_DataConfig
<LI><a href="#[193]">&gt;&gt;</a>&nbsp;&nbsp;&nbsp;SDIO_SendCommand
<LI><a href="#[18e]">&gt;&gt;</a>&nbsp;&nbsp;&nbsp;CmdResp1Error
</UL>
<BR>[Called By]<UL><LI><a href="#[197]">&gt;&gt;</a>&nbsp;&nbsp;&nbsp;SDEnWideBus
</UL>

<P><STRONG><a name="[197]"></a>SDEnWideBus</STRONG> (Thumb, 284 bytes, Stack size 24 bytes, sdio_sdcard.o(.text))
<BR><BR>[Stack]<UL><LI>Max Depth = 80<LI>Call Chain = SDEnWideBus &rArr; FindSCR &rArr; CmdResp1Error
</UL>
<BR>[Calls]<UL><LI><a href="#[191]">&gt;&gt;</a>&nbsp;&nbsp;&nbsp;SDIO_GetResponse
<LI><a href="#[193]">&gt;&gt;</a>&nbsp;&nbsp;&nbsp;SDIO_SendCommand
<LI><a href="#[192]">&gt;&gt;</a>&nbsp;&nbsp;&nbsp;FindSCR
<LI><a href="#[18e]">&gt;&gt;</a>&nbsp;&nbsp;&nbsp;CmdResp1Error
</UL>
<BR>[Called By]<UL><LI><a href="#[198]">&gt;&gt;</a>&nbsp;&nbsp;&nbsp;SD_EnableWideBusOperation
</UL>

<P><STRONG><a name="[19b]"></a>CmdResp2Error</STRONG> (Thumb, 70 bytes, Stack size 16 bytes, sdio_sdcard.o(.text))
<BR><BR>[Stack]<UL><LI>Max Depth = 16<LI>Call Chain = CmdResp2Error
</UL>
<BR>[Calls]<UL><LI><a href="#[18f]">&gt;&gt;</a>&nbsp;&nbsp;&nbsp;SDIO_ClearFlag
</UL>
<BR>[Called By]<UL><LI><a href="#[19d]">&gt;&gt;</a>&nbsp;&nbsp;&nbsp;SD_InitializeCards
</UL>

<P><STRONG><a name="[19c]"></a>CmdResp6Error</STRONG> (Thumb, 152 bytes, Stack size 24 bytes, sdio_sdcard.o(.text))
<BR><BR>[Stack]<UL><LI>Max Depth = 24<LI>Call Chain = CmdResp6Error
</UL>
<BR>[Calls]<UL><LI><a href="#[18f]">&gt;&gt;</a>&nbsp;&nbsp;&nbsp;SDIO_ClearFlag
<LI><a href="#[191]">&gt;&gt;</a>&nbsp;&nbsp;&nbsp;SDIO_GetResponse
<LI><a href="#[190]">&gt;&gt;</a>&nbsp;&nbsp;&nbsp;SDIO_GetCommandResponse
</UL>
<BR>[Called By]<UL><LI><a href="#[19d]">&gt;&gt;</a>&nbsp;&nbsp;&nbsp;SD_InitializeCards
</UL>

<P><STRONG><a name="[19f]"></a>CmdResp3Error</STRONG> (Thumb, 52 bytes, Stack size 16 bytes, sdio_sdcard.o(.text))
<BR><BR>[Stack]<UL><LI>Max Depth = 16<LI>Call Chain = CmdResp3Error
</UL>
<BR>[Calls]<UL><LI><a href="#[18f]">&gt;&gt;</a>&nbsp;&nbsp;&nbsp;SDIO_ClearFlag
</UL>
<BR>[Called By]<UL><LI><a href="#[1a2]">&gt;&gt;</a>&nbsp;&nbsp;&nbsp;SD_PowerON
</UL>

<P><STRONG><a name="[1a0]"></a>CmdResp7Error</STRONG> (Thumb, 72 bytes, Stack size 16 bytes, sdio_sdcard.o(.text))
<BR><BR>[Stack]<UL><LI>Max Depth = 16<LI>Call Chain = CmdResp7Error
</UL>
<BR>[Calls]<UL><LI><a href="#[18f]">&gt;&gt;</a>&nbsp;&nbsp;&nbsp;SDIO_ClearFlag
</UL>
<BR>[Called By]<UL><LI><a href="#[1a2]">&gt;&gt;</a>&nbsp;&nbsp;&nbsp;SD_PowerON
</UL>

<P><STRONG><a name="[1a1]"></a>CmdError</STRONG> (Thumb, 44 bytes, Stack size 16 bytes, sdio_sdcard.o(.text))
<BR><BR>[Stack]<UL><LI>Max Depth = 16<LI>Call Chain = CmdError
</UL>
<BR>[Calls]<UL><LI><a href="#[18f]">&gt;&gt;</a>&nbsp;&nbsp;&nbsp;SDIO_ClearFlag
<LI><a href="#[195]">&gt;&gt;</a>&nbsp;&nbsp;&nbsp;SDIO_GetFlagStatus
</UL>
<BR>[Called By]<UL><LI><a href="#[1a2]">&gt;&gt;</a>&nbsp;&nbsp;&nbsp;SD_PowerON
</UL>

<P><STRONG><a name="[1ad]"></a>convert_from_bytes_to_power_of_two</STRONG> (Thumb, 18 bytes, Stack size 0 bytes, sdio_sdcard.o(.text))
<BR><BR>[Called By]<UL><LI><a href="#[1b3]">&gt;&gt;</a>&nbsp;&nbsp;&nbsp;SD_WriteMultiBlocks
<LI><a href="#[1b1]">&gt;&gt;</a>&nbsp;&nbsp;&nbsp;SD_WriteBlock
<LI><a href="#[1af]">&gt;&gt;</a>&nbsp;&nbsp;&nbsp;SD_ReadMultiBlocks
<LI><a href="#[1ab]">&gt;&gt;</a>&nbsp;&nbsp;&nbsp;SD_ReadBlock
</UL>

<P><STRONG><a name="[1b0]"></a>IsCardProgramming</STRONG> (Thumb, 450 bytes, Stack size 24 bytes, sdio_sdcard.o(.text))
<BR><BR>[Stack]<UL><LI>Max Depth = 24<LI>Call Chain = IsCardProgramming
</UL>
<BR>[Calls]<UL><LI><a href="#[18f]">&gt;&gt;</a>&nbsp;&nbsp;&nbsp;SDIO_ClearFlag
<LI><a href="#[191]">&gt;&gt;</a>&nbsp;&nbsp;&nbsp;SDIO_GetResponse
<LI><a href="#[190]">&gt;&gt;</a>&nbsp;&nbsp;&nbsp;SDIO_GetCommandResponse
<LI><a href="#[193]">&gt;&gt;</a>&nbsp;&nbsp;&nbsp;SDIO_SendCommand
</UL>
<BR>[Called By]<UL><LI><a href="#[1b5]">&gt;&gt;</a>&nbsp;&nbsp;&nbsp;SD_Erase
<LI><a href="#[1b3]">&gt;&gt;</a>&nbsp;&nbsp;&nbsp;SD_WriteMultiBlocks
<LI><a href="#[1b1]">&gt;&gt;</a>&nbsp;&nbsp;&nbsp;SD_WriteBlock
</UL>

<P><STRONG><a name="[1cd]"></a>mem_cpy</STRONG> (Thumb, 46 bytes, Stack size 16 bytes, ff.o(.text), UNUSED)
<BR><BR>[Called By]<UL><LI><a href="#[ad]">&gt;&gt;</a>&nbsp;&nbsp;&nbsp;f_write
<LI><a href="#[ae]">&gt;&gt;</a>&nbsp;&nbsp;&nbsp;f_rename
<LI><a href="#[ab]">&gt;&gt;</a>&nbsp;&nbsp;&nbsp;f_mkdir
<LI><a href="#[1e0]">&gt;&gt;</a>&nbsp;&nbsp;&nbsp;f_unlink
<LI><a href="#[1d7]">&gt;&gt;</a>&nbsp;&nbsp;&nbsp;f_read
<LI><a href="#[1cc]">&gt;&gt;</a>&nbsp;&nbsp;&nbsp;dir_register
</UL>

<P><STRONG><a name="[1c0]"></a>mem_set</STRONG> (Thumb, 20 bytes, Stack size 12 bytes, ff.o(.text), UNUSED)
<BR><BR>[Called By]<UL><LI><a href="#[ab]">&gt;&gt;</a>&nbsp;&nbsp;&nbsp;f_mkdir
<LI><a href="#[1cf]">&gt;&gt;</a>&nbsp;&nbsp;&nbsp;create_name
<LI><a href="#[1cc]">&gt;&gt;</a>&nbsp;&nbsp;&nbsp;dir_register
<LI><a href="#[1c8]">&gt;&gt;</a>&nbsp;&nbsp;&nbsp;dir_next
<LI><a href="#[1bf]">&gt;&gt;</a>&nbsp;&nbsp;&nbsp;sync
</UL>

<P><STRONG><a name="[1ca]"></a>mem_cmp</STRONG> (Thumb, 38 bytes, Stack size 20 bytes, ff.o(.text), UNUSED)
<BR><BR>[Called By]<UL><LI><a href="#[1c9]">&gt;&gt;</a>&nbsp;&nbsp;&nbsp;dir_find
</UL>

<P><STRONG><a name="[1d0]"></a>chk_chr</STRONG> (Thumb, 20 bytes, Stack size 0 bytes, ff.o(.text), UNUSED)
<BR><BR>[Called By]<UL><LI><a href="#[1cf]">&gt;&gt;</a>&nbsp;&nbsp;&nbsp;create_name
</UL>

<P><STRONG><a name="[1be]"></a>move_window</STRONG> (Thumb, 114 bytes, Stack size 24 bytes, ff.o(.text), UNUSED)
<BR><BR>[Calls]<UL><LI><a href="#[1bd]">&gt;&gt;</a>&nbsp;&nbsp;&nbsp;disk_write
<LI><a href="#[1bc]">&gt;&gt;</a>&nbsp;&nbsp;&nbsp;disk_read
</UL>
<BR>[Called By]<UL><LI><a href="#[ae]">&gt;&gt;</a>&nbsp;&nbsp;&nbsp;f_rename
<LI><a href="#[ac]">&gt;&gt;</a>&nbsp;&nbsp;&nbsp;f_open
<LI><a href="#[ab]">&gt;&gt;</a>&nbsp;&nbsp;&nbsp;f_mkdir
<LI><a href="#[1de]">&gt;&gt;</a>&nbsp;&nbsp;&nbsp;f_getfree
<LI><a href="#[1d8]">&gt;&gt;</a>&nbsp;&nbsp;&nbsp;f_sync
<LI><a href="#[1c3]">&gt;&gt;</a>&nbsp;&nbsp;&nbsp;put_fat
<LI><a href="#[1c2]">&gt;&gt;</a>&nbsp;&nbsp;&nbsp;get_fat
<LI><a href="#[1ce]">&gt;&gt;</a>&nbsp;&nbsp;&nbsp;dir_remove
<LI><a href="#[1cc]">&gt;&gt;</a>&nbsp;&nbsp;&nbsp;dir_register
<LI><a href="#[1cb]">&gt;&gt;</a>&nbsp;&nbsp;&nbsp;dir_read
<LI><a href="#[1c9]">&gt;&gt;</a>&nbsp;&nbsp;&nbsp;dir_find
<LI><a href="#[1c8]">&gt;&gt;</a>&nbsp;&nbsp;&nbsp;dir_next
<LI><a href="#[1bf]">&gt;&gt;</a>&nbsp;&nbsp;&nbsp;sync
</UL>

<P><STRONG><a name="[1bf]"></a>sync</STRONG> (Thumb, 110 bytes, Stack size 16 bytes, ff.o(.text), UNUSED)
<BR><BR>[Calls]<UL><LI><a href="#[1be]">&gt;&gt;</a>&nbsp;&nbsp;&nbsp;move_window
<LI><a href="#[1c0]">&gt;&gt;</a>&nbsp;&nbsp;&nbsp;mem_set
<LI><a href="#[1c1]">&gt;&gt;</a>&nbsp;&nbsp;&nbsp;disk_ioctl
<LI><a href="#[1bd]">&gt;&gt;</a>&nbsp;&nbsp;&nbsp;disk_write
</UL>
<BR>[Called By]<UL><LI><a href="#[ae]">&gt;&gt;</a>&nbsp;&nbsp;&nbsp;f_rename
<LI><a href="#[ab]">&gt;&gt;</a>&nbsp;&nbsp;&nbsp;f_mkdir
<LI><a href="#[1e2]">&gt;&gt;</a>&nbsp;&nbsp;&nbsp;f_utime
<LI><a href="#[1e1]">&gt;&gt;</a>&nbsp;&nbsp;&nbsp;f_chmod
<LI><a href="#[1e0]">&gt;&gt;</a>&nbsp;&nbsp;&nbsp;f_unlink
<LI><a href="#[1d8]">&gt;&gt;</a>&nbsp;&nbsp;&nbsp;f_sync
</UL>

<P><STRONG><a name="[1c4]"></a>remove_chain</STRONG> (Thumb, 104 bytes, Stack size 24 bytes, ff.o(.text), UNUSED)
<BR><BR>[Calls]<UL><LI><a href="#[1c3]">&gt;&gt;</a>&nbsp;&nbsp;&nbsp;put_fat
<LI><a href="#[1c2]">&gt;&gt;</a>&nbsp;&nbsp;&nbsp;get_fat
</UL>
<BR>[Called By]<UL><LI><a href="#[ac]">&gt;&gt;</a>&nbsp;&nbsp;&nbsp;f_open
<LI><a href="#[ab]">&gt;&gt;</a>&nbsp;&nbsp;&nbsp;f_mkdir
<LI><a href="#[1e0]">&gt;&gt;</a>&nbsp;&nbsp;&nbsp;f_unlink
<LI><a href="#[1df]">&gt;&gt;</a>&nbsp;&nbsp;&nbsp;f_truncate
</UL>

<P><STRONG><a name="[1c5]"></a>create_chain</STRONG> (Thumb, 184 bytes, Stack size 24 bytes, ff.o(.text), UNUSED)
<BR><BR>[Calls]<UL><LI><a href="#[1c3]">&gt;&gt;</a>&nbsp;&nbsp;&nbsp;put_fat
<LI><a href="#[1c2]">&gt;&gt;</a>&nbsp;&nbsp;&nbsp;get_fat
</UL>
<BR>[Called By]<UL><LI><a href="#[ad]">&gt;&gt;</a>&nbsp;&nbsp;&nbsp;f_write
<LI><a href="#[ab]">&gt;&gt;</a>&nbsp;&nbsp;&nbsp;f_mkdir
<LI><a href="#[1d9]">&gt;&gt;</a>&nbsp;&nbsp;&nbsp;f_lseek
<LI><a href="#[1c8]">&gt;&gt;</a>&nbsp;&nbsp;&nbsp;dir_next
</UL>

<P><STRONG><a name="[1c6]"></a>dir_sdi</STRONG> (Thumb, 164 bytes, Stack size 24 bytes, ff.o(.text), UNUSED)
<BR><BR>[Calls]<UL><LI><a href="#[1c7]">&gt;&gt;</a>&nbsp;&nbsp;&nbsp;clust2sect
<LI><a href="#[1c2]">&gt;&gt;</a>&nbsp;&nbsp;&nbsp;get_fat
</UL>
<BR>[Called By]<UL><LI><a href="#[1e0]">&gt;&gt;</a>&nbsp;&nbsp;&nbsp;f_unlink
<LI><a href="#[1db]">&gt;&gt;</a>&nbsp;&nbsp;&nbsp;f_readdir
<LI><a href="#[1da]">&gt;&gt;</a>&nbsp;&nbsp;&nbsp;f_opendir
<LI><a href="#[1d1]">&gt;&gt;</a>&nbsp;&nbsp;&nbsp;follow_path
<LI><a href="#[1ce]">&gt;&gt;</a>&nbsp;&nbsp;&nbsp;dir_remove
<LI><a href="#[1cc]">&gt;&gt;</a>&nbsp;&nbsp;&nbsp;dir_register
<LI><a href="#[1c9]">&gt;&gt;</a>&nbsp;&nbsp;&nbsp;dir_find
</UL>

<P><STRONG><a name="[1c8]"></a>dir_next</STRONG> (Thumb, 278 bytes, Stack size 24 bytes, ff.o(.text), UNUSED)
<BR><BR>[Calls]<UL><LI><a href="#[1c7]">&gt;&gt;</a>&nbsp;&nbsp;&nbsp;clust2sect
<LI><a href="#[1c2]">&gt;&gt;</a>&nbsp;&nbsp;&nbsp;get_fat
<LI><a href="#[1c5]">&gt;&gt;</a>&nbsp;&nbsp;&nbsp;create_chain
<LI><a href="#[1be]">&gt;&gt;</a>&nbsp;&nbsp;&nbsp;move_window
<LI><a href="#[1c0]">&gt;&gt;</a>&nbsp;&nbsp;&nbsp;mem_set
</UL>
<BR>[Called By]<UL><LI><a href="#[1db]">&gt;&gt;</a>&nbsp;&nbsp;&nbsp;f_readdir
<LI><a href="#[1cc]">&gt;&gt;</a>&nbsp;&nbsp;&nbsp;dir_register
<LI><a href="#[1cb]">&gt;&gt;</a>&nbsp;&nbsp;&nbsp;dir_read
<LI><a href="#[1c9]">&gt;&gt;</a>&nbsp;&nbsp;&nbsp;dir_find
</UL>

<P><STRONG><a name="[1c9]"></a>dir_find</STRONG> (Thumb, 92 bytes, Stack size 24 bytes, ff.o(.text), UNUSED)
<BR><BR>[Calls]<UL><LI><a href="#[1c8]">&gt;&gt;</a>&nbsp;&nbsp;&nbsp;dir_next
<LI><a href="#[1c6]">&gt;&gt;</a>&nbsp;&nbsp;&nbsp;dir_sdi
<LI><a href="#[1be]">&gt;&gt;</a>&nbsp;&nbsp;&nbsp;move_window
<LI><a href="#[1ca]">&gt;&gt;</a>&nbsp;&nbsp;&nbsp;mem_cmp
</UL>
<BR>[Called By]<UL><LI><a href="#[1d1]">&gt;&gt;</a>&nbsp;&nbsp;&nbsp;follow_path
</UL>

<P><STRONG><a name="[1cb]"></a>dir_read</STRONG> (Thumb, 86 bytes, Stack size 24 bytes, ff.o(.text), UNUSED)
<BR><BR>[Calls]<UL><LI><a href="#[1c8]">&gt;&gt;</a>&nbsp;&nbsp;&nbsp;dir_next
<LI><a href="#[1be]">&gt;&gt;</a>&nbsp;&nbsp;&nbsp;move_window
</UL>
<BR>[Called By]<UL><LI><a href="#[1e0]">&gt;&gt;</a>&nbsp;&nbsp;&nbsp;f_unlink
<LI><a href="#[1db]">&gt;&gt;</a>&nbsp;&nbsp;&nbsp;f_readdir
</UL>

<P><STRONG><a name="[1cc]"></a>dir_register</STRONG> (Thumb, 110 bytes, Stack size 24 bytes, ff.o(.text), UNUSED)
<BR><BR>[Calls]<UL><LI><a href="#[1c8]">&gt;&gt;</a>&nbsp;&nbsp;&nbsp;dir_next
<LI><a href="#[1c6]">&gt;&gt;</a>&nbsp;&nbsp;&nbsp;dir_sdi
<LI><a href="#[1be]">&gt;&gt;</a>&nbsp;&nbsp;&nbsp;move_window
<LI><a href="#[1c0]">&gt;&gt;</a>&nbsp;&nbsp;&nbsp;mem_set
<LI><a href="#[1cd]">&gt;&gt;</a>&nbsp;&nbsp;&nbsp;mem_cpy
</UL>
<BR>[Called By]<UL><LI><a href="#[ae]">&gt;&gt;</a>&nbsp;&nbsp;&nbsp;f_rename
<LI><a href="#[ac]">&gt;&gt;</a>&nbsp;&nbsp;&nbsp;f_open
<LI><a href="#[ab]">&gt;&gt;</a>&nbsp;&nbsp;&nbsp;f_mkdir
</UL>

<P><STRONG><a name="[1ce]"></a>dir_remove</STRONG> (Thumb, 44 bytes, Stack size 16 bytes, ff.o(.text), UNUSED)
<BR><BR>[Calls]<UL><LI><a href="#[1c6]">&gt;&gt;</a>&nbsp;&nbsp;&nbsp;dir_sdi
<LI><a href="#[1be]">&gt;&gt;</a>&nbsp;&nbsp;&nbsp;move_window
</UL>
<BR>[Called By]<UL><LI><a href="#[ae]">&gt;&gt;</a>&nbsp;&nbsp;&nbsp;f_rename
<LI><a href="#[1e0]">&gt;&gt;</a>&nbsp;&nbsp;&nbsp;f_unlink
</UL>

<P><STRONG><a name="[1cf]"></a>create_name</STRONG> (Thumb, 310 bytes, Stack size 48 bytes, ff.o(.text), UNUSED)
<BR><BR>[Calls]<UL><LI><a href="#[1d0]">&gt;&gt;</a>&nbsp;&nbsp;&nbsp;chk_chr
<LI><a href="#[1c0]">&gt;&gt;</a>&nbsp;&nbsp;&nbsp;mem_set
</UL>
<BR>[Called By]<UL><LI><a href="#[1d1]">&gt;&gt;</a>&nbsp;&nbsp;&nbsp;follow_path
</UL>

<P><STRONG><a name="[1dc]"></a>get_fileinfo</STRONG> (Thumb, 112 bytes, Stack size 20 bytes, ff.o(.text), UNUSED)
<BR><BR>[Called By]<UL><LI><a href="#[1dd]">&gt;&gt;</a>&nbsp;&nbsp;&nbsp;f_stat
<LI><a href="#[1db]">&gt;&gt;</a>&nbsp;&nbsp;&nbsp;f_readdir
</UL>

<P><STRONG><a name="[1d1]"></a>follow_path</STRONG> (Thumb, 146 bytes, Stack size 32 bytes, ff.o(.text), UNUSED)
<BR><BR>[Calls]<UL><LI><a href="#[1cf]">&gt;&gt;</a>&nbsp;&nbsp;&nbsp;create_name
<LI><a href="#[1c9]">&gt;&gt;</a>&nbsp;&nbsp;&nbsp;dir_find
<LI><a href="#[1c6]">&gt;&gt;</a>&nbsp;&nbsp;&nbsp;dir_sdi
</UL>
<BR>[Called By]<UL><LI><a href="#[ae]">&gt;&gt;</a>&nbsp;&nbsp;&nbsp;f_rename
<LI><a href="#[ac]">&gt;&gt;</a>&nbsp;&nbsp;&nbsp;f_open
<LI><a href="#[ab]">&gt;&gt;</a>&nbsp;&nbsp;&nbsp;f_mkdir
<LI><a href="#[1e2]">&gt;&gt;</a>&nbsp;&nbsp;&nbsp;f_utime
<LI><a href="#[1e1]">&gt;&gt;</a>&nbsp;&nbsp;&nbsp;f_chmod
<LI><a href="#[1e0]">&gt;&gt;</a>&nbsp;&nbsp;&nbsp;f_unlink
<LI><a href="#[1dd]">&gt;&gt;</a>&nbsp;&nbsp;&nbsp;f_stat
<LI><a href="#[1da]">&gt;&gt;</a>&nbsp;&nbsp;&nbsp;f_opendir
</UL>

<P><STRONG><a name="[1d2]"></a>check_fs</STRONG> (Thumb, 82 bytes, Stack size 16 bytes, ff.o(.text), UNUSED)
<BR><BR>[Calls]<UL><LI><a href="#[1bc]">&gt;&gt;</a>&nbsp;&nbsp;&nbsp;disk_read
</UL>
<BR>[Called By]<UL><LI><a href="#[1d3]">&gt;&gt;</a>&nbsp;&nbsp;&nbsp;chk_mounted
</UL>

<P><STRONG><a name="[1d3]"></a>chk_mounted</STRONG> (Thumb, 636 bytes, Stack size 72 bytes, ff.o(.text), UNUSED)
<BR><BR>[Calls]<UL><LI><a href="#[1d2]">&gt;&gt;</a>&nbsp;&nbsp;&nbsp;check_fs
<LI><a href="#[1bc]">&gt;&gt;</a>&nbsp;&nbsp;&nbsp;disk_read
<LI><a href="#[1d4]">&gt;&gt;</a>&nbsp;&nbsp;&nbsp;disk_status
<LI><a href="#[1bb]">&gt;&gt;</a>&nbsp;&nbsp;&nbsp;disk_initialize
</UL>
<BR>[Called By]<UL><LI><a href="#[ae]">&gt;&gt;</a>&nbsp;&nbsp;&nbsp;f_rename
<LI><a href="#[ac]">&gt;&gt;</a>&nbsp;&nbsp;&nbsp;f_open
<LI><a href="#[ab]">&gt;&gt;</a>&nbsp;&nbsp;&nbsp;f_mkdir
<LI><a href="#[1e2]">&gt;&gt;</a>&nbsp;&nbsp;&nbsp;f_utime
<LI><a href="#[1e1]">&gt;&gt;</a>&nbsp;&nbsp;&nbsp;f_chmod
<LI><a href="#[1e0]">&gt;&gt;</a>&nbsp;&nbsp;&nbsp;f_unlink
<LI><a href="#[1de]">&gt;&gt;</a>&nbsp;&nbsp;&nbsp;f_getfree
<LI><a href="#[1dd]">&gt;&gt;</a>&nbsp;&nbsp;&nbsp;f_stat
<LI><a href="#[1da]">&gt;&gt;</a>&nbsp;&nbsp;&nbsp;f_opendir
</UL>

<P><STRONG><a name="[1d5]"></a>validate</STRONG> (Thumb, 42 bytes, Stack size 16 bytes, ff.o(.text), UNUSED)
<BR><BR>[Calls]<UL><LI><a href="#[1d4]">&gt;&gt;</a>&nbsp;&nbsp;&nbsp;disk_status
</UL>
<BR>[Called By]<UL><LI><a href="#[ad]">&gt;&gt;</a>&nbsp;&nbsp;&nbsp;f_write
<LI><a href="#[1df]">&gt;&gt;</a>&nbsp;&nbsp;&nbsp;f_truncate
<LI><a href="#[1db]">&gt;&gt;</a>&nbsp;&nbsp;&nbsp;f_readdir
<LI><a href="#[1d9]">&gt;&gt;</a>&nbsp;&nbsp;&nbsp;f_lseek
<LI><a href="#[1d8]">&gt;&gt;</a>&nbsp;&nbsp;&nbsp;f_sync
<LI><a href="#[1d7]">&gt;&gt;</a>&nbsp;&nbsp;&nbsp;f_read
</UL>

<P><STRONG><a name="[1e5]"></a>Delay</STRONG> (Thumb, 18 bytes, Stack size 8 bytes, lcd_dis24.o(.text))
<BR><BR>[Stack]<UL><LI>Max Depth = 8<LI>Call Chain = Delay
</UL>
<BR>[Called By]<UL><LI><a href="#[97]">&gt;&gt;</a>&nbsp;&nbsp;&nbsp;LCD_Init
<LI><a href="#[1e4]">&gt;&gt;</a>&nbsp;&nbsp;&nbsp;lcd_rst
</UL>

<P><STRONG><a name="[221]"></a>N_X</STRONG> (Thumb, 28 bytes, Stack size 8 bytes, tft_show.o(.text))
<BR><BR>[Stack]<UL><LI>Max Depth = 8<LI>Call Chain = N_X
</UL>
<BR>[Called By]<UL><LI><a href="#[a1]">&gt;&gt;</a>&nbsp;&nbsp;&nbsp;TFT_Show_Num
<LI><a href="#[224]">&gt;&gt;</a>&nbsp;&nbsp;&nbsp;TFT_Show_Float2
<LI><a href="#[223]">&gt;&gt;</a>&nbsp;&nbsp;&nbsp;TFT_Show_Float1
<LI><a href="#[222]">&gt;&gt;</a>&nbsp;&nbsp;&nbsp;TFT_Show_Float
<LI><a href="#[211]">&gt;&gt;</a>&nbsp;&nbsp;&nbsp;TFT_Show_Num1
</UL>

<P><STRONG><a name="[23c]"></a>DataStageOut</STRONG> (Thumb, 166 bytes, Stack size 24 bytes, usb_core.o(.text))
<BR><BR>[Stack]<UL><LI>Max Depth = 44<LI>Call Chain = DataStageOut &rArr; PMAToUserBufferCopy
</UL>
<BR>[Calls]<UL><LI><a href="#[23f]">&gt;&gt;</a>&nbsp;&nbsp;&nbsp;SetEPTxCount
<LI><a href="#[23e]">&gt;&gt;</a>&nbsp;&nbsp;&nbsp;PMAToUserBufferCopy
<LI><a href="#[23d]">&gt;&gt;</a>&nbsp;&nbsp;&nbsp;GetEPRxAddr
</UL>
<BR>[Called By]<UL><LI><a href="#[251]">&gt;&gt;</a>&nbsp;&nbsp;&nbsp;Out0_Process
</UL>

<P><STRONG><a name="[240]"></a>DataStageIn</STRONG> (Thumb, 166 bytes, Stack size 32 bytes, usb_core.o(.text))
<BR><BR>[Stack]<UL><LI>Max Depth = 52<LI>Call Chain = DataStageIn &rArr; UserToPMABufferCopy
</UL>
<BR>[Calls]<UL><LI><a href="#[242]">&gt;&gt;</a>&nbsp;&nbsp;&nbsp;UserToPMABufferCopy
<LI><a href="#[23f]">&gt;&gt;</a>&nbsp;&nbsp;&nbsp;SetEPTxCount
<LI><a href="#[241]">&gt;&gt;</a>&nbsp;&nbsp;&nbsp;GetEPTxAddr
</UL>
<BR>[Called By]<UL><LI><a href="#[24f]">&gt;&gt;</a>&nbsp;&nbsp;&nbsp;In0_Process
<LI><a href="#[24b]">&gt;&gt;</a>&nbsp;&nbsp;&nbsp;Data_Setup0
</UL>

<P><STRONG><a name="[243]"></a>NoData_Setup0</STRONG> (Thumb, 290 bytes, Stack size 16 bytes, usb_core.o(.text))
<BR><BR>[Stack]<UL><LI>Max Depth = 60<LI>Call Chain = NoData_Setup0 &rArr; Standard_ClearFeature &rArr; SetEPTxStatus
</UL>
<BR>[Calls]<UL><LI><a href="#[245]">&gt;&gt;</a>&nbsp;&nbsp;&nbsp;Standard_SetDeviceFeature
<LI><a href="#[247]">&gt;&gt;</a>&nbsp;&nbsp;&nbsp;Standard_SetEndPointFeature
<LI><a href="#[237]">&gt;&gt;</a>&nbsp;&nbsp;&nbsp;Standard_ClearFeature
<LI><a href="#[246]">&gt;&gt;</a>&nbsp;&nbsp;&nbsp;Standard_SetInterface
<LI><a href="#[244]">&gt;&gt;</a>&nbsp;&nbsp;&nbsp;Standard_SetConfiguration
</UL>
<BR>[Called By]<UL><LI><a href="#[24d]">&gt;&gt;</a>&nbsp;&nbsp;&nbsp;Setup0_Process
</UL>

<P><STRONG><a name="[24b]"></a>Data_Setup0</STRONG> (Thumb, 678 bytes, Stack size 40 bytes, usb_core.o(.text))
<BR><BR>[Stack]<UL><LI>Max Depth = 92<LI>Call Chain = Data_Setup0 &rArr; DataStageIn &rArr; UserToPMABufferCopy
</UL>
<BR>[Calls]<UL><LI><a href="#[240]">&gt;&gt;</a>&nbsp;&nbsp;&nbsp;DataStageIn
</UL>
<BR>[Called By]<UL><LI><a href="#[24d]">&gt;&gt;</a>&nbsp;&nbsp;&nbsp;Setup0_Process
</UL>

<P><STRONG><a name="[298]"></a>_printf_core</STRONG> (Thumb, 436 bytes, Stack size 96 bytes, printf3.o(i._printf_core), UNUSED)
<BR><BR>[Calls]<UL><LI><a href="#[299]">&gt;&gt;</a>&nbsp;&nbsp;&nbsp;__aeabi_uidivmod
</UL>
<BR>[Called By]<UL><LI><a href="#[297]">&gt;&gt;</a>&nbsp;&nbsp;&nbsp;__0printf$3
</UL>
<P>
<H3>
Undefined Global Symbols
</H3><HR></body></html>
