Component: ARM Compiler 5.05 (build 41) Tool: armlink [4d0eb9]

==============================================================================

Section Cross References

    stm32f10x_gpio.o(.text) refers to stm32f10x_rcc.o(.text) for RCC_APB2PeriphResetCmd
    stm32f10x_rcc.o(.text) refers to stm32f10x_rcc.o(.data) for APBAHBPrescTable
    stm32f10x_usart.o(.text) refers to stm32f10x_rcc.o(.text) for RCC_APB2PeriphResetCmd
    stm32f10x_tim.o(.text) refers to stm32f10x_rcc.o(.text) for RCC_APB2PeriphResetCmd
    stm32f10x_bkp.o(.text) refers to stm32f10x_rcc.o(.text) for RCC_BackupResetCmd
    stm32f10x_pwr.o(.text) refers to stm32f10x_rcc.o(.text) for RCC_APB1PeriphResetCmd
    stm32f10x_spi.o(.text) refers to stm32f10x_rcc.o(.text) for RCC_APB2PeriphResetCmd
    stm32f10x_dac.o(.text) refers to stm32f10x_rcc.o(.text) for RCC_APB1PeriphResetCmd
    stm32f10x_adc.o(.text) refers to stm32f10x_rcc.o(.text) for RCC_APB2PeriphResetCmd
    startup_stm32f10x_hd.o(RESET) refers to startup_stm32f10x_hd.o(.text) for Reset_Handler
    startup_stm32f10x_hd.o(RESET) refers to stm32f10x_it.o(.text) for NMI_Handler
    startup_stm32f10x_hd.o(RESET) refers to timcap.o(.text) for TIM1_BRK_IRQHandler
    startup_stm32f10x_hd.o(RESET) refers to usart.o(.text) for USART1_IRQHandler
    startup_stm32f10x_hd.o(RESET) refers to sdio_sdcard.o(.text) for SDIO_IRQHandler
    startup_stm32f10x_hd.o(.text) refers to startup_stm32f10x_hd.o(STACK) for __initial_sp
    startup_stm32f10x_hd.o(.text) refers to entry.o(.ARM.Collect$$$$00000000) for __main
    main.o(.text) refers to gpio.o(.text) for My_GPIO_Init
    main.o(.text) refers to stm32f10x_rcc.o(.text) for RCC_DeInit
    main.o(.text) refers to stm32f10x_flash.o(.text) for FLASH_SetLatency
    main.o(.text) refers to delay.o(.text) for delay_init
    main.o(.text) refers to mpu6050.o(.text) for MPU6050_Init
    main.o(.text) refers to xpt2046.o(.text) for XPT2046_Init
    main.o(.text) refers to lcd_dis24.o(.text) for LCD_Init
    main.o(.text) refers to usart.o(.text) for USART_NVIC_Configuration
    main.o(.text) refers to timer.o(.text) for TIM_Init
    main.o(.text) refers to stm32f10x_tim.o(.text) for TIM_TIxExternalClockConfig
    main.o(.text) refers to pwm.o(.text) for TIM8_PWM_init
    main.o(.text) refers to tft_m.o(.text) for Creat_All
    main.o(.text) refers to printf3.o(i.__0printf$3) for __2printf
    main.o(.text) refers to tft_show.o(.text) for TFT_Show_Num
    main.o(.text) refers to button.o(.text) for Creat_Buuton_2
    main.o(.text) refers to memcpya.o(.text) for __aeabi_memcpy4
    main.o(.text) refers to ff.o(.text) for f_mount
    main.o(.text) refers to main.o(.data) for Init_All
    main.o(.text) refers to tft_m.o(.data) for Menu_Step
    main.o(.text) refers to main.o(.constdata) for .constdata
    stm32f10x_it.o(.text) refers to usb_int.o(.text) for CTR_HP
    stm32f10x_it.o(.text) refers to usb_istr.o(.text) for USB_Istr
    stm32f10x_it.o(.text) refers to stm32f10x_exti.o(.text) for EXTI_GetITStatus
    gpio.o(.text) refers to stm32f10x_rcc.o(.text) for RCC_APB2PeriphClockCmd
    gpio.o(.text) refers to stm32f10x_gpio.o(.text) for GPIO_Init
    delay.o(.text) refers to delay.o(.data) for fac_us
    pwm.o(.text) refers to stm32f10x_rcc.o(.text) for RCC_APB2PeriphClockCmd
    pwm.o(.text) refers to stm32f10x_gpio.o(.text) for GPIO_Init
    pwm.o(.text) refers to stm32f10x_tim.o(.text) for TIM_DeInit
    pwm.o(.text) refers to pwm.o(.data) for GPIO_InitStructure
    pwm.o(.text) refers to pwm.o(.bss) for TIM1_TimeBaseStructure
    pwm_comp.o(.text) refers to stm32f10x_rcc.o(.text) for RCC_APB2PeriphClockCmd
    pwm_comp.o(.text) refers to stm32f10x_gpio.o(.text) for GPIO_Init
    pwm_comp.o(.text) refers to stm32f10x_tim.o(.text) for TIM_TimeBaseInit
    pwm_comp.o(.text) refers to pwm_comp.o(.bss) for TIM1_OC1InitStructure
    spi.o(.text) refers to stm32f10x_spi.o(.text) for SPI_I2S_GetFlagStatus
    spi.o(.text) refers to stm32f10x_rcc.o(.text) for RCC_APB2PeriphClockCmd
    spi.o(.text) refers to stm32f10x_gpio.o(.text) for GPIO_Init
    spi.o(.text) refers to spi.o(.bss) for SPI1_InitStructure
    timcap.o(.text) refers to stm32f10x_tim.o(.text) for TIM_GetITStatus
    timcap.o(.text) refers to printf3.o(i.__0printf$3) for __2printf
    timcap.o(.text) refers to timcap.o(.data) for OC_STA
    timcap.o(.text) refers to pwm.o(.text) for TIM8_PWM_init
    timcap.o(.text) refers to delay.o(.text) for delay_ms
    timcap.o(.text) refers to mpu6050.o(.text) for Get_Signs
    timcap.o(.text) refers to motor.o(.text) for Adjust_Motor
    timcap.o(.text) refers to main.o(.data) for leng
    timcap.o(.text) refers to stm32f10x_rcc.o(.text) for RCC_APB2PeriphClockCmd
    timcap.o(.text) refers to stm32f10x_gpio.o(.text) for GPIO_Init
    timer.o(.text) refers to stm32f10x_rcc.o(.text) for RCC_APB2PeriphClockCmd
    timer.o(.text) refers to stm32f10x_tim.o(.text) for TIM_TimeBaseInit
    timer.o(.text) refers to misc.o(.text) for NVIC_PriorityGroupConfig
[...]
    TIM_ClearOC3Ref                          0x08001ff3   Thumb Code    18  stm32f10x_tim.o(.text)
    TIM_ClearOC4Ref                          0x08002005   Thumb Code    24  stm32f10x_tim.o(.text)
    TIM_OC1PolarityConfig                    0x0800201d   Thumb Code    18  stm32f10x_tim.o(.text)
    TIM_OC1NPolarityConfig                   0x0800202f   Thumb Code    18  stm32f10x_tim.o(.text)
    TIM_OC2PolarityConfig                    0x08002041   Thumb Code    26  stm32f10x_tim.o(.text)
    TIM_OC2NPolarityConfig                   0x0800205b   Thumb Code    26  stm32f10x_tim.o(.text)
    TIM_OC3PolarityConfig                    0x08002075   Thumb Code    26  stm32f10x_tim.o(.text)
    TIM_OC3NPolarityConfig                   0x0800208f   Thumb Code    26  stm32f10x_tim.o(.text)
    TIM_OC4PolarityConfig                    0x080020a9   Thumb Code    26  stm32f10x_tim.o(.text)
    TIM_CCxCmd                               0x080020c3   Thumb Code    26  stm32f10x_tim.o(.text)
    TIM_CCxNCmd                              0x080020dd   Thumb Code    26  stm32f10x_tim.o(.text)
    TIM_SelectOCxM                           0x080020f7   Thumb Code   134  stm32f10x_tim.o(.text)
    TIM_UpdateDisableConfig                  0x0800217d   Thumb Code    24  stm32f10x_tim.o(.text)
    TIM_UpdateRequestConfig                  0x08002195   Thumb Code    24  stm32f10x_tim.o(.text)
    TIM_SelectHallSensor                     0x080021ad   Thumb Code    24  stm32f10x_tim.o(.text)
    TIM_SelectOnePulseMode                   0x080021c5   Thumb Code    18  stm32f10x_tim.o(.text)
    TIM_SelectOutputTrigger                  0x080021d7   Thumb Code    18  stm32f10x_tim.o(.text)
    TIM_SelectSlaveMode                      0x080021e9   Thumb Code    18  stm32f10x_tim.o(.text)
    TIM_SelectMasterSlaveMode                0x080021fb   Thumb Code    18  stm32f10x_tim.o(.text)
    TIM_SetCounter                           0x0800220d   Thumb Code     4  stm32f10x_tim.o(.text)
    TIM_SetAutoreload                        0x08002211   Thumb Code     4  stm32f10x_tim.o(.text)
    TIM_SetCompare1                          0x08002215   Thumb Code     4  stm32f10x_tim.o(.text)
    TIM_SetCompare2                          0x08002219   Thumb Code     4  stm32f10x_tim.o(.text)
    TIM_SetCompare3                          0x0800221d   Thumb Code     4  stm32f10x_tim.o(.text)
    TIM_SetCompare4                          0x08002221   Thumb Code     6  stm32f10x_tim.o(.text)
    TIM_SetClockDivision                     0x08002227   Thumb Code    14  stm32f10x_tim.o(.text)
    TIM_GetCapture1                          0x08002235   Thumb Code     6  stm32f10x_tim.o(.text)
    TIM_GetCapture2                          0x0800223b   Thumb Code     6  stm32f10x_tim.o(.text)
    TIM_GetCapture3                          0x08002241   Thumb Code     6  stm32f10x_tim.o(.text)
    TIM_GetCapture4                          0x08002247   Thumb Code     8  stm32f10x_tim.o(.text)
    TIM_GetCounter                           0x0800224f   Thumb Code     6  stm32f10x_tim.o(.text)
    TIM_GetPrescaler                         0x08002255   Thumb Code     6  stm32f10x_tim.o(.text)
    TIM_GetFlagStatus                        0x0800225b   Thumb Code    18  stm32f10x_tim.o(.text)
    TIM_ClearFlag                            0x0800226d   Thumb Code     6  stm32f10x_tim.o(.text)
    TIM_GetITStatus                          0x08002273   Thumb Code    34  stm32f10x_tim.o(.text)
    TIM_ClearITPendingBit                    0x08002295   Thumb Code     6  stm32f10x_tim.o(.text)
    FSMC_NORSRAMDeInit                       0x0800229d   Thumb Code    54  stm32f10x_fsmc.o(.text)
    FSMC_NANDDeInit                          0x080022d3   Thumb Code    62  stm32f10x_fsmc.o(.text)
    FSMC_PCCARDDeInit                        0x08002311   Thumb Code    36  stm32f10x_fsmc.o(.text)
    FSMC_NORSRAMInit                         0x08002335   Thumb Code   226  stm32f10x_fsmc.o(.text)
    FSMC_NANDInit                            0x08002417   Thumb Code   132  stm32f10x_fsmc.o(.text)
    FSMC_PCCARDInit                          0x0800249b   Thumb Code   130  stm32f10x_fsmc.o(.text)
    FSMC_NORSRAMStructInit                   0x0800251d   Thumb Code   112  stm32f10x_fsmc.o(.text)
    FSMC_NANDStructInit                      0x0800258d   Thumb Code    54  stm32f10x_fsmc.o(.text)
    FSMC_PCCARDStructInit                    0x080025c3   Thumb Code    60  stm32f10x_fsmc.o(.text)
    FSMC_NORSRAMCmd                          0x080025ff   Thumb Code    46  stm32f10x_fsmc.o(.text)
    FSMC_NANDCmd                             0x0800262d   Thumb Code    86  stm32f10x_fsmc.o(.text)
    FSMC_PCCARDCmd                           0x08002683   Thumb Code    44  stm32f10x_fsmc.o(.text)
    FSMC_NANDECCCmd                          0x080026af   Thumb Code    90  stm32f10x_fsmc.o(.text)
    FSMC_GetECC                              0x08002709   Thumb Code    24  stm32f10x_fsmc.o(.text)
    FSMC_ITConfig                            0x08002721   Thumb Code   128  stm32f10x_fsmc.o(.text)
    FSMC_GetFlagStatus                       0x080027a1   Thumb Code    54  stm32f10x_fsmc.o(.text)
    FSMC_ClearFlag                           0x080027d7   Thumb Code    62  stm32f10x_fsmc.o(.text)
    FSMC_GetITStatus                         0x08002815   Thumb Code    64  stm32f10x_fsmc.o(.text)
    FSMC_ClearITPendingBit                   0x08002855   Thumb Code    68  stm32f10x_fsmc.o(.text)
    SPI_I2S_DeInit                           0x080028a1   Thumb Code    88  stm32f10x_spi.o(.text)
    SPI_Init                                 0x080028f9   Thumb Code    60  stm32f10x_spi.o(.text)
    I2S_Init                                 0x08002935   Thumb Code   210  stm32f10x_spi.o(.text)
    SPI_StructInit                           0x08002a07   Thumb Code    24  stm32f10x_spi.o(.text)
    I2S_StructInit                           0x08002a1f   Thumb Code    20  stm32f10x_spi.o(.text)
    SPI_Cmd                                  0x08002a33   Thumb Code    24  stm32f10x_spi.o(.text)
    I2S_Cmd                                  0x08002a4b   Thumb Code    24  stm32f10x_spi.o(.text)
    SPI_I2S_ITConfig                         0x08002a63   Thumb Code    32  stm32f10x_spi.o(.text)
    SPI_I2S_DMACmd                           0x08002a83   Thumb Code    18  stm32f10x_spi.o(.text)
    SPI_I2S_SendData                         0x08002a95   Thumb Code     4  stm32f10x_spi.o(.text)
    SPI_I2S_ReceiveData                      0x08002a99   Thumb Code     6  stm32f10x_spi.o(.text)
    SPI_NSSInternalSoftwareConfig            0x08002a9f   Thumb Code    30  stm32f10x_spi.o(.text)
    SPI_SSOutputCmd                          0x08002abd   Thumb Code    24  stm32f10x_spi.o(.text)
    SPI_DataSizeConfig                       0x08002ad5   Thumb Code    18  stm32f10x_spi.o(.text)
    SPI_TransmitCRC                          0x08002ae7   Thumb Code    10  stm32f10x_spi.o(.text)
    SPI_CalculateCRC                         0x08002af1   Thumb Code    24  stm32f10x_spi.o(.text)
    SPI_GetCRC                               0x08002b09   Thumb Code    16  stm32f10x_spi.o(.text)
    SPI_GetCRCPolynomial                     0x08002b19   Thumb Code     6  stm32f10x_spi.o(.text)
    SPI_BiDirectionalLineConfig              0x08002b1f   Thumb Code    28  stm32f10x_spi.o(.text)
    SPI_I2S_GetFlagStatus                    0x08002b3b   Thumb Code    18  stm32f10x_spi.o(.text)
    SPI_I2S_ClearFlag                        0x08002b4d   Thumb Code     6  stm32f10x_spi.o(.text)
    SPI_I2S_GetITStatus                      0x08002b53   Thumb Code    52  stm32f10x_spi.o(.text)
    SPI_I2S_ClearITPendingBit                0x08002b87   Thumb Code    20  stm32f10x_spi.o(.text)
    SystemInit_ExtMemCtl                     0x08002ba1   Thumb Code     2  startup_stm32f10x_hd.o(.text)
    Reset_Handler                            0x08002ba3   Thumb Code    14  startup_stm32f10x_hd.o(.text)
    ADC1_2_IRQHandler                        0x08002bc3   Thumb Code     0  startup_stm32f10x_hd.o(.text)
    ADC3_IRQHandler                          0x08002bc3   Thumb Code     0  startup_stm32f10x_hd.o(.text)
    CAN1_RX1_IRQHandler                      0x08002bc3   Thumb Code     0  startup_stm32f10x_hd.o(.text)
    CAN1_SCE_IRQHandler                      0x08002bc3   Thumb Code     0  startup_stm32f10x_hd.o(.text)
    DMA1_Channel1_IRQHandler                 0x08002bc3   Thumb Code     0  startup_stm32f10x_hd.o(.text)
    DMA1_Channel2_IRQHandler                 0x08002bc3   Thumb Code     0  startup_stm32f10x_hd.o(.text)
    DMA1_Channel3_IRQHandler                 0x08002bc3   Thumb Code     0  startup_stm32f10x_hd.o(.text)
    DMA1_Channel4_IRQHandler                 0x08002bc3   Thumb Code     0  startup_stm32f10x_hd.o(.text)
    DMA1_Channel5_IRQHandler                 0x08002bc3   Thumb Code     0  startup_stm32f10x_hd.o(.text)
    DMA1_Channel6_IRQHandler                 0x08002bc3   Thumb Code     0  startup_stm32f10x_hd.o(.text)
    DMA1_Channel7_IRQHandler                 0x08002bc3   Thumb Code     0  startup_stm32f10x_hd.o(.text)
    DMA2_Channel1_IRQHandler                 0x08002bc3   Thumb Code     0  startup_stm32f10x_hd.o(.text)
    DMA2_Channel2_IRQHandler                 0x08002bc3   Thumb Code     0  startup_stm32f10x_hd.o(.text)
    DMA2_Channel3_IRQHandler                 0x08002bc3   Thumb Code     0  startup_stm32f10x_hd.o(.text)
    DMA2_Channel4_5_IRQHandler               0x08002bc3   Thumb Code     0  startup_stm32f10x_hd.o(.text)
    EXTI0_IRQHandler                         0x08002bc3   Thumb Code     0  startup_stm32f10x_hd.o(.text)
    EXTI15_10_IRQHandler                     0x08002bc3   Thumb Code     0  startup_stm32f10x_hd.o(.text)
    EXTI1_IRQHandler                         0x08002bc3   Thumb Code     0  startup_stm32f10x_hd.o(.text)
    EXTI2_IRQHandler                         0x08002bc3   Thumb Code     0  startup_stm32f10x_hd.o(.text)
    EXTI3_IRQHandler                         0x08002bc3   Thumb Code     0  startup_stm32f10x_hd.o(.text)
    EXTI4_IRQHandler                         0x08002bc3   Thumb Code     0  startup_stm32f10x_hd.o(.text)
    FLASH_IRQHandler                         0x08002bc3   Thumb Code     0  startup_stm32f10x_hd.o(.text)
    FSMC_IRQHandler                          0x08002bc3   Thumb Code     0  startup_stm32f10x_hd.o(.text)
    I2C1_ER_IRQHandler                       0x08002bc3   Thumb Code     0  startup_stm32f10x_hd.o(.text)
    I2C1_EV_IRQHandler                       0x08002bc3   Thumb Code     0  startup_stm32f10x_hd.o(.text)
    I2C2_ER_IRQHandler                       0x08002bc3   Thumb Code     0  startup_stm32f10x_hd.o(.text)
    I2C2_EV_IRQHandler                       0x08002bc3   Thumb Code     0  startup_stm32f10x_hd.o(.text)
    PVD_IRQHandler                           0x08002bc3   Thumb Code     0  startup_stm32f10x_hd.o(.text)
    RCC_IRQHandler                           0x08002bc3   Thumb Code     0  startup_stm32f10x_hd.o(.text)
    RTCAlarm_IRQHandler                      0x08002bc3   Thumb Code     0  startup_stm32f10x_hd.o(.text)
    RTC_IRQHandler                           0x08002bc3   Thumb Code     0  startup_stm32f10x_hd.o(.text)
    SPI1_IRQHandler                          0x08002bc3   Thumb Code     0  startup_stm32f10x_hd.o(.text)
    SPI2_IRQHandler                          0x08002bc3   Thumb Code     0  startup_stm32f10x_hd.o(.text)
    SPI3_IRQHandler                          0x08002bc3   Thumb Code     0  startup_stm32f10x_hd.o(.text)
    TAMPER_IRQHandler                        0x08002bc3   Thumb Code     0  startup_stm32f10x_hd.o(.text)
    UART4_IRQHandler                         0x08002bc3   Thumb Code     0  startup_stm32f10x_hd.o(.text)
    UART5_IRQHandler                         0x08002bc3   Thumb Code     0  startup_stm32f10x_hd.o(.text)
    USART2_IRQHandler                        0x08002bc3   Thumb Code     0  startup_stm32f10x_hd.o(.text)
    USART3_IRQHandler                        0x08002bc3   Thumb Code     0  startup_stm32f10x_hd.o(.text)
    USBWakeUp_IRQHandler                     0x08002bc3   Thumb Code     0  startup_stm32f10x_hd.o(.text)
    WWDG_IRQHandler                          0x08002bc3   Thumb Code     0  startup_stm32f10x_hd.o(.text)
    GPIO_Configuration                       0x08002bd1   Thumb Code    24  main.o(.text)
    RCC_Configuration                        0x08002be9   Thumb Code   100  main.o(.text)
    My_Init                                  0x08002c4d   Thumb Code   188  main.o(.text)
    main                                     0x08002d09   Thumb Code   210  main.o(.text)
    ff_check                                 0x08002ddb   Thumb Code   162  main.o(.text)
    NMI_Handler                              0x08002fbd   Thumb Code     2  stm32f10x_it.o(.text)
    HardFault_Handler                        0x08002fbf   Thumb Code     4  stm32f10x_it.o(.text)
    MemManage_Handler                        0x08002fc3   Thumb Code     4  stm32f10x_it.o(.text)
    BusFault_Handler                         0x08002fc7   Thumb Code     4  stm32f10x_it.o(.text)
    UsageFault_Handler                       0x08002fcb   Thumb Code     4  stm32f10x_it.o(.text)
    SVC_Handler                              0x08002fcf   Thumb Code     2  stm32f10x_it.o(.text)
    DebugMon_Handler                         0x08002fd1   Thumb Code     2  stm32f10x_it.o(.text)
    PendSV_Handler                           0x08002fd3   Thumb Code     2  stm32f10x_it.o(.text)
    SysTick_Handler                          0x08002fd5   Thumb Code     2  stm32f10x_it.o(.text)
    USB_HP_CAN1_TX_IRQHandler                0x08002fd7   Thumb Code     8  stm32f10x_it.o(.text)
    USB_LP_CAN1_RX0_IRQHandler               0x08002fdf   Thumb Code     8  stm32f10x_it.o(.text)
    EXTI9_5_IRQHandler                       0x08002fe7   Thumb Code    18  stm32f10x_it.o(.text)
    My_GPIO_Init                             0x08002ff9   Thumb Code   170  gpio.o(.text)
    delay_init                               0x080030c1   Thumb Code    56  delay.o(.text)
    delay_ms                                 0x080030f9   Thumb Code    56  delay.o(.text)
    delay_us                                 0x08003131   Thumb Code    56  delay.o(.text)
    TIM1_PWM_init                            0x08003171   Thumb Code   272  pwm.o(.text)
    TIM1_Change_Period                       0x08003281   Thumb Code    18  pwm.o(.text)
    Change_TIM1_OC1_Pulse                    0x08003293   Thumb Code    18  pwm.o(.text)
    Change_TIM1_OC2_Pulse                    0x080032a5   Thumb Code    18  pwm.o(.text)
    Change_TIM1_OC3_Pulse                    0x080032b7   Thumb Code    18  pwm.o(.text)
    Change_TIM1_OC4_Pulse                    0x080032c9   Thumb Code    18  pwm.o(.text)
    Change_TIM1_OC1_Polarity                 0x080032db   Thumb Code    32  pwm.o(.text)
    Change_TIM1_OC2_Polarity                 0x080032fb   Thumb Code    32  pwm.o(.text)
    Change_TIM1_OC3_Polarity                 0x0800331b   Thumb Code    32  pwm.o(.text)
    Change_TIM1_OC4_Polarity                 0x0800333b   Thumb Code    32  pwm.o(.text)
    TIM2_PWM_init                            0x0800335b   Thumb Code   268  pwm.o(.text)
    TIM2_Change_Period                       0x08003467   Thumb Code    20  pwm.o(.text)
    Change_TIM2_OC1_Pulse                    0x0800347b   Thumb Code    20  pwm.o(.text)
    Change_TIM2_OC2_Pulse                    0x0800348f   Thumb Code    20  pwm.o(.text)
    Change_TIM2_OC3_Pulse                    0x080034a3   Thumb Code    20  pwm.o(.text)
    Change_TIM2_OC4_Pulse                    0x080034b7   Thumb Code    20  pwm.o(.text)
    Change_TIM2_OC1_Polarity                 0x080034cb   Thumb Code    34  pwm.o(.text)
    Change_TIM2_OC2_Polarity                 0x080034ed   Thumb Code    34  pwm.o(.text)
    Change_TIM2_OC3_Polarity                 0x0800350f   Thumb Code    34  pwm.o(.text)
    Change_TIM2_OC4_Polarity                 0x08003531   Thumb Code    34  pwm.o(.text)
    TIM3_PWM_init                            0x08003553   Thumb Code   292  pwm.o(.text)
    TIM3_Change_Period                       0x08003677   Thumb Code    18  pwm.o(.text)
    Change_TIM3_OC1_Pulse                    0x08003689   Thumb Code    18  pwm.o(.text)
    Change_TIM3_OC2_Pulse                    0x0800369b   Thumb Code    18  pwm.o(.text)
    Change_TIM3_OC3_Pulse                    0x080036ad   Thumb Code    18  pwm.o(.text)
    Change_TIM3_OC4_Pulse                    0x080036bf   Thumb Code    18  pwm.o(.text)
    Change_TIM3_OC1_Polarity                 0x080036d1   Thumb Code    32  pwm.o(.text)
    Change_TIM3_OC2_Polarity                 0x080036f1   Thumb Code    32  pwm.o(.text)
    Change_TIM3_OC3_Polarity                 0x08003711   Thumb Code    32  pwm.o(.text)
    Change_TIM3_OC4_Polarity                 0x08003731   Thumb Code    32  pwm.o(.text)
    TIM4_PWM_init                            0x08003751   Thumb Code   264  pwm.o(.text)
    TIM4_Change_Period                       0x08003859   Thumb Code    18  pwm.o(.text)
    Change_TIM4_OC1_Pulse                    0x0800386b   Thumb Code    18  pwm.o(.text)
    Change_TIM4_OC2_Pulse                    0x0800387d   Thumb Code    18  pwm.o(.text)
    Change_TIM4_OC3_Pulse                    0x0800388f   Thumb Code    18  pwm.o(.text)
    Change_TIM4_OC4_Pulse                    0x080038a1   Thumb Code    18  pwm.o(.text)
    Change_TIM4_OC1_Polarity                 0x080038b3   Thumb Code    32  pwm.o(.text)
    Change_TIM4_OC2_Polarity                 0x080038d3   Thumb Code    32  pwm.o(.text)
    Change_TIM4_OC3_Polarity                 0x080038f3   Thumb Code    32  pwm.o(.text)
    Change_TIM4_OC4_Polarity                 0x08003913   Thumb Code    32  pwm.o(.text)
    TIM5_PWM_init                            0x08003933   Thumb Code   302  pwm.o(.text)
    TIM5_Change_Period                       0x08003a61   Thumb Code    18  pwm.o(.text)
    Change_TIM5_OC1_Pulse                    0x08003a73   Thumb Code    18  pwm.o(.text)
    Change_TIM5_OC2_Pulse                    0x08003a85   Thumb Code    18  pwm.o(.text)
    Change_TIM5_OC3_Pulse                    0x08003a97   Thumb Code    18  pwm.o(.text)
    Change_TIM5_OC4_Pulse                    0x08003aa9   Thumb Code    18  pwm.o(.text)
    Change_TIM5_OC1_Polarity                 0x08003abb   Thumb Code    32  pwm.o(.text)
    Change_TIM5_OC2_Polarity                 0x08003adb   Thumb Code    32  pwm.o(.text)
    Change_TIM5_OC3_Polarity                 0x08003afb   Thumb Code    32  pwm.o(.text)
    Change_TIM5_OC4_Polarity                 0x08003b1b   Thumb Code    32  pwm.o(.text)
    TIM8_PWM_init                            0x08003b3b   Thumb Code   258  pwm.o(.text)
    TIM8_Change_Period                       0x08003c3d   Thumb Code    18  pwm.o(.text)
    Change_TIM8_OC1_Pulse                    0x08003c4f   Thumb Code    18  pwm.o(.text)
    Change_TIM8_OC2_Pulse                    0x08003c61   Thumb Code    18  pwm.o(.text)
    Change_TIM8_OC3_Pulse                    0x08003c73   Thumb Code    18  pwm.o(.text)
    Change_TIM8_OC4_Pulse                    0x08003c85   Thumb Code    18  pwm.o(.text)
    Change_TIM8_OC1_Polarity                 0x08003c97   Thumb Code    32  pwm.o(.text)
    Change_TIM8_OC2_Polarity                 0x08003cb7   Thumb Code    32  pwm.o(.text)
    Change_TIM8_OC3_Polarity                 0x08003cd7   Thumb Code    32  pwm.o(.text)
    Change_TIM8_OC4_Polarity                 0x08003cf7   Thumb Code    32  pwm.o(.text)
    SPI1_ReadWriteByte                       0x08003d39   Thumb Code    78  spi.o(.text)
    SPI1_Init                                0x08003d87   Thumb Code   104  spi.o(.text)
    SPI1_SetSpeed                            0x08003def   Thumb Code    26  spi.o(.text)
    SPI2_ReadWriteByte                       0x08003e09   Thumb Code    78  spi.o(.text)
    SPI2_Init                                0x08003e57   Thumb Code   116  spi.o(.text)
    SPI2_SetSpeed                            0x08003ecb   Thumb Code    26  spi.o(.text)
    SPI3_ReadWriteByte                       0x08003ee5   Thumb Code    78  spi.o(.text)
    Disable_SWJ                              0x08003f33   Thumb Code    28  spi.o(.text)
    SPI3_Init                                0x08003f4f   Thumb Code   116  spi.o(.text)
    SPI3_SetSpeed                            0x08003fc3   Thumb Code    26  spi.o(.text)
    SPI0_ReadWriteByte                       0x08003fdd   Thumb Code    74  spi.o(.text)
    SPI0_Init                                0x08004027   Thumb Code    78  spi.o(.text)
    TIM1_BRK_IRQHandler                      0x0800409d   Thumb Code    22  timcap.o(.text)
    TIM1_UP_IRQHandler                       0x080040b3   Thumb Code    28  timcap.o(.text)
    TIM1_TRG_COM_IRQHandler                  0x080040cf   Thumb Code    22  timcap.o(.text)
    TIM1_CO4_Check                           0x080040e5   Thumb Code   186  timcap.o(.text)
    TIM1_CO3_Check                           0x0800419f   Thumb Code   186  timcap.o(.text)
    TIM1_CO2_Check                           0x08004259   Thumb Code   186  timcap.o(.text)
    TIM1_CO1_Check                           0x08004313   Thumb Code   186  timcap.o(.text)
    TIM1_CC_IRQHandler                       0x080043cd   Thumb Code    36  timcap.o(.text)
    TIM2_CO4_Check                           0x080043f1   Thumb Code   350  timcap.o(.text)
    TIM2_CO3_Check                           0x0800454f   Thumb Code   190  timcap.o(.text)
    TIM2_CO2_Check                           0x0800460d   Thumb Code   190  timcap.o(.text)
    TIM2_CO1_Check                           0x080046cb   Thumb Code   190  timcap.o(.text)
    TIM2_IRQHandler                          0x08004789   Thumb Code    54  timcap.o(.text)
    TIM3_CO4_Check                           0x080047bf   Thumb Code   186  timcap.o(.text)
    TIM3_CO3_Check                           0x08004879   Thumb Code   350  timcap.o(.text)
    TIM3_CO2_Check                           0x080049d7   Thumb Code   186  timcap.o(.text)
    TIM3_CO1_Check                           0x08004a91   Thumb Code   186  timcap.o(.text)
    TIM3_IRQHandler                          0x08004b4b   Thumb Code    54  timcap.o(.text)
    TIM4_CO4_Check                           0x08004b81   Thumb Code   186  timcap.o(.text)
    TIM4_CO3_Check                           0x08004c3b   Thumb Code   186  timcap.o(.text)
    TIM4_CO2_Check                           0x08004cf5   Thumb Code   354  timcap.o(.text)
    TIM4_CO1_Check                           0x08004e57   Thumb Code   186  timcap.o(.text)
    TIM4_IRQHandler                          0x08004f11   Thumb Code    54  timcap.o(.text)
    TIM5_CO4_Check                           0x08004f47   Thumb Code   186  timcap.o(.text)
    TIM5_CO3_Check                           0x08005001   Thumb Code   186  timcap.o(.text)
    TIM5_CO2_Check                           0x080050bb   Thumb Code   186  timcap.o(.text)
    TIM5_CO1_Check                           0x08005175   Thumb Code   354  timcap.o(.text)
    TIM5_IRQHandler                          0x080052d7   Thumb Code   132  timcap.o(.text)
    TIM6_IRQHandler                          0x0800535b   Thumb Code   154  timcap.o(.text)
    TIM7_IRQHandler                          0x080053f5   Thumb Code    50  timcap.o(.text)
    TIM8_UP_IRQHandler                       0x08005427   Thumb Code    28  timcap.o(.text)
    TIM8_CO4_Check                           0x08005443   Thumb Code   186  timcap.o(.text)
    TIM8_CO3_Check                           0x080054fd   Thumb Code   186  timcap.o(.text)
    TIM8_CO2_Check                           0x080055b7   Thumb Code   186  timcap.o(.text)
    TIM8_CO1_Check                           0x08005671   Thumb Code   428  timcap.o(.text)
    TIM8_CC_IRQHandler                       0x0800581d   Thumb Code    36  timcap.o(.text)
    TIM8_TRG_COM_IRQHandler                  0x08005841   Thumb Code    22  timcap.o(.text)
    TIM8_BRK_IRQHandler                      0x08005857   Thumb Code    22  timcap.o(.text)
    TIM1_Cap_Init                            0x0800586d   Thumb Code   346  timcap.o(.text)
    TIM2_Cap_Init                            0x080059c7   Thumb Code   338  timcap.o(.text)
    TIM3_Cap_Init                            0x08005b19   Thumb Code   422  timcap.o(.text)
    TIM4_Cap_Init                            0x08005cbf   Thumb Code   338  timcap.o(.text)
    TIM5_Cap_Init                            0x08005e11   Thumb Code   334  timcap.o(.text)
    TIM8_Cap_Init                            0x08005f5f   Thumb Code   394  timcap.o(.text)
    TIM_Init                                 0x080060f1   Thumb Code   188  timer.o(.text)
    TIMER_NVIC_Configuration                 0x080061ad   Thumb Code   266  timer.o(.text)
    TIM_Timing_Init                          0x080062b7   Thumb Code   158  timer.o(.text)
    TIM_OC_Timing_Init                       0x08006355   Thumb Code   188  timer.o(.text)
    USART1_Configuration                     0x0800642d   Thumb Code   130  usart.o(.text)
    USART2_Configuration                     0x080064af   Thumb Code   142  usart.o(.text)
    USART3_Configuration                     0x0800653d   Thumb Code   130  usart.o(.text)
    USART4_Configuration                     0x080065bf   Thumb Code   130  usart.o(.text)
    USART5_Configuration                     0x08006641   Thumb Code   134  usart.o(.text)
    USART_NVIC_Configuration                 0x080066c7   Thumb Code   158  usart.o(.text)
    Send_ASCII                               0x08006765   Thumb Code   304  usart.o(.text)
    Send_Hex                                 0x08006895   Thumb Code   216  usart.o(.text)
    Send_USART_Hex                           0x0800696d   Thumb Code    34  usart.o(.text)
    USART1_IRQHandler                        0x0800698f   Thumb Code    70  usart.o(.text)
    fputc                                    0x080069d5   Thumb Code    32  usart.o(.text)
    Motor_PWM                                0x08006a11   Thumb Code   206  motor.o(.text)
    Adjust_Motor                             0x08006adf   Thumb Code   550  motor.o(.text)
    InitCurrWrAddress                        0x08006dad   Thumb Code    92  eeprom.o(.text)
    EE_ReadVariable                          0x08006ebb   Thumb Code    88  eeprom.o(.text)
    __EE_Init                                0x08006f13   Thumb Code   488  eeprom.o(.text)
    EE_Init                                  0x080070fb   Thumb Code    16  eeprom.o(.text)
    EE_WriteVariable                         0x08007201   Thumb Code    36  eeprom.o(.text)
    i2cInit                                  0x0800744d   Thumb Code    80  stm32_i2c.o(.text)
    i2cWriteBuffer                           0x0800749d   Thumb Code    92  stm32_i2c.o(.text)
    i2cWrite                                 0x080074f9   Thumb Code    66  stm32_i2c.o(.text)
    i2cRead                                  0x0800753b   Thumb Code   110  stm32_i2c.o(.text)
    i2cGetErrorCounter                       0x080075a9   Thumb Code     4  stm32_i2c.o(.text)
    Get_6050_Dat                             0x080075b1   Thumb Code   120  mpu6050.o(.text)
    Adjust_MPU6050_Ang                       0x08007629   Thumb Code   242  mpu6050.o(.text)
    Adjust_MPU6050_Location                  0x0800771b   Thumb Code   242  mpu6050.o(.text)
    Adjust_All                               0x0800780d   Thumb Code   296  mpu6050.o(.text)
    Read_All_Err                             0x08007935   Thumb Code   328  mpu6050.o(.text)
    Get_Signs                                0x08007a7d   Thumb Code  1122  mpu6050.o(.text)
    IICwriteBit                              0x08007edf   Thumb Code    66  mpu6050.o(.text)
    IICwriteBits                             0x08007f21   Thumb Code   102  mpu6050.o(.text)
    MPU6050_setClockSource                   0x08007f87   Thumb Code    20  mpu6050.o(.text)
    MPU6050_setFullScaleGyroRange            0x08007f9b   Thumb Code    20  mpu6050.o(.text)
    MPU6050_setFullScaleAccelRange           0x08007faf   Thumb Code    20  mpu6050.o(.text)
    MPU6050_setSleepEnabled                  0x08007fc3   Thumb Code    18  mpu6050.o(.text)
    MPU6050_setI2CMasterModeEnabled          0x08007fd5   Thumb Code    18  mpu6050.o(.text)
    MPU6050_setI2CBypassEnabled              0x08007fe7   Thumb Code    18  mpu6050.o(.text)
    MPU6050_setDLPF                          0x08007ff9   Thumb Code    20  mpu6050.o(.text)
    MPU6050_Init                             0x0800800d   Thumb Code    92  mpu6050.o(.text)
    SD_LowLevel_DeInit                       0x08008085   Thumb Code    66  sdio_sdcard.o(.text)
    SD_LowLevel_Init                         0x080080c7   Thumb Code    92  sdio_sdcard.o(.text)
    SD_LowLevel_DMA_TxConfig                 0x08008123   Thumb Code    86  sdio_sdcard.o(.text)
    SD_LowLevel_DMA_RxConfig                 0x08008179   Thumb Code    86  sdio_sdcard.o(.text)
    SD_DMAEndOfTransferStatus                0x080081cf   Thumb Code    10  sdio_sdcard.o(.text)
    SD_DeInit                                0x080081d9   Thumb Code     8  sdio_sdcard.o(.text)
    SD_SetDeviceMode                         0x080081e1   Thumb Code    24  sdio_sdcard.o(.text)
    SD_EnableWideBusOperation                0x080085fd   Thumb Code   144  sdio_sdcard.o(.text)
    SD_SelectDeselect                        0x0800868d   Thumb Code    48  sdio_sdcard.o(.text)
    SD_GetCardInfo                           0x080086bd   Thumb Code   726  sdio_sdcard.o(.text)
    SD_InitializeCards                       0x08008a71   Thumb Code   300  sdio_sdcard.o(.text)
    SD_PowerON                               0x08008c45   Thumb Code   414  sdio_sdcard.o(.text)
    SD_Init                                  0x08008de3   Thumb Code   124  sdio_sdcard.o(.text)
    SD_SendStatus                            0x08008e5f   Thumb Code    76  sdio_sdcard.o(.text)
    SD_Detect                                0x08008eab   Thumb Code    26  sdio_sdcard.o(.text)
    SD_GetState                              0x08008ec5   Thumb Code    40  sdio_sdcard.o(.text)
    SD_GetStatus                             0x08008eed   Thumb Code    30  sdio_sdcard.o(.text)
    SD_PowerOFF                              0x08008f0b   Thumb Code    14  sdio_sdcard.o(.text)
    SD_ReadBlock                             0x08008f2b   Thumb Code   656  sdio_sdcard.o(.text)
    SD_ReadMultiBlocks                       0x080091bb   Thumb Code   712  sdio_sdcard.o(.text)
    SD_WriteBlock                            0x08009645   Thumb Code   828  sdio_sdcard.o(.text)
    SD_WriteMultiBlocks                      0x08009981   Thumb Code  1042  sdio_sdcard.o(.text)
    SD_GetTransferState                      0x08009d93   Thumb Code    18  sdio_sdcard.o(.text)
    SD_StopTransfer                          0x08009da5   Thumb Code    46  sdio_sdcard.o(.text)
    SD_Erase                                 0x08009dd3   Thumb Code   356  sdio_sdcard.o(.text)
    SD_SendSDStatus                          0x08009f37   Thumb Code   418  sdio_sdcard.o(.text)
    SD_ProcessIRQSrc                         0x0800a0d9   Thumb Code   552  sdio_sdcard.o(.text)
    SDIO_Interrupts_Config                   0x0800a301   Thumb Code   156  sdio_sdcard.o(.text)
    SDIO_IRQHandler                          0x0800a39d   Thumb Code     8  sdio_sdcard.o(.text)
    disk_initialize                          0x0800a3a5   Thumb Code   160  diskio.o(.text)
    disk_status                              0x0800a445   Thumb Code     6  diskio.o(.text)
    disk_read                                0x0800a44b   Thumb Code    62  diskio.o(.text)
    disk_write                               0x0800a489   Thumb Code    72  diskio.o(.text)
    disk_ioctl                               0x0800a4d1   Thumb Code     6  diskio.o(.text)
    get_fat                                  0x0800a65d   Thumb Code   208  ff.o(.text)
    put_fat                                  0x0800a72d   Thumb Code   262  ff.o(.text)
    clust2sect                               0x0800a953   Thumb Code    26  ff.o(.text)
    f_mount                                  0x0800b1a3   Thumb Code    60  ff.o(.text)
    get_fattime                              0x0800b1df   Thumb Code     4  ff.o(.text)
    f_open                                   0x0800b1e3   Thumb Code   286  ff.o(.text)
    f_read                                   0x0800b301   Thumb Code   458  ff.o(.text)
    f_write                                  0x0800b4cb   Thumb Code   546  ff.o(.text)
    f_sync                                   0x0800b6ed   Thumb Code   142  ff.o(.text)
    f_close                                  0x0800b77b   Thumb Code    22  ff.o(.text)
    f_lseek                                  0x0800b791   Thumb Code   432  ff.o(.text)
    f_opendir                                0x0800b941   Thumb Code    92  ff.o(.text)
    f_readdir                                0x0800b99d   Thumb Code    88  ff.o(.text)
    f_stat                                   0x0800b9f5   Thumb Code    58  ff.o(.text)
    f_getfree                                0x0800ba2f   Thumb Code   252  ff.o(.text)
    f_truncate                               0x0800bb2b   Thumb Code   156  ff.o(.text)
    f_unlink                                 0x0800bbc7   Thumb Code   166  ff.o(.text)
    f_mkdir                                  0x0800bc6d   Thumb Code   326  ff.o(.text)
    f_chmod                                  0x0800bdb3   Thumb Code    84  ff.o(.text)
    f_utime                                  0x0800be07   Thumb Code    74  ff.o(.text)
    f_rename                                 0x0800be51   Thumb Code   266  ff.o(.text)
    LCD_WR_REG                               0x0800bf5d   Thumb Code     8  lcd_dis24.o(.text)
    LCD_WR_Data                              0x0800bf65   Thumb Code     6  lcd_dis24.o(.text)
    TFT_IO_INIT                              0x0800bf6b   Thumb Code    30  lcd_dis24.o(.text)
    LCD_RD_data                              0x0800bf89   Thumb Code    16  lcd_dis24.o(.text)
    lcd_rst                                  0x0800bfab   Thumb Code    36  lcd_dis24.o(.text)
    LCD_Init                                 0x0800bfcf   Thumb Code   852  lcd_dis24.o(.text)
    TFT_Window                               0x0800c323   Thumb Code   104  lcd_dis24.o(.text)
    TFT_CLEAR                                0x0800c38b   Thumb Code    52  lcd_dis24.o(.text)
    TFT_DrawPoint                            0x0800c3bf   Thumb Code    28  lcd_dis24.o(.text)
    LCD_BGR2RGB                              0x0800c3db   Thumb Code    26  lcd_dis24.o(.text)
    TFT_GetPoint                             0x0800c3f5   Thumb Code    34  lcd_dis24.o(.text)
    TFT_ShowBmp                              0x0800c417   Thumb Code    64  lcd_dis24.o(.text)
    Fsmc_D_16_Init                           0x0800c45d   Thumb Code    86  fsmc_tft.o(.text)
    FSMC_RS_CS_Init                          0x0800c4b3   Thumb Code    56  fsmc_tft.o(.text)
    FSMC_LCD_Init                            0x0800c4eb   Thumb Code   126  fsmc_tft.o(.text)
    Fsmc_D_8_Init                            0x0800c569   Thumb Code    70  fsmc_tft.o(.text)
    FSMC_WRITE_REG                           0x0800c5af   Thumb Code     8  fsmc_tft.o(.text)
    FSMC_WRITE_DATA                          0x0800c5b7   Thumb Code     6  fsmc_tft.o(.text)
    XPT2046_Init                             0x0800c5c9   Thumb Code    64  xpt2046.o(.text)
    XPT2046_Write_Byte                       0x0800c609   Thumb Code    56  xpt2046.o(.text)
    XPT2046_Read_Byte                        0x0800c641   Thumb Code   104  xpt2046.o(.text)
    XPT2046_Read_XY                          0x0800c6a9   Thumb Code   124  xpt2046.o(.text)
    Read_Once                                0x0800c725   Thumb Code    50  xpt2046.o(.text)
    XPT2046_Read_Dat                         0x0800c757   Thumb Code   192  xpt2046.o(.text)
    M_S0                                     0x0800c821   Thumb Code    54  tft_m.o(.text)
    M1_S4                                    0x0800c857   Thumb Code     2  tft_m.o(.text)
    M1_S3                                    0x0800c859   Thumb Code    98  tft_m.o(.text)
    M1_S2_m00                                0x0800c8bb   Thumb Code   206  tft_m.o(.text)
    M1_S2                                    0x0800c989   Thumb Code    96  tft_m.o(.text)
    M1_S1                                    0x0800c9e9   Thumb Code   612  tft_m.o(.text)
    M1_S4_P                                  0x0800cc4d   Thumb Code   140  tft_m.o(.text)
    M1_S3_P                                  0x0800ccd9   Thumb Code    78  tft_m.o(.text)
    M1_S2_P                                  0x0800cd27   Thumb Code   122  tft_m.o(.text)
    M1_S1_P                                  0x0800cda1   Thumb Code    90  tft_m.o(.text)
    TFT_Touch_Deal                           0x0800cdfb   Thumb Code   474  tft_m.o(.text)
    Creat_All                                0x0800cfd5   Thumb Code  1266  tft_m.o(.text)
    M1_S2_m0                                 0x0800d4c7   Thumb Code  1478  tft_m.o(.text)
    My_TFT_WR_Data                           0x0800dab9   Thumb Code    12  tft_show.o(.text)
    My_Dorw_Point                            0x0800dac5   Thumb Code    20  tft_show.o(.text)
    My_TFT_Sq                                0x0800dad9   Thumb Code    36  tft_show.o(.text)
    abs                                      0x0800dafd   Thumb Code    14  tft_show.o(.text)
    TFT_DrawLine                             0x0800db0b   Thumb Code   194  tft_show.o(.text)
    TFT_SwCr                                 0x0800dbcd   Thumb Code   122  tft_show.o(.text)
    TFT_SwCr_0                               0x0800dc47   Thumb Code   122  tft_show.o(.text)
    TFT_ShowChar                             0x0800dcc1   Thumb Code    38  tft_show.o(.text)
    TFT_ShowChar1                            0x0800dce7   Thumb Code    36  tft_show.o(.text)
    TFT_ShStr                                0x0800dd0b   Thumb Code    70  tft_show.o(.text)
    TFT_ShStri                               0x0800dd51   Thumb Code    78  tft_show.o(.text)
    TFT_ShowString                           0x0800dd9f   Thumb Code    38  tft_show.o(.text)
    TFT_ShowString1                          0x0800ddc5   Thumb Code    36  tft_show.o(.text)
    TFT_Show_Num                             0x0800de05   Thumb Code   172  tft_show.o(.text)
    TFT_Show_Num1                            0x0800deb1   Thumb Code   160  tft_show.o(.text)
    TFT_Show_Float                           0x0800df51   Thumb Code   198  tft_show.o(.text)
    TFT_Show_Float1                          0x0800e017   Thumb Code   180  tft_show.o(.text)
    TFT_Show_Float2                          0x0800e0cb   Thumb Code   842  tft_show.o(.text)
    TFT_Chinese_1612                         0x0800e415   Thumb Code   136  tft_show.o(.text)
    TFT_Chin_16120                           0x0800e49d   Thumb Code    60  tft_show.o(.text)
    TFT_Chin_16121                           0x0800e4d9   Thumb Code    62  tft_show.o(.text)
    TFT_Sq_Chin_1612                         0x0800e517   Thumb Code   134  tft_show.o(.text)
    TFT_Sq_Str                               0x0800e59d   Thumb Code   142  tft_show.o(.text)
    TFT_Sq_Num                               0x0800e62b   Thumb Code   162  tft_show.o(.text)
    TFT_Sq_Float                             0x0800e6cd   Thumb Code   168  tft_show.o(.text)
    TFT_Sq_Float1                            0x0800e775   Thumb Code   242  tft_show.o(.text)
    In_Sq                                    0x0800e867   Thumb Code    36  tft_show.o(.text)
    Dorw_S                                   0x0800e88d   Thumb Code   862  slider.o(.text)
    Adjust_Slider                            0x0800ebeb   Thumb Code   260  slider.o(.text)
    Dorw_Slider                              0x0800ecef   Thumb Code   330  slider.o(.text)
    Creat_Sq                                 0x0800ee39   Thumb Code   170  slider.o(.text)
    Slider_Updat                             0x0800eee3   Thumb Code   164  slider.o(.text)
    Dorw_But0                                0x0800ef8d   Thumb Code   190  button.o(.text)
    Creat_Buuton_0                           0x0800f04b   Thumb Code   160  button.o(.text)
    But0_Updat                               0x0800f0eb   Thumb Code   110  button.o(.text)
    But0_Deal                                0x0800f159   Thumb Code  1196  button.o(.text)
    Dorw_But1                                0x0800f605   Thumb Code   132  button.o(.text)
    Creat_Buuton_1                           0x0800f689   Thumb Code   194  button.o(.text)
    But1_Updat                               0x0800f74b   Thumb Code   162  button.o(.text)
    But1_Deal                                0x0800f7ed   Thumb Code   390  button.o(.text)
    Dorw_But2                                0x0800f973   Thumb Code   218  button.o(.text)
    Creat_Buuton_2                           0x0800fa4d   Thumb Code   208  button.o(.text)
    But2_Updat                               0x0800fb1d   Thumb Code    38  button.o(.text)
    But2_Deal                                0x0800fb43   Thumb Code   358  button.o(.text)
    Dorw_But3                                0x0800fca9   Thumb Code    92  button.o(.text)
    Creat_Buuton_3                           0x0800fd05   Thumb Code   180  button.o(.text)
    But3_Deal                                0x0800fdb9   Thumb Code   176  button.o(.text)
    Drow_PWindow                             0x0800fe75   Thumb Code   258  windowp.o(.text)
    Creat_PWindow                            0x0800ff77   Thumb Code   274  windowp.o(.text)
    Updat_PWin                               0x08010089   Thumb Code  1486  windowp.o(.text)
    Standard_GetConfiguration                0x0801065d   Thumb Code    34  usb_core.o(.text)
    Standard_SetConfiguration                0x0801067f   Thumb Code    60  usb_core.o(.text)
    Standard_GetInterface                    0x080106bb   Thumb Code    34  usb_core.o(.text)
    Standard_SetInterface                    0x080106dd   Thumb Code    96  usb_core.o(.text)
    Standard_GetStatus                       0x0801073d   Thumb Code   238  usb_core.o(.text)
    Standard_ClearFeature                    0x0801082b   Thumb Code   342  usb_core.o(.text)
    Standard_SetEndPointFeature              0x08010981   Thumb Code   220  usb_core.o(.text)
    Standard_SetDeviceFeature                0x08010a5d   Thumb Code    30  usb_core.o(.text)
    Standard_GetDescriptorData               0x08010a7b   Thumb Code    32  usb_core.o(.text)
    Post0_Process                            0x08010faf   Thumb Code    54  usb_core.o(.text)
    Setup0_Process                           0x08010fe5   Thumb Code   170  usb_core.o(.text)
    SetDeviceAddress                         0x0801108f   Thumb Code    70  usb_core.o(.text)
    In0_Process                              0x080110d5   Thumb Code    98  usb_core.o(.text)
    Out0_Process                             0x08011137   Thumb Code    70  usb_core.o(.text)
    NOP_Process                              0x0801117d   Thumb Code     2  usb_core.o(.text)
    CTR_LP                                   0x080111ad   Thumb Code   616  usb_int.o(.text)
    CTR_HP                                   0x08011415   Thumb Code   178  usb_int.o(.text)
    UserToPMABufferCopy                      0x080114e9   Thumb Code    52  usb_mem.o(.text)
    PMAToUserBufferCopy                      0x0801151d   Thumb Code    34  usb_mem.o(.text)
    SetCNTR                                  0x08011545   Thumb Code     6  usb_regs.o(.text)
    GetCNTR                                  0x0801154b   Thumb Code     8  usb_regs.o(.text)
    SetISTR                                  0x08011553   Thumb Code     8  usb_regs.o(.text)
    GetISTR                                  0x0801155b   Thumb Code    10  usb_regs.o(.text)
    GetFNR                                   0x08011565   Thumb Code    10  usb_regs.o(.text)
    SetDADDR                                 0x0801156f   Thumb Code     8  usb_regs.o(.text)
    GetDADDR                                 0x08011577   Thumb Code    10  usb_regs.o(.text)
    SetBTABLE                                0x08011581   Thumb Code    14  usb_regs.o(.text)
    GetBTABLE                                0x0801158f   Thumb Code    10  usb_regs.o(.text)
    SetENDPOINT                              0x08011599   Thumb Code    12  usb_regs.o(.text)
    GetENDPOINT                              0x080115a5   Thumb Code    16  usb_regs.o(.text)
    SetEPType                                0x080115b5   Thumb Code    32  usb_regs.o(.text)
    GetEPType                                0x080115d5   Thumb Code    18  usb_regs.o(.text)
    SetEPTxStatus                            0x080115e7   Thumb Code    60  usb_regs.o(.text)
    SetEPRxStatus                            0x08011623   Thumb Code    60  usb_regs.o(.text)
    SetDouBleBuffEPStall                     0x0801165f   Thumb Code    54  usb_regs.o(.text)
    GetEPTxStatus                            0x08011695   Thumb Code    18  usb_regs.o(.text)
    GetEPRxStatus                            0x080116a7   Thumb Code    18  usb_regs.o(.text)
    SetEPTxValid                             0x080116b9   Thumb Code    48  usb_regs.o(.text)
    SetEPRxValid                             0x080116e9   Thumb Code    48  usb_regs.o(.text)
    SetEP_KIND                               0x08011719   Thumb Code    38  usb_regs.o(.text)
    ClearEP_KIND                             0x0801173f   Thumb Code    34  usb_regs.o(.text)
    Clear_Status_Out                         0x08011761   Thumb Code    34  usb_regs.o(.text)
    Set_Status_Out                           0x08011783   Thumb Code    38  usb_regs.o(.text)
    SetEPDoubleBuff                          0x080117a9   Thumb Code    38  usb_regs.o(.text)
    ClearEPDoubleBuff                        0x080117cf   Thumb Code    34  usb_regs.o(.text)
    GetTxStallStatus                         0x080117f1   Thumb Code    28  usb_regs.o(.text)
    GetRxStallStatus                         0x0801180d   Thumb Code    30  usb_regs.o(.text)
    ClearEP_CTR_RX                           0x0801182b   Thumb Code    32  usb_regs.o(.text)
    ClearEP_CTR_TX                           0x0801184b   Thumb Code    28  usb_regs.o(.text)
    ToggleDTOG_RX                            0x08011867   Thumb Code    34  usb_regs.o(.text)
    ToggleDTOG_TX                            0x08011889   Thumb Code    34  usb_regs.o(.text)
    ClearDTOG_RX                             0x080118ab   Thumb Code    48  usb_regs.o(.text)
    ClearDTOG_TX                             0x080118db   Thumb Code    48  usb_regs.o(.text)
    SetEPAddress                             0x0801190b   Thumb Code    46  usb_regs.o(.text)
    GetEPAddress                             0x08011939   Thumb Code    18  usb_regs.o(.text)
    SetEPTxAddr                              0x0801194b   Thumb Code    24  usb_regs.o(.text)
    SetEPRxAddr                              0x08011963   Thumb Code    26  usb_regs.o(.text)
    GetEPTxAddr                              0x0801197d   Thumb Code    22  usb_regs.o(.text)
    GetEPRxAddr                              0x08011993   Thumb Code    24  usb_regs.o(.text)
    SetEPTxCount                             0x080119ab   Thumb Code    20  usb_regs.o(.text)
    SetEPCountRxReg                          0x080119bf   Thumb Code    48  usb_regs.o(.text)
    SetEPRxCount                             0x080119ef   Thumb Code    68  usb_regs.o(.text)
    GetEPTxCount                             0x08011a33   Thumb Code    26  usb_regs.o(.text)
    GetEPRxCount                             0x08011a4d   Thumb Code    26  usb_regs.o(.text)
    SetEPDblBuffAddr                         0x08011a67   Thumb Code    44  usb_regs.o(.text)
    SetEPDblBuf0Addr                         0x08011a93   Thumb Code    24  usb_regs.o(.text)
    SetEPDblBuf1Addr                         0x08011aab   Thumb Code    26  usb_regs.o(.text)
    GetEPDblBuf0Addr                         0x08011ac5   Thumb Code    22  usb_regs.o(.text)
    GetEPDblBuf1Addr                         0x08011adb   Thumb Code    24  usb_regs.o(.text)
    SetEPDblBuffCount                        0x08011af3   Thumb Code   186  usb_regs.o(.text)
    SetEPDblBuf0Count                        0x08011bad   Thumb Code    96  usb_regs.o(.text)
    SetEPDblBuf1Count                        0x08011c0d   Thumb Code    96  usb_regs.o(.text)
    GetEPDblBuf0Count                        0x08011c6d   Thumb Code    26  usb_regs.o(.text)
    GetEPDblBuf1Count                        0x08011c87   Thumb Code    26  usb_regs.o(.text)
    GetEPDblBufDir                           0x08011ca1   Thumb Code    62  usb_regs.o(.text)
    FreeUserBuffer                           0x08011cdf   Thumb Code    90  usb_regs.o(.text)
    ToWord                                   0x08011d39   Thumb Code     8  usb_regs.o(.text)
    ByteSwap                                 0x08011d41   Thumb Code    12  usb_regs.o(.text)
    USB_SIL_Init                             0x08011d4d   Thumb Code    28  usb_sil.o(.text)
    USB_SIL_Write                            0x08011d69   Thumb Code    46  usb_sil.o(.text)
    USB_SIL_Read                             0x08011d97   Thumb Code    46  usb_sil.o(.text)
    Set_USBClock                             0x08011dcd   Thumb Code    18  hw_config.o(.text)
    Enter_LowPowerMode                       0x08011ddf   Thumb Code     8  hw_config.o(.text)
    Leave_LowPowerMode                       0x08011de7   Thumb Code    22  hw_config.o(.text)
    Led_Config                               0x08011dfd   Thumb Code     2  hw_config.o(.text)
    Led_RW_ON                                0x08011dff   Thumb Code     2  hw_config.o(.text)
    Led_RW_OFF                               0x08011e01   Thumb Code     2  hw_config.o(.text)
    USB_Configured_LED                       0x08011e03   Thumb Code     2  hw_config.o(.text)
    USB_NotConfigured_LED                    0x08011e05   Thumb Code     2  hw_config.o(.text)
    USB_Cable_Config                         0x08011e07   Thumb Code    18  hw_config.o(.text)
    Get_SerialNum                            0x08011e19   Thumb Code    62  hw_config.o(.text)
    USB_Interrupts_Config                    0x08011e57   Thumb Code   144  hw_config.o(.text)
    MAL_Init                                 0x08011efd   Thumb Code   104  mass_mal.o(.text)
    MAL_Write                                0x08011f65   Thumb Code    54  mass_mal.o(.text)
    MAL_Read                                 0x08011f9b   Thumb Code    54  mass_mal.o(.text)
    MAL_GetStatus                            0x08011fd1   Thumb Code   210  mass_mal.o(.text)
    Read_Memory                              0x080120c1   Thumb Code   232  memory.o(.text)
    Write_Memory                             0x080121a9   Thumb Code   260  memory.o(.text)
    Set_CSW                                  0x080122e9   Thumb Code    46  usb_bot.o(.text)
    Mass_Storage_In                          0x08012317   Thumb Code   100  usb_bot.o(.text)
    Bot_Abort                                0x0801237b   Thumb Code    64  usb_bot.o(.text)
    CBW_Decode                               0x080123bb   Thumb Code   676  usb_bot.o(.text)
    Mass_Storage_Out                         0x0801265f   Thumb Code   158  usb_bot.o(.text)
    Transfer_Data_Request                    0x080126fd   Thumb Code    46  usb_bot.o(.text)
    EP1_IN_Callback                          0x08012735   Thumb Code     8  usb_endp.o(.text)
    EP2_OUT_Callback                         0x0801273d   Thumb Code     8  usb_endp.o(.text)
    USB_Istr                                 0x08012745   Thumb Code    62  usb_istr.o(.text)
    MASS_init                                0x08012795   Thumb Code    30  usb_prop.o(.text)
    MASS_Reset                               0x080127b3   Thumb Code   208  usb_prop.o(.text)
    Mass_Storage_SetConfiguration            0x08012883   Thumb Code    36  usb_prop.o(.text)
    Mass_Storage_ClearFeature                0x080128a7   Thumb Code    20  usb_prop.o(.text)
    Mass_Storage_SetDeviceAddress            0x080128bb   Thumb Code     8  usb_prop.o(.text)
    MASS_Status_In                           0x080128c3   Thumb Code     2  usb_prop.o(.text)
    MASS_Status_Out                          0x080128c5   Thumb Code     2  usb_prop.o(.text)
    Get_Max_Lun                              0x080128c7   Thumb Code    20  usb_prop.o(.text)
    MASS_Data_Setup                          0x080128db   Thumb Code    88  usb_prop.o(.text)
    MASS_NoData_Setup                        0x08012933   Thumb Code    76  usb_prop.o(.text)
    MASS_Get_Interface_Setting               0x0801297f   Thumb Code    22  usb_prop.o(.text)
    MASS_GetDeviceDescriptor                 0x08012995   Thumb Code    14  usb_prop.o(.text)
    MASS_GetConfigDescriptor                 0x080129a3   Thumb Code    14  usb_prop.o(.text)
    MASS_GetStringDescriptor                 0x080129b1   Thumb Code    32  usb_prop.o(.text)
    PowerOn                                  0x08012a01   Thumb Code    54  usb_pwr.o(.text)
    PowerOff                                 0x08012a37   Thumb Code    28  usb_pwr.o(.text)
    Suspend                                  0x08012a53   Thumb Code    34  usb_pwr.o(.text)
    Resume_Init                              0x08012a75   Thumb Code    30  usb_pwr.o(.text)
    Resume                                   0x08012a93   Thumb Code   168  usb_pwr.o(.text)
    SCSI_Inquiry_Cmd                         0x08012b49   Thumb Code    54  usb_scsi.o(.text)
    Set_Scsi_Sense_Data                      0x08012b7f   Thumb Code     8  usb_scsi.o(.text)
    SCSI_ReadFormatCapacity_Cmd              0x08012b87   Thumb Code   120  usb_scsi.o(.text)
    SCSI_ReadCapacity10_Cmd                  0x08012bff   Thumb Code   138  usb_scsi.o(.text)
    SCSI_ModeSense6_Cmd                      0x08012c89   Thumb Code    14  usb_scsi.o(.text)
    SCSI_ModeSense10_Cmd                     0x08012c97   Thumb Code    14  usb_scsi.o(.text)
    SCSI_RequestSense_Cmd                    0x08012ca5   Thumb Code    30  usb_scsi.o(.text)
    SCSI_Start_Stop_Unit_Cmd                 0x08012cc3   Thumb Code    14  usb_scsi.o(.text)
    SCSI_Address_Management                  0x08012cd1   Thumb Code   126  usb_scsi.o(.text)
    SCSI_Read10_Cmd                          0x08012d4f   Thumb Code   110  usb_scsi.o(.text)
    SCSI_Write10_Cmd                         0x08012dbd   Thumb Code   110  usb_scsi.o(.text)
    SCSI_Verify10_Cmd                        0x08012e2b   Thumb Code    58  usb_scsi.o(.text)
    SCSI_Valid_Cmd                           0x08012e65   Thumb Code    48  usb_scsi.o(.text)
    SCSI_TestUnitReady_Cmd                   0x08012e95   Thumb Code    52  usb_scsi.o(.text)
    SCSI_Format_Cmd                          0x08012ec9   Thumb Code    44  usb_scsi.o(.text)
    SCSI_Invalid_Cmd                         0x08012ef5   Thumb Code   112  usb_scsi.o(.text)
    __aeabi_memcpy                           0x08012f65   Thumb Code    36  memcpya.o(.text)
    __aeabi_memcpy4                          0x08012f65   Thumb Code     0  memcpya.o(.text)
    __aeabi_memcpy8                          0x08012f65   Thumb Code     0  memcpya.o(.text)
    __aeabi_fadd                             0x08012f89   Thumb Code   164  fadd.o(.text)
    __aeabi_fsub                             0x0801302d   Thumb Code     6  fadd.o(.text)
    __aeabi_frsub                            0x08013033   Thumb Code     6  fadd.o(.text)
    __aeabi_fmul                             0x08013039   Thumb Code   100  fmul.o(.text)
    __aeabi_fdiv                             0x0801309d   Thumb Code   124  fdiv.o(.text)
    __aeabi_dadd                             0x08013119   Thumb Code   322  dadd.o(.text)
    __aeabi_dsub                             0x0801325b   Thumb Code     6  dadd.o(.text)
    __aeabi_drsub                            0x08013261   Thumb Code     6  dadd.o(.text)
    __aeabi_dmul                             0x08013267   Thumb Code   228  dmul.o(.text)
    __aeabi_i2f                              0x0801334b   Thumb Code    18  fflti.o(.text)
    __aeabi_ui2f                             0x0801335d   Thumb Code    10  ffltui.o(.text)
    __aeabi_i2d                              0x08013367   Thumb Code    34  dflti.o(.text)
    __aeabi_f2iz                             0x08013389   Thumb Code    50  ffixi.o(.text)
    __aeabi_f2uiz                            0x080133bb   Thumb Code    40  ffixui.o(.text)
    __aeabi_d2uiz                            0x080133e3   Thumb Code    50  dfixui.o(.text)
    __aeabi_f2d                              0x08013415   Thumb Code    38  f2d.o(.text)
    __aeabi_d2f                              0x0801343b   Thumb Code    56  d2f.o(.text)
    __aeabi_cfcmpeq                          0x08013475   Thumb Code     0  cfcmple.o(.text)
    __aeabi_cfcmple                          0x08013475   Thumb Code    20  cfcmple.o(.text)
    __aeabi_cfrcmple                         0x08013489   Thumb Code    20  cfrcmple.o(.text)
    __aeabi_uidiv                            0x0801349d   Thumb Code     0  uidiv.o(.text)
    __aeabi_uidivmod                         0x0801349d   Thumb Code    44  uidiv.o(.text)
    __aeabi_llsl                             0x080134c9   Thumb Code    30  llshl.o(.text)
    _ll_shift_l                              0x080134c9   Thumb Code     0  llshl.o(.text)
    __aeabi_llsr                             0x080134e7   Thumb Code    32  llushr.o(.text)
    _ll_ushift_r                             0x080134e7   Thumb Code     0  llushr.o(.text)
    __aeabi_lasr                             0x08013507   Thumb Code    36  llsshr.o(.text)
    _ll_sshift_r                             0x08013507   Thumb Code     0  llsshr.o(.text)
    __I$use$fp                               0x0801352b   Thumb Code     0  iusefp.o(.text)
    _float_round                             0x0801352b   Thumb Code    18  fepilogue.o(.text)
    _float_epilogue                          0x0801353d   Thumb Code    92  fepilogue.o(.text)
    _double_round                            0x08013599   Thumb Code    30  depilogue.o(.text)
    _double_epilogue                         0x080135b7   Thumb Code   156  depilogue.o(.text)
    __scatterload                            0x08013655   Thumb Code    28  init.o(.text)
    __scatterload_rt2                        0x08013655   Thumb Code     0  init.o(.text)
    __decompress                             0x08013679   Thumb Code     0  __dczerorl2.o(.text)
    __decompress1                            0x08013679   Thumb Code    86  __dczerorl2.o(.text)
    __0printf$3                              0x080136d1   Thumb Code    22  printf3.o(i.__0printf$3)
    __1printf$3                              0x080136d1   Thumb Code     0  printf3.o(i.__0printf$3)
    __2printf                                0x080136d1   Thumb Code     0  printf3.o(i.__0printf$3)
    __scatterload_copy                       0x080136f1   Thumb Code    14  handlers.o(i.__scatterload_copy)
    __scatterload_null                       0x080136ff   Thumb Code     2  handlers.o(i.__scatterload_null)
    __scatterload_zeroinit                   0x08013701   Thumb Code    14  handlers.o(i.__scatterload_zeroinit)
    Chinese_1612                             0x080138c8   Data         192  main.o(.constdata)
    Kan_1612                                 0x08013988   Data         240  main.o(.constdata)
    wo                                       0x08013a78   Data         120  main.o(.constdata)
    asc2_1206                                0x08013bb8   Data        1140  tft_show.o(.constdata)
    MASS_DeviceDescriptor                    0x0801402c   Data          18  usb_desc.o(.constdata)
    MASS_ConfigDescriptor                    0x0801403e   Data          32  usb_desc.o(.constdata)
    MASS_StringLangID                        0x0801405e   Data           4  usb_desc.o(.constdata)
    MASS_StringVendor                        0x08014062   Data          38  usb_desc.o(.constdata)
    MASS_StringProduct                       0x08014088   Data          38  usb_desc.o(.constdata)
    MASS_StringInterface                     0x080140ae   Data          16  usb_desc.o(.constdata)
    Region$$Table$$Base                      0x080140c0   Number         0  anon$$obj.o(Region$$Table)
    Region$$Table$$Limit                     0x080140e0   Number         0  anon$$obj.o(Region$$Table)
    Init_All                                 0x20000018   Data           1  main.o(.data)
    Xs                                       0x2000001a   Data           2  main.o(.data)
    Ys                                       0x2000001c   Data           2  main.o(.data)
    X1                                       0x2000001e   Data           2  main.o(.data)
    Y1                                       0x20000020   Data           2  main.o(.data)
    ShowMode                                 0x20000022   Data           1  main.o(.data)
    stic                                     0x20000023   Data           1  main.o(.data)
    angx                                     0x20000024   Data           4  main.o(.data)
    comx                                     0x20000028   Data           4  main.o(.data)
    qx                                       0x2000002c   Data           4  main.o(.data)
    angy                                     0x20000030   Data           4  main.o(.data)
    comy                                     0x20000034   Data           4  main.o(.data)
    qy                                       0x20000038   Data           4  main.o(.data)
    qz                                       0x2000003c   Data           4  main.o(.data)
    AngX                                     0x20000040   Data           4  main.o(.data)
    AngY                                     0x20000044   Data           4  main.o(.data)
    AngZ                                     0x20000048   Data           4  main.o(.data)
    AdAng                                    0x2000004c   Data           1  main.o(.data)
    PM1                                      0x2000004e   Data           2  main.o(.data)
    PM2                                      0x20000050   Data           2  main.o(.data)
    PM3                                      0x20000052   Data           2  main.o(.data)
    PM4                                      0x20000054   Data           2  main.o(.data)
    PMM                                      0x20000056   Data           2  main.o(.data)
    MaxMM                                    0x20000058   Data           2  main.o(.data)
    MinPWM                                   0x2000005a   Data           2  main.o(.data)
    MaxPWM                                   0x2000005c   Data           2  main.o(.data)
    MON                                      0x2000005e   Data           1  main.o(.data)
    PWM4                                     0x20000060   Data           2  main.o(.data)
    Last_PWM4                                0x20000062   Data           2  main.o(.data)
    timetic                                  0x20000064   Data           2  main.o(.data)
    leng                                     0x20000068   Data           4  main.o(.data)
    speed1                                   0x2000006c   Data           2  main.o(.data)
    frequency0                               0x20000086   Data           2  timcap.o(.data)
    percent0                                 0x20000088   Data           2  timcap.o(.data)
    frequency1                               0x2000008a   Data           2  timcap.o(.data)
    percent1                                 0x2000008c   Data           2  timcap.o(.data)
    frequency2                               0x2000008e   Data           2  timcap.o(.data)
    percent2                                 0x20000090   Data           2  timcap.o(.data)
    frequency3                               0x20000092   Data           2  timcap.o(.data)
    percent3                                 0x20000094   Data           2  timcap.o(.data)
    RxCounter1                               0x2000018c   Data           1  usart.o(.data)
    RxBuffer1                                0x2000018d   Data         100  usart.o(.data)
    A                                        0x200001f8   Data           2  motor.o(.data)
    B                                        0x200001fa   Data           2  motor.o(.data)
    C                                        0x200001fc   Data           2  motor.o(.data)
    DataVar                                  0x20000208   Data           2  eeprom.o(.data)
    CurWrAddress                             0x2000020c   Data           4  eeprom.o(.data)
    VirtAddVarTab                            0x2000022c   Data           6  mpu6050.o(.data)
    SrcBuffer                                0x20000270   Data           4  sdio_sdcard.o(.data)
    DestBuffer                               0x20000274   Data           4  sdio_sdcard.o(.data)
    TransferError                            0x20000278   Data           1  sdio_sdcard.o(.data)
    TransferEnd                              0x2000027c   Data           4  sdio_sdcard.o(.data)
    NumberOfBytes                            0x20000280   Data           4  sdio_sdcard.o(.data)
    Mass_Blck_Size                           0x20000284   Data           4  diskio.o(.data)
    Mass_Blck_Count                          0x20000288   Data           4  diskio.o(.data)
    Menu_Sign                                0x20000298   Data           1  tft_m.o(.data)
    Menu_Step                                0x20000299   Data           1  tft_m.o(.data)
    StatusInfo                               0x200002a8   Data           2  usb_core.o(.data)
    Data_Mul_MaxPacketSize                   0x200002aa   Data           1  usb_core.o(.data)
    EPindex                                  0x200002ac   Data           1  usb_init.o(.data)
    pInformation                             0x200002b0   Data           4  usb_init.o(.data)
    pProperty                                0x200002b4   Data           4  usb_init.o(.data)
    SaveState                                0x200002b8   Data           2  usb_init.o(.data)
    wInterrupt_Mask                          0x200002ba   Data           2  usb_init.o(.data)
    pUser_Standard_Requests                  0x200002bc   Data           4  usb_init.o(.data)
    SaveRState                               0x200002c0   Data           2  usb_int.o(.data)
    SaveTState                               0x200002c2   Data           2  usb_int.o(.data)
    Mass_Memory_Size                         0x200002c4   Data           8  mass_mal.o(.data)
    Mass_Block_Size                          0x200002cc   Data           8  mass_mal.o(.data)
    Mass_Block_Count                         0x200002d4   Data           8  mass_mal.o(.data)
    Status                                   0x200002dc   Data           4  mass_mal.o(.data)
    dis_mem                                  0x200002e0   Data           1  mass_mal.o(.data)
    Block_Read_count                         0x200002e4   Data           4  memory.o(.data)
    Block_offset                             0x200002e8   Data           4  memory.o(.data)
    Counter                                  0x200002ec   Data           4  memory.o(.data)
    Idx                                      0x200002f0   Data           4  memory.o(.data)
    TransferState                            0x200002f4   Data           1  memory.o(.data)
    Page00_Inquiry_Data                      0x20000308   Data           5  scsi_data.o(.data)
    Standard_Inquiry_Data                    0x2000030d   Data          36  scsi_data.o(.data)
    Standard_Inquiry_Data2                   0x20000331   Data          36  scsi_data.o(.data)
    Mode_Sense6_data                         0x20000355   Data           4  scsi_data.o(.data)
    Mode_Sense10_data                        0x20000359   Data           8  scsi_data.o(.data)
    Scsi_Sense_Data                          0x20000361   Data          18  scsi_data.o(.data)
    ReadCapacity10_Data                      0x20000373   Data           8  scsi_data.o(.data)
    ReadFormatCapacity_Data                  0x2000037b   Data          12  scsi_data.o(.data)
    Bot_State                                0x20000388   Data           1  usb_bot.o(.data)
    Data_Len                                 0x2000038a   Data           2  usb_bot.o(.data)
    SCSI_LBA                                 0x2000038c   Data           4  usb_bot.o(.data)
    SCSI_BlkLen                              0x20000390   Data           4  usb_bot.o(.data)
    MASS_StringSerial                        0x20000394   Data          26  usb_desc.o(.data)
    wIstr                                    0x200003b0   Data           2  usb_istr.o(.data)
    bIntPackSOF                              0x200003b2   Data           1  usb_istr.o(.data)
    pEpInt_IN                                0x200003b4   Data          28  usb_istr.o(.data)
    pEpInt_OUT                               0x200003d0   Data          28  usb_istr.o(.data)
    Max_Lun                                  0x200003ec   Data           4  usb_prop.o(.data)
    Device_Table                             0x200003f0   Data           2  usb_prop.o(.data)
    Device_Property                          0x200003f4   Data          48  usb_prop.o(.data)
    User_Standard_Requests                   0x20000424   Data          36  usb_prop.o(.data)
    Device_Descriptor                        0x20000448   Data           8  usb_prop.o(.data)
    Config_Descriptor                        0x20000450   Data           8  usb_prop.o(.data)
    String_Descriptor                        0x20000458   Data          40  usb_prop.o(.data)
    bDeviceState                             0x20000480   Data           4  usb_pwr.o(.data)
    fSuspendEnabled                          0x20000484   Data           1  usb_pwr.o(.data)
    ResumeS                                  0x20000485   Data           2  usb_pwr.o(.data)
    __stdout                                 0x20000488   Data           4  stdout.o(.data)
    picda_0                                  0x2000048c   Data         480  main.o(.bss)
    picda_1                                  0x2000066c   Data         480  main.o(.bss)
    rwdate                                   0x2000091e   Data          24  mpu6050.o(.bss)
    mpu6050_buffer                           0x20000936   Data          14  mpu6050.o(.bss)
    SDCardInfo                               0x20000964   Data          80  sdio_sdcard.o(.bss)
    SDIO_InitStructure                       0x200009b4   Data          24  sdio_sdcard.o(.bss)
    SDIO_CmdInitStructure                    0x200009cc   Data          20  sdio_sdcard.o(.bss)
    SDIO_DataInitStructure                   0x200009e0   Data          24  sdio_sdcard.o(.bss)
    Sldat                                    0x200009f8   Data         160  slider.o(.bss)
    But0                                     0x20000a98   Data         320  button.o(.bss)
    But1                                     0x20000bd8   Data         140  button.o(.bss)
    But2                                     0x20000c64   Data         220  button.o(.bss)
    But3                                     0x20000d40   Data         420  button.o(.bss)
    PWin                                     0x20000ee4   Data        3264  windowp.o(.bss)
    Device_Info                              0x20001ba4   Data          28  usb_init.o(.bss)
    Buffer_Block_Tx                          0x20001bc0   Data         512  mass_mal.o(.bss)
    Buffer_Block_Rx                          0x20001dc0   Data         512  mass_mal.o(.bss)
    Buffer_MultiBlock_Tx                     0x20001fc0   Data        1024  mass_mal.o(.bss)
    Buffer_MultiBlock_Rx                     0x200023c0   Data        1024  mass_mal.o(.bss)
    Data_Buffer                              0x200027c0   Data         512  memory.o(.bss)
    Bulk_Data_Buff                           0x200029c0   Data          64  usb_bot.o(.bss)
    CBW                                      0x20002a00   Data          32  usb_bot.o(.bss)
    CSW                                      0x20002a20   Data          16  usb_bot.o(.bss)
    __initial_sp                             0x20002c30   Data           0  startup_stm32f10x_hd.o(STACK)



==============================================================================

Memory Map of the image

  Image Entry point : 0x08000131

  Load Region LR_IROM1 (Base: 0x08000000, Size: 0x0001456c, Max: 0x00080000, ABSOLUTE, COMPRESSED[0x000141e0])

    Execution Region ER_IROM1 (Base: 0x08000000, Size: 0x000140e0, Max: 0x00080000, ABSOLUTE)

    Base Addr    Size         Type   Attr      Idx    E Section Name        Object

    0x08000000   0x00000130   Data   RO          307    RESET               startup_stm32f10x_hd.o
    0x08000130   0x00000000   Code   RO         1412  * .ARM.Collect$$$$00000000  mc_w.l(entry.o)
    0x08000130   0x00000004   Code   RO         1710    .ARM.Collect$$$$00000001  mc_w.l(entry2.o)
    0x08000134   0x00000004   Code   RO         1713    .ARM.Collect$$$$00000004  mc_w.l(entry5.o)
    0x08000138   0x00000000   Code   RO         1715    .ARM.Collect$$$$00000008  mc_w.l(entry7b.o)
    0x08000138   0x00000000   Code   RO         1717    .ARM.Collect$$$$0000000A  mc_w.l(entry8b.o)
    0x08000138   0x00000008   Code   RO         1718    .ARM.Collect$$$$0000000B  mc_w.l(entry9a.o)
    0x08000140   0x00000000   Code   RO         1720    .ARM.Collect$$$$0000000D  mc_w.l(entry10a.o)
    0x08000140   0x00000000   Code   RO         1722    .ARM.Collect$$$$0000000F  mc_w.l(entry11a.o)
    0x08000140   0x00000004   Code   RO         1711    .ARM.Collect$$$$00002712  mc_w.l(entry2.o)
    0x08000144   0x000000dc   Code   RO            1    .text               misc.o
    0x08000220   0x00000330   Code   RO           79    .text               stm32f10x_gpio.o
    0x08000550   0x000003a0   Code   RO           91    .text               stm32f10x_rcc.o
    0x080008f0   0x00000370   Code   RO          105    .text               stm32f10x_usart.o
    0x08000c60   0x0000052c   Code   RO          117    .text               stm32f10x_flash.o
    0x0800118c   0x00000140   Code   RO          129    .text               stm32f10x_exti.o
    0x080012cc   0x000001c8   Code   RO          141    .text               stm32f10x_sdio.o
    0x08001494   0x00000240   Code   RO          153    .text               stm32f10x_dma.o
    0x080016d4   0x00000bc6   Code   RO          165    .text               stm32f10x_tim.o
    0x0800229a   0x00000002   PAD
    0x0800229c   0x00000604   Code   RO          177    .text               stm32f10x_fsmc.o
    0x080028a0   0x00000300   Code   RO          225    .text               stm32f10x_spi.o
    0x08002ba0   0x00000030   Code   RO          308    .text               startup_stm32f10x_hd.o
    0x08002bd0   0x000003ec   Code   RO          312    .text               main.o
    0x08002fbc   0x0000003c   Code   RO          464    .text               stm32f10x_it.o
    0x08002ff8   0x000000c8   Code   RO          485    .text               gpio.o
    0x080030c0   0x000000b0   Code   RO          500    .text               delay.o
    0x08003170   0x00000bc8   Code   RO          517    .text               pwm.o
    0x08003d38   0x00000364   Code   RO          555    .text               spi.o
    0x0800409c   0x00002054   Code   RO          572    .text               timcap.o
    0x080060f0   0x0000033c   Code   RO          604    .text               timer.o
    0x0800642c   0x000005e4   Code   RO          667    .text               usart.o
    0x08006a10   0x0000034c   Code   RO          739    .text               motor.o
    0x08006d5c   0x000004d8   Code   RO          758    .text               eeprom.o
    0x08007234   0x0000037c   Code   RO          777    .text               stm32_i2c.o
    0x080075b0   0x00000ad4   Code   RO          792    .text               mpu6050.o
    0x08008084   0x00002320   Code   RO          812    .text               sdio_sdcard.o
    0x0800a3a4   0x0000015c   Code   RO          831    .text               diskio.o
    0x0800a500   0x00001a5a   Code   RO          852    .text               ff.o
    0x0800bf5a   0x00000002   PAD
    0x0800bf5c   0x00000500   Code   RO          872    .text               lcd_dis24.o
    0x0800c45c   0x0000016c   Code   RO          890    .text               fsmc_tft.o
    0x0800c5c8   0x00000258   Code   RO          905    .text               xpt2046.o
    0x0800c820   0x00001298   Code   RO          948    .text               tft_m.o
    0x0800dab8   0x00000dd2   Code   RO          985    .text               tft_show.o
    0x0800e88a   0x00000002   PAD
    0x0800e88c   0x00000700   Code   RO         1006    .text               slider.o
    0x0800ef8c   0x00000ee8   Code   RO         1021    .text               button.o
    0x0800fe74   0x000007e8   Code   RO         1053    .text               windowp.o
    0x0801065c   0x00000b50   Code   RO         1069    .text               usb_core.o
    0x080111ac   0x0000033c   Code   RO         1137    .text               usb_int.o
    0x080114e8   0x0000005c   Code   RO         1161    .text               usb_mem.o
    0x08011544   0x00000808   Code   RO         1173    .text               usb_regs.o
    0x08011d4c   0x00000080   Code   RO         1185    .text               usb_sil.o
    0x08011dcc   0x00000130   Code   RO         1197    .text               hw_config.o
    0x08011efc   0x000001c4   Code   RO         1232    .text               mass_mal.o
    0x080120c0   0x00000228   Code   RO         1249    .text               memory.o
    0x080122e8   0x0000044c   Code   RO         1291    .text               usb_bot.o
    0x08012734   0x00000010   Code   RO         1321    .text               usb_endp.o
    0x08012744   0x00000050   Code   RO         1336    .text               usb_istr.o
    0x08012794   0x0000026c   Code   RO         1354    .text               usb_prop.o
    0x08012a00   0x00000148   Code   RO         1381    .text               usb_pwr.o
    0x08012b48   0x0000041c   Code   RO         1399    .text               usb_scsi.o
    0x08012f64   0x00000024   Code   RO         1415    .text               mc_w.l(memcpya.o)
    0x08012f88   0x000000b0   Code   RO         1680    .text               mf_w.l(fadd.o)
    0x08013038   0x00000064   Code   RO         1682    .text               mf_w.l(fmul.o)
    0x0801309c   0x0000007c   Code   RO         1684    .text               mf_w.l(fdiv.o)
    0x08013118   0x0000014e   Code   RO         1686    .text               mf_w.l(dadd.o)
    0x08013266   0x000000e4   Code   RO         1688    .text               mf_w.l(dmul.o)
    0x0801334a   0x00000012   Code   RO         1690    .text               mf_w.l(fflti.o)
    0x0801335c   0x0000000a   Code   RO         1692    .text               mf_w.l(ffltui.o)
    0x08013366   0x00000022   Code   RO         1694    .text               mf_w.l(dflti.o)
    0x08013388   0x00000032   Code   RO         1696    .text               mf_w.l(ffixi.o)
    0x080133ba   0x00000028   Code   RO         1698    .text               mf_w.l(ffixui.o)
    0x080133e2   0x00000032   Code   RO         1700    .text               mf_w.l(dfixui.o)
    0x08013414   0x00000026   Code   RO         1702    .text               mf_w.l(f2d.o)
    0x0801343a   0x00000038   Code   RO         1704    .text               mf_w.l(d2f.o)
    0x08013472   0x00000002   PAD
    0x08013474   0x00000014   Code   RO         1706    .text               mf_w.l(cfcmple.o)
    0x08013488   0x00000014   Code   RO         1708    .text               mf_w.l(cfrcmple.o)
    0x0801349c   0x0000002c   Code   RO         1725    .text               mc_w.l(uidiv.o)
    0x080134c8   0x0000001e   Code   RO         1729    .text               mc_w.l(llshl.o)
    0x080134e6   0x00000020   Code   RO         1731    .text               mc_w.l(llushr.o)
    0x08013506   0x00000024   Code   RO         1733    .text               mc_w.l(llsshr.o)
    0x0801352a   0x00000000   Code   RO         1735    .text               mc_w.l(iusefp.o)
    0x0801352a   0x0000006e   Code   RO         1736    .text               mf_w.l(fepilogue.o)
    0x08013598   0x000000ba   Code   RO         1738    .text               mf_w.l(depilogue.o)
    0x08013652   0x00000002   PAD
    0x08013654   0x00000024   Code   RO         1746    .text               mc_w.l(init.o)
    0x08013678   0x00000056   Code   RO         1756    .text               mc_w.l(__dczerorl2.o)
    0x080136ce   0x00000002   PAD
    0x080136d0   0x00000020   Code   RO         1508    i.__0printf$3       mc_w.l(printf3.o)
    0x080136f0   0x0000000e   Code   RO         1750    i.__scatterload_copy  mc_w.l(handlers.o)
    0x080136fe   0x00000002   Code   RO         1751    i.__scatterload_null  mc_w.l(handlers.o)
    0x08013700   0x0000000e   Code   RO         1752    i.__scatterload_zeroinit  mc_w.l(handlers.o)
    0x0801370e   0x00000002   PAD
    0x08013710   0x000001b8   Code   RO         1515    i._printf_core      mc_w.l(printf3.o)
    0x080138c8   0x000002f0   Data   RO          314    .constdata          main.o
    0x08013bb8   0x00000474   Data   RO          986    .constdata          tft_show.o
    0x0801402c   0x00000092   Data   RO         1308    .constdata          usb_desc.o
    0x080140be   0x00000002   PAD
    0x080140c0   0x00000020   Data   RO         1748    Region$$Table       anon$$obj.o


    Execution Region RW_IRAM1 (Base: 0x20000000, Size: 0x00002c30, Max: 0x00010000, ABSOLUTE, COMPRESSED[0x00000100])

    Base Addr    Size         Type   Attr      Idx    E Section Name        Object

    0x20000000   0x00000014   Data   RW           92    .data               stm32f10x_rcc.o
    0x20000014   0x0000005a   Data   RW          315    .data               main.o
    0x2000006e   0x00000004   Data   RW          501    .data               delay.o
    0x20000072   0x00000004   Data   RW          519    .data               pwm.o
    0x20000076   0x00000116   Data   RW          573    .data               timcap.o
    0x2000018c   0x00000065   Data   RW          668    .data               usart.o
    0x200001f1   0x00000003   PAD
    0x200001f4   0x00000014   Data   RW          740    .data               motor.o
    0x20000208   0x00000008   Data   RW          759    .data               eeprom.o
    0x20000210   0x0000004c   Data   RW          794    .data               mpu6050.o
    0x2000025c   0x00000028   Data   RW          814    .data               sdio_sdcard.o
    0x20000284   0x00000008   Data   RW          832    .data               diskio.o
    0x2000028c   0x00000008   Data   RW          853    .data               ff.o
    0x20000294   0x0000000e   Data   RW          949    .data               tft_m.o
    0x200002a2   0x00000006   Data   RW         1023    .data               button.o
    0x200002a8   0x00000003   Data   RW         1070    .data               usb_core.o
    0x200002ab   0x00000001   PAD
    0x200002ac   0x00000014   Data   RW         1116    .data               usb_init.o
    0x200002c0   0x00000004   Data   RW         1138    .data               usb_int.o
    0x200002c4   0x0000001d   Data   RW         1234    .data               mass_mal.o
    0x200002e1   0x00000003   PAD
    0x200002e4   0x00000024   Data   RW         1251    .data               memory.o
    0x20000308   0x0000007f   Data   RW         1279    .data               scsi_data.o
    0x20000387   0x00000001   PAD
    0x20000388   0x0000000c   Data   RW         1293    .data               usb_bot.o
    0x20000394   0x0000001a   Data   RW         1309    .data               usb_desc.o
    0x200003ae   0x00000002   PAD
    0x200003b0   0x0000003c   Data   RW         1337    .data               usb_istr.o
    0x200003ec   0x00000094   Data   RW         1355    .data               usb_prop.o
    0x20000480   0x00000007   Data   RW         1382    .data               usb_pwr.o
    0x20000487   0x00000001   PAD
    0x20000488   0x00000004   Data   RW         1724    .data               mc_w.l(stdout.o)
    0x2000048c   0x000003c0   Zero   RW          313    .bss                main.o
    0x2000084c   0x0000009c   Zero   RW          518    .bss                pwm.o
    0x200008e8   0x00000036   Zero   RW          556    .bss                spi.o
    0x2000091e   0x00000026   Zero   RW          793    .bss                mpu6050.o
    0x20000944   0x000000b4   Zero   RW          813    .bss                sdio_sdcard.o
    0x200009f8   0x000000a0   Zero   RW         1007    .bss                slider.o
    0x20000a98   0x0000044c   Zero   RW         1022    .bss                button.o
    0x20000ee4   0x00000cc0   Zero   RW         1054    .bss                windowp.o
    0x20001ba4   0x0000001c   Zero   RW         1115    .bss                usb_init.o
    0x20001bc0   0x00000c00   Zero   RW         1233    .bss                mass_mal.o
    0x200027c0   0x00000200   Zero   RW         1250    .bss                memory.o
    0x200029c0   0x00000070   Zero   RW         1292    .bss                usb_bot.o
    0x20002a30   0x00000200   Zero   RW          305    STACK               startup_stm32f10x_hd.o


==============================================================================

Image component sizes


      Code (inc. data)   RO Data    RW Data    ZI Data      Debug   Object Name

      3816         64          0          6       1100       6245   button.o
         0          0          0          0          0         32   core_cm3.o
       176          8          0          4          0       1007   delay.o
       348         42          0          8          0       3999   diskio.o
      1240         40          0          8          0       5050   eeprom.o
      6746         48          0          8          0      22232   ff.o
       364         12          0          0          0       1560   fsmc_tft.o
       200         30          0          0          0        967   gpio.o
       304         22          0          0          0       2735   hw_config.o
      1280         24          0          0          0       3906   lcd_dis24.o
      1004        320        752         90        960      17164   main.o
       452         30          0         29       3072       3090   mass_mal.o
       552         60          0         36        512       3298   memory.o
       220         22          0          0          0     293129   misc.o
       844         88          0         20          0       1605   motor.o
      2772        214          0         76         38       5864   mpu6050.o
      3016        100          0          4        156      14220   pwm.o
         0          0          0        127          0       1058   scsi_data.o
      8992        374          0         40        180      26748   sdio_sdcard.o
      1792         10          0          0        160       2541   slider.o
       868         40          0          0         54       3272   spi.o
        48         12        304          0        512        824   startup_stm32f10x_hd.o
       892          4          0          0          0       3673   stm32_i2c.o
       576         16          0          0          0       3447   stm32f10x_dma.o
       320         14          0          0          0       2111   stm32f10x_exti.o
      1324         34          0          0          0       7070   stm32f10x_flash.o
      1540         16          0          0          0       5267   stm32f10x_fsmc.o
       816         18          0          0          0       5095   stm32f10x_gpio.o
        60          0          0          0          0       1690   stm32f10x_it.o
       928         36          0         20          0       8724   stm32f10x_rcc.o
       456         22          0          0          0       6908   stm32f10x_sdio.o
       768          6          0          0          0       6238   stm32f10x_spi.o
      3014         16          0          0          0      23800   stm32f10x_tim.o
       880         12          0          0          0       7711   stm32f10x_usart.o
      4760        462          0         14          0       6417   tft_m.o
      3538          4       1140          0          0      13138   tft_show.o
      8276       1020          0        278          0      18976   timcap.o
       828         28          0          0          0       2331   timer.o
      1508         66          0        101          0       4514   usart.o
      1100         60          0         12        112       2793   usb_bot.o
      2896        114          0          3          0      19567   usb_core.o
         0          0        146         26          0        964   usb_desc.o
        16          0          0          0          0        591   usb_endp.o
         0          0          0         20         28       3599   usb_init.o
       828         34          0          4          0       1899   usb_int.o
        80         18          0         60          0       1336   usb_istr.o
        92          6          0          0          0       1382   usb_mem.o
       620         48          0        148          0       7028   usb_prop.o
       328         22          0          7          0       2661   usb_pwr.o
      2056         20          0          0          0      11693   usb_regs.o
      1052         48          0          0          0       4786   usb_scsi.o
       128          8          0          0          0       1410   usb_sil.o
      2024         10          0          0       3264       2871   windowp.o
       600         10          0          0          0       2463   xpt2046.o

    ----------------------------------------------------------------------
     77344       3732       2376       1160      10148     612699   Object Totals
         0          0         32          0          0          0   (incl. Generated)
         6          0          2         11          0          0   (incl. Padding)

    ----------------------------------------------------------------------

      Code (inc. data)   RO Data    RW Data    ZI Data      Debug   Library Member Name

        86          0          0          0          0          0   __dczerorl2.o
         0          0          0          0          0          0   entry.o
         0          0          0          0          0          0   entry10a.o
         0          0          0          0          0          0   entry11a.o
         8          4          0          0          0          0   entry2.o
         4          0          0          0          0          0   entry5.o
         0          0          0          0          0          0   entry7b.o
         0          0          0          0          0          0   entry8b.o
         8          4          0          0          0          0   entry9a.o
        30          0          0          0          0          0   handlers.o
        36          8          0          0          0         68   init.o
         0          0          0          0          0          0   iusefp.o
        30          0          0          0          0         68   llshl.o
        36          0          0          0          0         68   llsshr.o
        32          0          0          0          0         68   llushr.o
        36          0          0          0          0         68   memcpya.o
       472         14          0          0          0        184   printf3.o
         0          0          0          4          0          0   stdout.o
        44          0          0          0          0         80   uidiv.o
        20          0          0          0          0         68   cfcmple.o
        20          0          0          0          0         68   cfrcmple.o
        56          0          0          0          0         88   d2f.o
       334          0          0          0          0        148   dadd.o
       186          0          0          0          0        176   depilogue.o
        50          0          0          0          0         76   dfixui.o
        34          0          0          0          0         76   dflti.o
       228          0          0          0          0         96   dmul.o
        38          0          0          0          0         68   f2d.o
       176          0          0          0          0        140   fadd.o
       124          0          0          0          0         88   fdiv.o
       110          0          0          0          0        168   fepilogue.o
        50          0          0          0          0         68   ffixi.o
        40          0          0          0          0         68   ffixui.o
        18          0          0          0          0         68   fflti.o
        10          0          0          0          0         68   ffltui.o
       100          0          0          0          0         76   fmul.o

    ----------------------------------------------------------------------
      2424         30          0          4          0       2212   Library Totals
         8          0          0          0          0          0   (incl. Padding)

    ----------------------------------------------------------------------

      Code (inc. data)   RO Data    RW Data    ZI Data      Debug   Library Name

       822         30          0          4          0        604   mc_w.l
      1594          0          0          0          0       1608   mf_w.l

    ----------------------------------------------------------------------
      2424         30          0          4          0       2212   Library Totals

    ----------------------------------------------------------------------

==============================================================================


      Code (inc. data)   RO Data    RW Data    ZI Data      Debug   

     79768       3762       2376       1164      10148     609319   Grand Totals
     79768       3762       2376        256      10148     609319   ELF Image Totals (compressed)
     79768       3762       2376        256          0          0   ROM Totals

==============================================================================

    Total RO  Size (Code + RO Data)                82144 (  80.22kB)
    Total RW  Size (RW Data + ZI Data)             11312 (  11.05kB)
    Total ROM Size (Code + RO Data + RW Data)      82400 (  80.47kB)

==============================================================================

